04-14 14:46:25.899  1829  3294 W ContextImpl: Calling a method in the system process without a qualified user: android.app.ContextImpl.sendBroadcast:1208 android.content.ContextWrapper.sendBroadcast:515 w3.n.u0:4 w3.n.t0:1 w3.n$d.handleMessage:3 
04-14 14:46:25.908  1829  2395 V BroadcastQueue: parallel background broadcast:(BroadcastRecord{f3a6695 u0 android.intent.action.PACKAGE_RESTARTED}) should be proxyed, target:(BroadcastFilter{5f7ad4a 10135/u0 ReceiverList{9bbf2b5 28734 com.google.android.gms.persistent/10135/u0 remote:6378eec}})
04-14 14:46:25.911  1829  2395 W BroadcastQueue: Skipping deliver [background] BroadcastRecord{965ce2e u0 android.intent.action.PACKAGE_REPLACED} to ReceiverList{526e0bf 8430 com.coloros.weather2/10261/u0 remote:124a6de}: process gone or crashing
04-14 14:46:25.911  1829  2395 W BroadcastQueue: Process state: app.isKilled = true app.mErrorState.isCrashing = false
04-14 14:46:25.912  1829  3645 I ActivityManager: Process com.android.keychain (pid 15853) has died: cch+45 CEM 
04-14 14:46:25.917  1829  3645 W ActivityManager: Process 7691 does not match uid 10051 ignore setting hits oom adj
04-14 14:46:25.917  1829  3645 W ActivityManager: Process 14795 does not match uid 10172 ignore setting hits oom adj
04-14 14:46:25.922  1829  5405 I ActivityManager: Process com.oplus.safecenter (pid 15904) has died: cch+35 CEM 
04-14 14:46:25.923  1829  3887 I OplusAppSwitchManagerService: hanldeBinderDied
04-14 14:46:25.923  1829  3810 I OplusSplitScreenManagerService: CSWMS: binderDied, mObserverId = 238174369
04-14 14:46:25.923  1829  3887 I OplusAppSwitchManagerService: appswitch unregisterAppSwitchObserver pkgName = com.oplus.games config = OplusAppSwitchConfig = {  mConfigs = {2=[TOM@@tencent@@tmgp@@sgame, TOM@@tencent@@tmgp@@pubgmhd, TOM@@tencent@@lolm, TOM@@happyelements@@AndroidAnimal, TOM@@minitech@@miniworld@@nearme@@gamecenter, TOM@@android@@launcher]} observerFingerPrint = 167244040}
04-14 14:46:25.926  1829  3887 I OplusAppSwitchStateDispatcher: unregisterAppSwitchObserver ok, pkgName = com.oplus.games info = OplusAppSwitchRuleInfo = {  observer = null observerFingerPrint = 167244040}
04-14 14:46:25.932  1829  5405 W ActivityManager: Process 15882 does not match uid 10198 ignore setting hits oom adj
04-14 14:46:25.932  1829  5405 W ActivityManager: Process 14905 does not match uid 10316 ignore setting hits oom adj
04-14 14:46:25.932  1829  5405 W ActivityManager: Process 1229 does not match uid 10151 ignore setting hits oom adj
04-14 14:46:25.934  1829  5405 I ActivityManager: Process com.coloros.alarmclock:clockWidget (pid 15747) has died: cch+25 CEM 
04-14 14:46:25.939  1829  5405 W ActivityManager: Process 8884 does not match uid 10182 ignore setting hits oom adj
04-14 14:46:25.939  1829  5405 W ActivityManager: Process 8443 does not match uid 10164 ignore setting hits oom adj
04-14 14:46:25.939  1829  5405 W ActivityManager: Process 8368 does not match uid 10333 ignore setting hits oom adj
04-14 14:46:25.939  1829  5405 W ActivityManager: Process 13007 does not match uid 10344 ignore setting hits oom adj
04-14 14:46:25.940  1829  5405 W ActivityManager: Process 15882 does not match uid 10198 ignore setting hits oom adj
04-14 14:46:25.940  1829  5405 W ActivityManager: Process 7691 does not match uid 10051 ignore setting hits oom adj
04-14 14:46:25.940  1829  5405 W ActivityManager: Process 14905 does not match uid 10316 ignore setting hits oom adj
04-14 14:46:25.943  1829  5405 W ActivityManager: Process 14795 does not match uid 10172 ignore setting hits oom adj
04-14 14:46:25.944  1829  5405 W ActivityManager: Process 1229 does not match uid 10151 ignore setting hits oom adj
04-14 14:46:25.946  1829  5405 I ActivityManager: Process com.android.mms (pid 8884) has died: cch+15 SVC 
04-14 14:46:25.948  1829  5405 W ActivityManager: Process 8443 does not match uid 10164 ignore setting hits oom adj
04-14 14:46:25.948  1829  5405 W ActivityManager: Process 8368 does not match uid 10333 ignore setting hits oom adj
04-14 14:46:25.948  1829  5405 W ActivityManager: Process 13007 does not match uid 10344 ignore setting hits oom adj
04-14 14:46:25.949  1829  5405 W ActivityManager: Process 15882 does not match uid 10198 ignore setting hits oom adj
04-14 14:46:25.949  1829  5405 W ActivityManager: Process 7691 does not match uid 10051 ignore setting hits oom adj
04-14 14:46:25.949  1829  5405 W ActivityManager: Process 14905 does not match uid 10316 ignore setting hits oom adj
04-14 14:46:25.949  1829  5405 W ActivityManager: Process 14795 does not match uid 10172 ignore setting hits oom adj
04-14 14:46:25.949  1829  5405 W ActivityManager: Process 1229 does not match uid 10151 ignore setting hits oom adj
04-14 14:46:25.950  1829  1829 W NotificationListeners: Unable to bind notification listener service: Intent { act=android.service.notification.NotificationListenerService cmp=com.oplus.games/com.coloros.gamespaceui.gamedock.NotificationListener (has extras) } in user 0
04-14 14:46:25.950  1829  1829 W NotificationListeners: Not binding notification listener service ComponentInfo{com.coloros.deepthinker/com.coloros.eventhub.listener.NotificationListener}: service not found
04-14 14:46:25.965  1829  3850 I TaskOrganizerController: onTaskInfoChanged taskid 494 config { mBounds=Rect(0, 0 - 1080, 2400) mAppBounds=Rect(0, 115 - 1080, 2400) mMaxBounds=Rect(0, 0 - 1080, 2400) mDisplayRotation=ROTATION_0 mWindowingMode=fullscreen mDisplayWindowingMode=fullscreen mActivityType=standard mAlwaysOnTop=undefined mRotation=ROTATION_0}
04-14 14:46:25.965  1829  3850 D OplusDexOptimizeManager: Do not in AppLaunchOptList!
04-14 14:46:25.968  1829  3850 I OplusAppSwitchManagerService: appswitch hasProcess ActivityRecord{8aeb7fd u0 com.huawei.works.uat/huawei.w3.ui.welcome.W3SplashScreenActivity} t494}
04-14 14:46:25.968  1829  3850 I OplusJoystickManager: handleApplicationSwitch deprecated!
04-14 14:46:25.968  1829  3821 D OplusAppSwitchListener: Detect com.android.launcher switch to background
04-14 14:46:25.968  1829  3821 D OplusEapManager: mTargetExitName :com.android.launcher
04-14 14:46:25.968  1829  3850 I OplusAppSwitchManagerService: appswitch hasProcess ActivityRecord{8aeb7fd u0 com.huawei.works.uat/huawei.w3.ui.welcome.W3SplashScreenActivity} t494}
04-14 14:46:25.969  1829  3850 D ActivityTaskManager: onWindowFocusChanged Task{3309c0 #494 type=standard A=10589:com.huawei.works.uat U=0 visible=true visibleRequested=true mode=fullscreen translucent=false sz=1} would transfer to compact
04-14 14:46:25.971  1829  2311 I TaskOrganizerController: onTaskInfoChanged taskid 494 config { mBounds=Rect(0, 0 - 1080, 2400) mAppBounds=Rect(0, 115 - 1080, 2400) mMaxBounds=Rect(0, 0 - 1080, 2400) mDisplayRotation=ROTATION_0 mWindowingMode=fullscreen mDisplayWindowingMode=fullscreen mActivityType=standard mAlwaysOnTop=undefined mRotation=ROTATION_0}
04-14 14:46:25.972  1829  3037 D OplusFullScreenDisplayManager: adjustWindowParamsLw: com.android.systemui, change system app cutoutMode: oplus always
04-14 14:46:25.972  1829  3645 I ActivityManager: Process com.coloros.calendar (pid 13007) has died: cch+35 CEM 
04-14 14:46:25.973  1829  3037 I WindowManager: addWindow: New client android.os.BinderProxy@c549d14 : window=Window{95b29bd u0 Toast}
04-14 14:46:25.977  1829  3821 D VRR [OPlusFrontAppManager]: OnAppSwitchObserver: onAppExit , info.targetName = com.android.launcher
04-14 14:46:25.978  1829  2566 D VRR [OPlusRefreshRateService]: handleFrontAppChange pkgName: null
04-14 14:46:25.979  1829  2566 D VRR [OPlusExternalRefreshRateManager]: setFrontPackageName pkgName: null CurPkgName: com.android.launcher
04-14 14:46:25.982  1829  4347 D CoreBackPreview: Window{95b29bd u0 Toast}: Setting back callback OnBackInvokedCallbackInfo{mCallback=android.window.IOnBackInvokedCallback$Stub$Proxy@8687680, mPriority=0}
04-14 14:46:25.982  1829  7034 D OplusFullScreenDisplayManager: adjustWindowParamsLw: com.android.systemui, change system app cutoutMode: oplus always
04-14 14:46:25.982  1829  7034 V WindowManager: Relayout Window{95b29bd u0 Toast}: viewVisibility=4, oldvis=4, req=257x158
04-14 14:46:25.983  1829  3821 D OplusAppSwitchListener: Detect com.huawei.works.uat switch to foreground
04-14 14:46:25.983  1829  3821 D OplusEapManager: mTargetEnterName :com.huawei.works.uat
04-14 14:46:25.983  1829  3821 D VRR [OPlusFrontAppManager]: OnAppSwitchObserver: onAppEnter , info.targetName = com.huawei.works.uat
04-14 14:46:25.983  1829  2566 D VRR [OPlusRefreshRateService]: handleFrontAppChange pkgName: com.huawei.works.uat
04-14 14:46:25.983  1829  2566 D VRR [OPlusExternalRefreshRateManager]: setFrontPackageName pkgName: com.huawei.works.uat CurPkgName: null
04-14 14:46:25.985  3691  3806 W ContextImpl: Calling a method in the system process without a qualified user: android.app.ContextImpl.startService:1877 android.content.ContextWrapper.startService:827 r1.c.c:8 r1.c.a:4 r2.b.f:4 
04-14 14:46:25.986  1829  3645 D OplusKeepAliveManager: TOP_APP is ProcessRecord{65f21ab 16218:com.huawei.works.uat/u0a589} uid is 10589
04-14 14:46:25.987  1829  3144 D OAppNetControlService: Hans update:[10344=false][0|0] blackList:[10574]
04-14 14:46:25.988  1829  4748 W PackageManager: package unknown uid 10334 pid 17452 call SetEnabledSetting(com.oplus.cosa component = androidx.work.impl.background.systemjob.SystemJobService, 1, 0)
04-14 14:46:25.988  1829  2398 E OplusThermalStats: Error getting package info: com.huawei.works.uat
04-14 14:46:25.991  1829  3645 W ActivityManager: Process 15882 does not match uid 10198 ignore setting hits oom adj
04-14 14:46:25.991  1829  3645 W ActivityManager: Process 7691 does not match uid 10051 ignore setting hits oom adj
04-14 14:46:25.991  1829  3645 W ActivityManager: Process 14905 does not match uid 10316 ignore setting hits oom adj
04-14 14:46:25.991  1829  3645 W ActivityManager: Process 14795 does not match uid 10172 ignore setting hits oom adj
04-14 14:46:25.991  1829  3645 W ActivityManager: Process 1229 does not match uid 10151 ignore setting hits oom adj
04-14 14:46:25.996  1829  3645 I ActivityManager: Process com.android.contacts (pid 8443) has died: cch+15 SVC 
04-14 14:46:25.997  1829  4347 I OplusAppSwitchManagerService:  handleAppVisible , r = ActivityRecord{8aeb7fd u0 com.huawei.works.uat/huawei.w3.ui.welcome.W3SplashScreenActivity} t494}
04-14 14:46:26.013  1829  3850 V WindowManager: Relayout Window{95b29bd u0 Toast}: viewVisibility=0, oldvis=4, req=484x224
04-14 14:46:26.013  1829  3850 I WindowManager: Window{95b29bd u0 Toast} state from NO_SURFACE to DRAW_PENDING; reason: resetDrawState
04-14 14:46:26.017  1829  4748 V WindowManager: Relayout Window{2bc760f u0 com.android.launcher/com.android.launcher.Launcher}: viewVisibility=8, oldvis=0, req=1080x2400
04-14 14:46:26.027  1829  3645 W ActivityManager: Process 8368 does not match uid 10333 ignore setting hits oom adj
04-14 14:46:26.028  1829  3645 W ActivityManager: Process 15882 does not match uid 10198 ignore setting hits oom adj
04-14 14:46:26.028  1829  3645 W ActivityManager: Process 7691 does not match uid 10051 ignore setting hits oom adj
04-14 14:46:26.028  1829  3645 W ActivityManager: Process 14905 does not match uid 10316 ignore setting hits oom adj
04-14 14:46:26.028  1829  3645 W ActivityManager: Process 14795 does not match uid 10172 ignore setting hits oom adj
04-14 14:46:26.028  1829  3645 W ActivityManager: Process 1229 does not match uid 10151 ignore setting hits oom adj
04-14 14:46:26.029  1829  3656 I ActivityManager: Process com.oplus.stdsp (pid 8368) has died: cch+15 CEM 
04-14 14:46:26.031  1829  4347 I WindowManager: Window{95b29bd u0 Toast} state from DRAW_PENDING to COMMIT_DRAW_PENDING; reason: finishDrawingLocked
04-14 14:46:26.031  1829  4347 D WindowManager: finishDrawingLocked forceApplyNow=false,2,Window{95b29bd u0 Toast}
04-14 14:46:26.034  1829  2311 I WindowManager: Window{95b29bd u0 Toast} state from COMMIT_DRAW_PENDING to READY_TO_SHOW; reason: commitFinishDrawingLocked
04-14 14:46:26.034  1829  2311 I WindowManager: Window{95b29bd u0 Toast} state from READY_TO_SHOW to HAS_DRAWN; reason: performShowLocked
04-14 14:46:26.041  1829  2311 D WindowManager: Acquiring screen wakelock due to Window{95b29bd u0 Toast}
04-14 14:46:26.041  1829  2311 D OplusAONSmartDim: onWakeLockAcquireLocked: lock=10713139, flags=0x2000000a, packageName=android, tag="WindowManager", ws=WorkSource{10105}, uid=1000, pid=1829
04-14 14:46:26.048  1829  3656 W ActivityManager: Process 15882 does not match uid 10198 ignore setting hits oom adj
04-14 14:46:26.048  1829  3656 W ActivityManager: Process 7691 does not match uid 10051 ignore setting hits oom adj
04-14 14:46:26.049  1829  3656 W ActivityManager: Process 14905 does not match uid 10316 ignore setting hits oom adj
04-14 14:46:26.049  1829  3656 W ActivityManager: Process 14795 does not match uid 10172 ignore setting hits oom adj
04-14 14:46:26.049  1829  3656 W ActivityManager: Process 1229 does not match uid 10151 ignore setting hits oom adj
04-14 14:46:26.050  1829  5405 I ActivityManager: Process com.nearme.instant.platform:provider (pid 1229) has died: cch+65 CEM 
04-14 14:46:26.067  1829 12055 D CompatibilityChangeReporter: Compat change id reported: 168419799; UID 1000; state: DISABLED
04-14 14:46:26.067  1829  5321 I ActivityManager: Process com.coloros.oshare (pid 14795) has died: cch+55 CEM 
04-14 14:46:26.077  1829  3810 I WindowManager: Window{2bc760f u0 com.android.launcher/com.android.launcher.Launcher} state from HAS_DRAWN to NO_SURFACE; reason: destroySurface
04-14 14:46:26.077  1829  3645 I ActivityManager: Process com.oplus.pantanal.ums (pid 7691) has died: cch+35 CEM 
04-14 14:46:26.082  1829  3645 W ActivityManager: Process 14905 does not match uid 10316 ignore setting hits oom adj
04-14 14:46:26.083  1829  3656 V ActivityManager: Got obituary of 8430:com.coloros.weather2
04-14 14:46:26.083  1829  3656 V ActivityManager: Got obituary of 7488:com.oplus.games
04-14 14:46:26.084  1829  5321 I ActivityManager: Process com.oplus.linker:app (pid 14905) has died: cch+35 CEM 
04-14 14:46:26.090  1829  5405 I ActivityManager: Process com.opos.ads (pid 15882) has died: cch+25 CEM 
04-14 14:46:26.104  1829  2310 I VRR [OPlusRefreshRateManager]: hasADFRFeature return false
04-14 14:46:26.104  1829  2310 I DisplayManagerService: Comparing display specs: baseModeId=1 allowGroupSwitching=false primaryRefreshRateRange=[0 60] appRequestRefreshRateRange=[0 60] vrrPolicy=POLICY_DEFAULT, existing: baseModeId=1 allowGroupSwitching=false primaryRefreshRateRange=[0 60] appRequestRefreshRateRange=[0 60] vrrPolicy=POLICY_DEFAULT
04-14 14:46:26.140  1829  3879 D CompatibilityChangeReporter: Compat change id reported: 161145287; UID 10334; state: DISABLED
04-14 14:46:26.145  1829  3879 I GameManagerServiceExt: re: 1, Bundle[mParcelledData.dataSize=60] .
04-14 14:46:26.290  1829  3879 I GameManagerServiceExt: re: 1, Bundle[mParcelledData.dataSize=60] .
04-14 14:46:26.422  1829  3879 I GameManagerServiceExt: re: 2, Bundle[mParcelledData.dataSize=10088] .
04-14 14:46:26.422  1829  3879 I GameClassifierImpl: updateGameListInfo 59
04-14 14:46:26.422  1829  3879 I GameClassifierImpl: Game size 0
04-14 14:46:26.423  1829  3879 I GameManagerServiceExt: re: 2, Bundle[mParcelledData.dataSize=10088] .
04-14 14:46:26.423  1829  3879 I GameClassifierImpl: updateGameListInfo 59
04-14 14:46:26.423  1829  3879 I GameClassifierImpl: Game size 0
04-14 14:46:26.454  1829  3037 I GameManagerServiceExt: re: 4, Bundle[mParcelledData.dataSize=5488] .
04-14 14:46:26.454  1829  3879 I GameManagerServiceExt: re: 4, Bundle[mParcelledData.dataSize=5488] .
04-14 14:46:26.903  1829  3037 I GameManagerServiceExt: re: 2, Bundle[mParcelledData.dataSize=10088] .
04-14 14:46:26.903  1829  3037 I GameClassifierImpl: updateGameListInfo 59
04-14 14:46:26.903  1829  3037 I GameClassifierImpl: Game size 0
04-14 14:46:26.975  1829  3133 I GameClassifierUsingOiface: update size: 1
04-14 14:46:26.983  1829  2459 D CameraDelegate: handleMessage MSG_MODE_RECOVERY_BRIGHTNESS
04-14 14:46:27.034  1829  3037 I GameManagerServiceExt: re: 2, Bundle[mParcelledData.dataSize=10260] .
04-14 14:46:27.034  1829  3037 I GameClassifierImpl: updateGameListInfo 60
04-14 14:46:27.034  1829  3037 I GameClassifierImpl: Game size 1
04-14 14:46:27.868 16218 16218 I Quality : Odex status:io-error-no-oat filter:run-from-apk reason:unknown location:/data/app/~~YC0jS3ZKOVAblzE1OgOL_g==/com.huawei.works.uat-MzWEz3qMQxa2k2Vo_LT8-Q==/base.apk cost:1846
04-14 14:46:27.872 16218 16218 I Quality : ActivityThread: createClassLoader delay 1850 /data/app/~~YC0jS3ZKOVAblzE1OgOL_g==/com.huawei.works.uat-MzWEz3qMQxa2k2Vo_LT8-Q==/base.apk 16218
04-14 14:46:27.873 16218 16218 I Quality : ActivityThread: createOrUpdateClassLoaderLocked delay 1865 com.huawei.works.uat 16218
04-14 14:46:28.076  1829  3037 D CompatibilityChangeReporter: Compat change id reported: 194532703; UID 10589; state: DISABLED
04-14 14:46:28.542  1829  7034 D CoreBackPreview: Window{95b29bd u0 Toast}: Setting back callback null
04-14 14:46:28.547  1829  7034 I WindowManager: Window{95b29bd u0 Toast} state from HAS_DRAWN to NO_SURFACE; reason: destroySurface
04-14 14:46:28.549  1829  7034 D WindowManager: Releasing screen wakelock due to Window{95b29bd u0 Toast}
04-14 14:46:28.550  1829  7034 D OplusAONSmartDim: onWakeLockReleaseLocked: lock=10713139, flags=0x2000000a, packageName=android, tag="WindowManager", ws=WorkSource{10105}, uid=1000, pid=1829
04-14 14:46:28.550  1829  7034 D PowerManagerService: userActivityNoUpdateLocked: groupId=0, eventTime=345186269, event=0, flags=0x1, uid=1000
04-14 14:46:28.552  1829  4347 W NotificationService: Toast already killed. pkg=com.oplus.athena token=android.os.BinderProxy@b2f51df
04-14 14:46:28.622  1829  3879 D CompatibilityChangeReporter: Compat change id reported: 161145287; UID 10589; state: DISABLED
04-14 14:46:28.624 16218 16218 I Quality : ActivityThread: callApplicationOnCreate delay 458 com.huawei.works.uat 16218
04-14 14:46:28.627 16218 16218 I Quality : ActivityThread: bindApplication delay 2652 com.huawei.works.uat 16218
04-14 14:46:28.629 16218 17595 I Quality : Blocked msg = Package name: com.huawei.works.uat [ schedGroup: 5 schedPolicy: 0 ] process the message: { when=-2s663ms what=110 target=android.app.ActivityThread$H obj=AppBindData{appInfo=ApplicationInfo{d7a4a2c com.huawei.works.uat}} } took 2652 ms
04-14 14:46:28.632 16218 16218 I ConfigurationController: handleConfigurationChanged: true, config: {0.9 ?mcc?mnc [zh_CN] ldltr sw423dp w423dp h896dp 408dpi nrml long hdr widecg port finger -keyb/h/h -nav/h winConfig={ mBounds=Rect(0, 0 - 1080, 2400) mAppBounds=Rect(0, 115 - 1080, 2400) mMaxBounds=Rect(0, 0 - 1080, 2400) mDisplayRotation=ROTATION_0 mWindowingMode=fullscreen mDisplayWindowingMode=fullscreen mActivityType=undefined mAlwaysOnTop=undefined mRotation=ROTATION_0} s.1019 fontWeightAdjustment=0mThemeChanged= 0, mThemeChangedFlags= 0, mFlipFont= 0, mAccessibleChanged= -1, mUxIconConfig= 3468921665154449440, mMaterialColor= 0, mUserId= 0, mFontUserId= 0, mFontVariationSettings= 226, mFoldingAngle = -1.0, mIconPackName= , mDarkModeBackgroundMaxL= 0.0, mDarkModeDialogBgMaxL= 27.0, mDarkModeForegroundMinL= 100.0, mOplusConfigType= 1, mOplusChangedConfigs= 0, OpSans= 0, mBurmeseFontFlag= 2, mFlag= 0, mPuttDisplayFlag= -1} 
04-14 14:46:28.632 16218 16218 I ConfigurationController: , curconfig: {0.9 ?mcc?mnc [zh_CN] ldltr sw423dp w423dp h896dp 408dpi nrml long hdr widecg port finger -keyb/h/h -nav/h winConfig={ mBounds=Rect(0, 0 - 1080, 2400) mAppBounds=Rect(0, 115 - 1080, 2400) mMaxBounds=Rect(0, 0 - 1080, 2400) mDisplayRotation=ROTATION_0 mWindowingMode=fullscreen mDisplayWindowingMode=fullscreen mActivityType=undefined mAlwaysOnTop=undefined mRotation=ROTATION_0} s.1019 fontWeightAdjustment=0mThemeChanged= 0, mThemeChangedFlags= 0, mFlipFont= 0, mAccessibleChanged= -1, mUxIconConfig= 3468921665154449440, mMaterialColor= 0, mUserId= 0, mFontUserId= 0, mFontVariationSettings= 226, mFoldingAngle = -1.0, mIconPackName= , mDarkModeBackgroundMaxL= 0.0, mDarkModeDialogBgMaxL= 27.0, mDarkModeForegroundMinL= 100.0, mOplusConfigType= 1, mOplusChangedConfigs= 0, OpSans= 0, mBurmeseFontFlag= 2, mFlag= 0, mPuttDisplayFlag= -1} 
04-14 14:46:28.632 16218 16218 I ConfigurationController: android.app.ActivityThread.handleLaunchActivity:4003 android.app.servertransaction.LaunchActivityItem.execute:111 android.app.servertransaction.TransactionExecutor.executeCallbacks:135 android.app.servertransaction.TransactionExecutor.execute:95 android.app.ActivityThread$H.handleMessage:2474 android.os.Handler.dispatchMessage:106 android.os.Looper.loopOnce:240 android.os.Looper.loop:351 android.app.ActivityThread.main:8422 java.lang.reflect.Method.invoke:-2 
04-14 14:46:28.636  1829  4347 D OplusActivityManagerServiceEnhance: setGlThreads detect 16218 17597
04-14 14:46:28.743 16218 16218 E OplusCustomizeRestrictionManager: sInstance is null, start a new sInstance
04-14 14:46:28.829 16218 16218 D OplusInputMethodUtil: init sDebug to false, init sDebugIme to false, init sAlwaysOn to false
04-14 14:46:28.829 16218 16218 D OplusInputMethodUtil: updateDebugToClass InputMethodManager.DEBUG = false
04-14 14:46:28.829 16218 16218 D OplusInputMethodUtil: updateDebugToClass ImeFocusController.DEBUG = false
04-14 14:46:28.829 16218 16218 D OplusInputMethodUtil: updateDebugToClass BaseInputConnection.DEBUG = false
04-14 14:46:28.829 16218 16218 D OplusInputMethodUtil: updateDebugToClass ImeFocusController.sDebugIme = false
04-14 14:46:28.855  1829  3850 W WindowManager: Failed looking up window session=Session{199aac7 16218:u0a10589} callers=com.android.server.wm.WindowManagerService.windowForClientLocked:6254 com.android.server.wm.Session.updateRequestedVisibilities:728 android.view.IWindowSession$Stub.onTransact:1104 
04-14 14:46:28.855  1829  3850 D OplusFullScreenDisplayManager: adjustWindowParamsLw com.huawei.works.uat, no change cutoutMode: 1
04-14 14:46:28.857  1829  3850 I WindowManager: addWindow: New client android.os.BinderProxy@1734632 : window=Window{a244f83 u0 com.huawei.works.uat/huawei.w3.ui.welcome.W3SplashScreenActivity}
04-14 14:46:28.859  1829  2386 D CompatibilityChangeReporter: Compat change id reported: 135634846; UID 10143; state: DISABLED
04-14 14:46:28.859  1829  2386 D CompatibilityChangeReporter: Compat change id reported: 177438394; UID 10143; state: DISABLED
04-14 14:46:28.859  1829  2386 D CompatibilityChangeReporter: Compat change id reported: 135772972; UID 10143; state: DISABLED
04-14 14:46:28.859  1829  2386 D CompatibilityChangeReporter: Compat change id reported: 135754954; UID 10143; state: ENABLED
04-14 14:46:28.860  1829  3037 D CoreBackPreview: Window{a244f83 u0 com.huawei.works.uat/huawei.w3.ui.welcome.W3SplashScreenActivity}: Setting back callback OnBackInvokedCallbackInfo{mCallback=android.window.IOnBackInvokedCallback$Stub$Proxy@83474ea, mPriority=0}
04-14 14:46:28.860  1829  2386 D CompatibilityChangeReporter: Compat change id reported: 135634846; UID 10146; state: DISABLED
04-14 14:46:28.860  1829  2386 D CompatibilityChangeReporter: Compat change id reported: 177438394; UID 10146; state: DISABLED
04-14 14:46:28.860  1829  2386 D CompatibilityChangeReporter: Compat change id reported: 135772972; UID 10146; state: DISABLED
04-14 14:46:28.861  1829  2386 D CompatibilityChangeReporter: Compat change id reported: 135754954; UID 10146; state: ENABLED
04-14 14:46:28.861  1829  2387 D CompatibilityChangeReporter: Compat change id reported: 143937733; UID 10143; state: ENABLED
04-14 14:46:28.864 16218 16218 I Quality : Skipped: false 2 cost 39.96109 refreshRate 16883238 bit true processName com.huawei.works.uat
04-14 14:46:28.865  1829  2311 I TaskOrganizerController: onTaskInfoChanged taskid 494 config { mBounds=Rect(0, 0 - 1080, 2400) mAppBounds=Rect(0, 115 - 1080, 2400) mMaxBounds=Rect(0, 0 - 1080, 2400) mDisplayRotation=ROTATION_0 mWindowingMode=fullscreen mDisplayWindowingMode=fullscreen mActivityType=standard mAlwaysOnTop=undefined mRotation=ROTATION_0}
04-14 14:46:28.867  1829  2386 D CompatibilityChangeReporter: Compat change id reported: 135634846; UID 10184; state: DISABLED
04-14 14:46:28.867  1829  2386 D CompatibilityChangeReporter: Compat change id reported: 177438394; UID 10184; state: DISABLED
04-14 14:46:28.867  1829  2386 D CompatibilityChangeReporter: Compat change id reported: 135772972; UID 10184; state: DISABLED
04-14 14:46:28.867  1829  2386 D CompatibilityChangeReporter: Compat change id reported: 135754954; UID 10184; state: ENABLED
04-14 14:46:28.871  1829  3879 D OplusFullScreenDisplayManager: adjustWindowParamsLw com.huawei.works.uat, no change cutoutMode: 1
04-14 14:46:28.871  1829  3879 V WindowManager: Relayout Window{a244f83 u0 com.huawei.works.uat/huawei.w3.ui.welcome.W3SplashScreenActivity}: viewVisibility=0, oldvis=4, req=1080x2400
04-14 14:46:28.872  1829  3879 I WindowManager: Window{a244f83 u0 com.huawei.works.uat/huawei.w3.ui.welcome.W3SplashScreenActivity} state from NO_SURFACE to DRAW_PENDING; reason: resetDrawState
04-14 14:46:28.874  1829  3879 V WindowManager: Changing focus from null to Window{a244f83 u0 com.huawei.works.uat/huawei.w3.ui.welcome.W3SplashScreenActivity},diplayid=0
04-14 14:46:28.875  1829  3879 D WindowManager: BarWindow--setVisible: id=1, oldState=0, state=2
04-14 14:46:28.875  1829  3879 I OplusStatusBarManagerServiceEnhance:  topIsFullscreen fullscreen: true
04-14 14:46:28.908  1829  2387 I ActivityManager: Start proc 17632:com.oppo.instant.local.service/u0a143 for service {com.oppo.instant.local.service/com.oppo.instant.local.service.ColorAppServicesManagerClient}
04-14 14:46:28.908  1829  2387 D CompatibilityChangeReporter: Compat change id reported: 143937733; UID 10146; state: ENABLED
04-14 14:46:28.954  1829  3850 D CompatibilityChangeReporter: Compat change id reported: 168419799; UID 10143; state: DISABLED
04-14 14:46:28.955  1829  4347 D VRR [OPlusExternalRefreshRateManager]: isPkgTfcEnable: pkgName = com.huawei.works.uat, enable = false
04-14 14:46:28.955  1829  4347 D VRR [OPlusExternalRefreshRateManager]: getTfcMinFramerate: pkgName = com.huawei.works.uat, min framerate = 0
04-14 14:46:28.963  1829  2387 W ActivityManager: Slow operation: 104ms so far, now at startProcess: returned from zygote!
04-14 14:46:28.966  1829  3037 I WindowManager: Window{a244f83 u0 com.huawei.works.uat/huawei.w3.ui.welcome.W3SplashScreenActivity} state from DRAW_PENDING to COMMIT_DRAW_PENDING; reason: finishDrawingLocked
04-14 14:46:28.966  1829  3037 D WindowManager: finishDrawingLocked forceApplyNow=false,2,Window{a244f83 u0 com.huawei.works.uat/huawei.w3.ui.welcome.W3SplashScreenActivity}
04-14 14:46:28.968  1829  2311 I WindowManager: Window{a244f83 u0 com.huawei.works.uat/huawei.w3.ui.welcome.W3SplashScreenActivity} state from COMMIT_DRAW_PENDING to READY_TO_SHOW; reason: commitFinishDrawingLocked
04-14 14:46:28.970  1829  2387 W ActivityManager: Slow operation: 110ms so far, now at startProcess: done updating battery stats
04-14 14:46:28.970  1829  2387 W ActivityManager: Slow operation: 110ms so far, now at startProcess: building log message
04-14 14:46:28.970  1829  2387 I ActivityManager: Start proc 17657:com.heytap.quicksearchbox/u0a146 for service {com.heytap.quicksearchbox/com.heytap.quicksearchbox.keepalive.KeepAliveService}
04-14 14:46:28.970  1829  2387 W ActivityManager: Slow operation: 110ms so far, now at startProcess: starting to update pids map
04-14 14:46:28.980  1829  2311 D OplusStartingWindowManager: interceptRemoveStartingWindow: packageName=com.huawei.works.uat, isSnapshot=false, startingSurfaceRunnable=null
04-14 14:46:28.980  1829  2311 D OplusSplitScreenManagerService: notifyRemoveStartingWindow mOplusSpiltScreenDnDUI is null, just return!
04-14 14:46:28.981  1829  2311 I WindowManager: Window{a244f83 u0 com.huawei.works.uat/huawei.w3.ui.welcome.W3SplashScreenActivity} state from READY_TO_SHOW to HAS_DRAWN; reason: performShowLocked
04-14 14:46:28.983  1829  2387 W ActivityManager: Slow operation: 123ms so far, now at startProcess: done updating pids map
04-14 14:46:28.983  1829  2387 W ActivityManager: Slow operation: 117ms so far, now at startProcess: asking zygote to start proc
04-14 14:46:28.983  3680  4287 I iopgp   : Iopgp: TRANSACTION_IOPGP_ON_ACTIVITY_LAUNCH_FINISHED sequence_id = 61 timestamp_nanos = 624170750591197
04-14 14:46:28.983  1829  2387 D CompatibilityChangeReporter: Compat change id reported: 143937733; UID 10184; state: ENABLED
04-14 14:46:28.993  1829  2303 I Quality : LaunchTime2.0: com.huawei.works.uat/huawei.w3.ui.welcome.W3SplashScreenActivity 1 3434 com.android.launcher 56 428 83495 13 375611392 0 0 Task-data:PID: 17597 (RenderThread);0 0 40 0 0 0 0 0 0 ;33 0 17 0 0 4 0 2 0 ;0 0 0 0 0 0 0 0 0 ;0 0 0 0 0 0 0 0 0 ;0 0 0 0 0 0 0 0 0 ;0 0 0 0 0 0 0 0 0 ;0 0 0 0 0 0 0 0 0 ;0 0 0 0 0 0 0 0 0 ;0 0 0 0 0 0 0 0 0 ;0 0 0 0 0 0 0 0 0 ;0 0 0 0 0 0 0 0 0 ;0 0 0 0 0 0 0 0 0 ;0 0 0 0 0 0 0 0 0 ;0 0 0 0 0 0 0 0 0 ;0 0 0 0 0 0 0 0 0 ;0 0 0 0 0 0 0 0 0 ;0 0 0 0 0 0 0 0 0 ;0 0 0 0 0 0 0 0 0 ;0 0 0 0 0 0 0 0 0 ;0 0 0 0 0 0 0 0 0 ;0 0 0 0 0 0 0 0 0 ;0 0 0 0 0 0 0 0 0 ;0 0 0 0 0 0 0 0 0 ;0 0 0 0 0 0 0 0 0 ;0 0 0 0 0 0 0 0 0 ;0 0 0 0 0 0 0 0 0 ;0 0 0 0 0 0 0 0 0 ;0 0 0 0 0 0 0 0 0 ;0 0 0 0 0 0 0 0 0 ;0 0 0 0 0 0 0 0 0 ;0 0 0 0 0 0 0 0 0 ;0 0 0 0 0 0 0 0 0 ;0 0 0 0 0 0 0 0 0 ;0 0 0 0 0 0 0 0 0 ;0 0 0 0 0 0 0 0 0 ;0 0 0 0 0 0 0 0 0 ;0 0 0 0 0 0 0 0 0 ;0 0 0 0 0 0 0 0 0 ;0 0 0 0 0 0 0 0 0 ;0 0 0 0 0 0 0 0 0 ;0 0 0 0 0 0 0 0 0 ;0 0 0 0 0 0 0 0 0 ;0 0 0 0 0 0 0 0 0 ;0 0 0 0 0 0 0 0 0 ;0 0 0 0 0 0 0 0 0 ;0 0 0 0 0 0 0 0 0 ;0 0 0 0 0 0 0 0 0 ;0 0 0 0 0 0 0 0 0 ;0 0 0 0 0 0 0 0 0 ;0 0 0 0 0 0 0 0 0 ;0 0 0 0 0 0 0 0 0 ;0 0 0 0 0 0 0 0 0 ;0 0 0 0 0 0 0 0 0 ;0 0 0 0 0 0 0 0 0 ;0 0 0 0 0 0 0 0 0 ;0 0 0 0 0 0 0 0 0 ;0 0 0 0 0 0 0 0 0 ;0 0 0 0 0 0 0 0 0 ;0 0 0 0 0 0 0 0 0 ;0 0 0 0 0 0 0 0 0 ;0 0 0 0 0 0 0 0 0 ;0 0 0 0 0 0 0 0 0 ;0 0 0 0 0 0 0 0 0 ;0 0 0 0 0 0 0 0 0 ;PID: 16218 (uawei.works.uat);37 0 0 0 0 0 0 0 0 ;66 1 66 0 20 0 0 2 0 ;123 2 6 0 0 0 0 1 0 ;124 0 8 0 0 0 0 1 0 ;128 0 1 0 0 0 0 1 0 ;125 0 8 0 0 0 0 1 0 ;84 0 46 0 0 0 0 1 0 ;126 0 6 0 0 0 0 1 0 ;101 0 31 0 0 2 0 1 0 ;130 0 0 0 0 0 0 1 0 ;134 0 0 0 0 0 0 0 0 ;130 0 0 0 0 0 0 1 0 ;134 0 0 0 0 0 0 0 0 ;130 0 0 0 0 0 0 1 0 ;134 0 0 0 0 0 0 0 0 ;130 0 0 0 0 0 0 1 0 ;135 0 0 0 0 0 0 0 0 ;134 0 0 0 0 0 0 0 0 ;130 0 0 0 0 0 0 1 0 ;134 0 0 0 0 0 0 1 0 ;130 0 0 0 0 0 0 1 0 ;134 0 0 0 0 0 0 1 0 ;120 6 0 0 0 3 0 1 0 ;23 1 107 0 0 0 0 3 0 ;9 43 82 80 0 0 0 4 0 ;20 16 28 0 0 12 0 3 0 ;0 0 0 0 0 0 0 0 0 ;0 0 0 0 0 0 0 0 0 ;0 0 0 0 0 0 0 0 0 ;0 0 0 0 0 0 0 0 0 ;0 0 0 0 0 0 0 0 0 ;0 0 0 0 0 0 0 0 0 ;0 0 0 0 0 0 0 0 0 ;0 0 0 0 0 0 0 0 0 ;0 0 0 0 0 0 0 0 0 ;0 0 0 0 0 0 0 0 0 ;0 0 0 0 0 0 0 0 0 ;0 0 0 0 0 0 0 0 0 ;0 0 0 0 0 0 0 0 0 ;0 0 0 0 0 0 0 0 0 ;0 0 0 0 0 0 0 0 0 ;0 0 0 0 0 0 0 0 0 ;0 0 0 0 0 0 0 0 0 ;0 0 0 0 0 0 0 0 0 ;0 0 0 0 0 0 0 0 0 ;0 0 0 0 0 0 0 0 0 ;0 0 0 0 0 0 0 0 0 ;0 0 0 0 0 0 0 0 0 ;0 0 0 0 0 0 0 0 0 ;0 0 0 0 0 0 0 0 0 ;0 0 0 0 0 0 0 0 0 ;0 0 0 0 0 0 0 0 0 ;0 0 0 0 0 0 0 0 0 ;0 0 0 0 0 0 0 0 0 ;0 0 0 0 0 0 0 0 0 ;0 0 0 0 0 0 0 0 0 ;0 0 0 0 0 0 0 0 0 ;0 0 0 0 0 0 0 0 0 ;0 0 0 0 0 0 0 0 0 ;0 0 0 0 0 0 0 0 0 ;0 0 0 0 0 0 0 0 0 ;0 0 0 0 0 0 0 0 0 ;0 0 0 0 0 0 0 0 0 ;0 0 0 0 0 0 0 0 0 ;
04-14 14:46:29.024  1829  2387 W ActivityManager: Slow operation: 158ms so far, now at startProcess: returned from zygote!
04-14 14:46:29.024  1829  2387 W ActivityManager: Slow operation: 158ms so far, now at startProcess: done updating battery stats
04-14 14:46:29.024  1829  2387 W ActivityManager: Slow operation: 158ms so far, now at startProcess: building log message
04-14 14:46:29.024  1829  2387 I ActivityManager: Start proc 17676:com.coloros.sceneservice/u0a184 for service {com.coloros.sceneservice/com.coloros.sceneservice.appmanager.AppManagerClientService}
04-14 14:46:29.024  1829  2387 W ActivityManager: Slow operation: 158ms so far, now at startProcess: starting to update pids map
04-14 14:46:29.025  1829  2387 W ActivityManager: Slow operation: 158ms so far, now at startProcess: done updating pids map
04-14 14:46:29.060  1829  3879 W ProcessCpuTracker: Failed to stat(/proc/17695): android.system.ErrnoException: stat failed: ENOENT (No such file or directory)
04-14 14:46:29.060  1829  3879 W ProcessCpuTracker: Skipping unknown process pid 17695
04-14 14:46:29.099 16218 16218 I Quality : Skipped: false 13 cost 221.39445 refreshRate 16885991 bit true processName com.huawei.works.uat
04-14 14:46:29.116  1829  4347 D OplusActivityManagerServiceEnhance: setGlThreads detect 16218 17708
04-14 14:46:29.123  1829  3037 D CompatibilityChangeReporter: Compat change id reported: 214016041; UID 10589; state: DISABLED
04-14 14:46:29.124  1829  3037 D InputMethodManagerService: isSecurity: attribute.packageName = com.huawei.works.uat mCurMethodId = com.baidu.input_oppo/.ImeService isSecurity = false ( enable = true needShow = false inBlackList = false isExist = true )
04-14 14:46:29.280  1829  3037 D CompatibilityChangeReporter: Compat change id reported: 161145287; UID 10146; state: DISABLED
04-14 14:46:29.291  1829  3037 V ActivityManager: Has totaly same connectionRecord, just reuse it!
04-14 14:46:29.361  1829  3850 V WindowManager: Relayout Window{abf2f16 u0 Splash Screen com.huawei.works.uat}: viewVisibility=8, oldvis=0, req=1080x2400
04-14 14:46:29.363  1829  3850 I SurfaceAnimationRunner: startAnimation requiresEdgeExtension=false, animationLeash=Surface(name=Surface(name=abf2f16 Splash Screen com.huawei.works.uat)/@0x48cb0da - animation-leash of window_animation)/@0x65e90b, runningAnim=com.android.server.wm.SurfaceAnimationRunner$RunningAnimation@1e7c3e8, mPreProcessingAnimations={}
04-14 14:46:29.368  1829  2323 D SurfaceAnimationRunner: onAnimationStart:Surface(name=Surface(name=abf2f16 Splash Screen com.huawei.works.uat)/@0x48cb0da - animation-leash of window_animation)/@0x65e90b
04-14 14:46:29.374  1829  3850 D CoreBackPreview: Window{abf2f16 u0 Splash Screen com.huawei.works.uat EXITING}: Setting back callback null
04-14 14:46:29.428  1829  3037 I ActivityManager: com.heytap.market is exempt from freezer
04-14 14:46:29.429  1829  3037 D CompatibilityChangeReporter: Compat change id reported: 135634846; UID 10139; state: DISABLED
04-14 14:46:29.429  1829  3037 D CompatibilityChangeReporter: Compat change id reported: 177438394; UID 10139; state: DISABLED
04-14 14:46:29.429  1829  3037 D CompatibilityChangeReporter: Compat change id reported: 135772972; UID 10139; state: DISABLED
04-14 14:46:29.429  1829  3037 D CompatibilityChangeReporter: Compat change id reported: 135754954; UID 10139; state: ENABLED
04-14 14:46:29.430  1829  2387 D CompatibilityChangeReporter: Compat change id reported: 143937733; UID 10139; state: ENABLED
04-14 14:46:29.455  1829  2387 I ActivityManager: Start proc 17777:com.heytap.market/u0a139 for content provider {com.heytap.market/com.cdo.oaps.host.OapsProvider}
04-14 14:46:29.464  1829  4347 D StdIDManager: stdid call:com.heytap.quicksearchbox,10146,OUID,10155
04-14 14:46:29.521  1829  2323 D SurfaceAnimationRunner: onAnimationEnd:Surface(name=Surface(name=abf2f16 Splash Screen com.huawei.works.uat)/@0x48cb0da - animation-leash of window_animation)/@0x65e90b
04-14 14:46:29.521  1829  2311 I WindowStateExtImpl: onSurfaceShowChange show = false mPackageName = com.huawei.works.uat parentPkgName = com.huawei.works.uat
04-14 14:46:29.521  1829  2311 I WindowManager: Window{abf2f16 u0 Splash Screen com.huawei.works.uat EXITING} state from HAS_DRAWN to NO_SURFACE; reason: destroySurface
04-14 14:46:29.548  1829  3879 D CompatibilityChangeReporter: Compat change id reported: 161145287; UID 10184; state: DISABLED
04-14 14:46:29.669  1829  3879 D CompatibilityChangeReporter: Compat change id reported: 171306433; UID 10184; state: ENABLED
04-14 14:46:29.670  1829  3879 D CompatibilityChangeReporter: Compat change id reported: 218533173; UID 10184; state: ENABLED
04-14 14:46:29.670  1829  3879 D CompatibilityChangeReporter: Compat change id reported: 226439802; UID 10184; state: DISABLED
04-14 14:46:29.722  1829  3850 D CompatibilityChangeReporter: Compat change id reported: 135634846; UID 10009; state: DISABLED
04-14 14:46:29.722  1829  3850 D CompatibilityChangeReporter: Compat change id reported: 177438394; UID 10009; state: DISABLED
04-14 14:46:29.722  1829  3850 D CompatibilityChangeReporter: Compat change id reported: 135772972; UID 10009; state: DISABLED
04-14 14:46:29.722  1829  3850 D CompatibilityChangeReporter: Compat change id reported: 135754954; UID 10009; state: ENABLED
04-14 14:46:29.723  1829  2387 D CompatibilityChangeReporter: Compat change id reported: 143937733; UID 10009; state: ENABLED
04-14 14:46:29.726  1829  3850 D CompatibilityChangeReporter: Compat change id reported: 161145287; UID 10139; state: DISABLED
04-14 14:46:29.756  1829  2387 I ActivityManager: Start proc 17839:com.oplus.account/u0a9 for content provider {com.oplus.account/com.platform.usercenter.newcommon.db.UserCenterContentProvider}
04-14 14:46:29.800  1829  3850 I OplusAppSwitchManagerService: appswitch registerAppSwitchObserver pName = com@@coloros@@sceneservice observer = com.oplus.app.IOplusAppSwitchObserver$Stub$Proxy@852d8ab config = OplusAppSwitchConfig = {  mConfigs = {1=[], 2=[TOM@@baidu@@BaiduMap, TOM@@autonavi@@minimap, TOM@@tencent@@map, TOM@@google@@android@@apps@@maps, TOM@@sogou@@map@@android@@maps, TOM@@chaozh@@iReaderFree, TOM@@tencent@@weread, TOM@@lechuan@@midunovel, TOM@@ushaqi@@zhuishushenqi, TOM@@skyplatanus@@crucio, TOM@@shuqi@@controller, TOM@@ophone@@reader@@ui, TOM@@qiyi@@video@@reader, TOM@@kmxs@@reader, TOM@@mianfeizs@@book, TOM@@qq@@reader, TOM@@oppo@@reader, TOM@@heytap@@reader, TOM@@oppo@@book, TOM@@heytap@@book, TOM@@tencent@@mm, TOM@@tencent@@mobileqq, TOM@@sina@@weibo, TOM@@oppo@@im, TOM@@ss@@android@@article@@news, TOM@@tencent@@qqmusic, TOM@@netease@@cloudmusic, TOM@@kugou@@android, cn@@kuwo@@player, fm@@xiami@@main, TOM@@taobao@@taobao, TOM@@tmall@@wireless, TOM@@jingdong@@app@@mall, TOM@@xunmeng@@pinduoduo, TOM@@eg@@android@@AlipayGphone]} observerFingerPrint = 32216326}
04-14 14:46:29.800  1829  3850 I OplusAppSwitchStateDispatcher: registerAppSwitchObserver addDynamicListener OK, info = OplusAppSwitchRuleInfo = {  observer = com.oplus.app.IOplusAppSwitchObserver$Stub$Proxy@852d8ab observerFingerPrint = 32216326} rule size =0
04-14 14:46:29.801  1829  3850 D CompatibilityChangeReporter: Compat change id reported: 168936375; UID 10184; state: ENABLED
04-14 14:46:29.803  1829  3850 D CompatibilityChangeReporter: Compat change id reported: 73144566; UID 10184; state: ENABLED
04-14 14:46:29.972  1829  3850 D CompatibilityChangeReporter: Compat change id reported: 161145287; UID 10009; state: DISABLED
04-14 14:46:30.028 17839 17858 E ActivityThread: Failed to find provider info for com.platform.usercenter.vip
04-14 14:46:30.035 17839 17860 E ActivityThread: Failed to find provider info for com.platform.usercenter.vip
04-14 14:46:30.106 17839 17860 E ActivityThread: Failed to find provider info for com.platform.usercenter.vip
04-14 14:46:30.113  1829  3850 D CompatibilityChangeReporter: Compat change id reported: 135634846; UID 10589; state: DISABLED
04-14 14:46:30.113  1829  3850 D CompatibilityChangeReporter: Compat change id reported: 177438394; UID 10589; state: DISABLED
04-14 14:46:30.113  1829  3850 D CompatibilityChangeReporter: Compat change id reported: 135772972; UID 10589; state: DISABLED
04-14 14:46:30.113  1829  2387 D CompatibilityChangeReporter: Compat change id reported: 143937733; UID 10589; state: ENABLED
04-14 14:46:30.149  1829  2387 I ActivityManager: Start proc 17961:com.huawei.works.uat:push/u0a589 for service {com.huawei.works.uat/huawei.w3.push.reciever.PushLocalService}
04-14 14:46:30.215 17839 17860 E ActivityThread: Failed to find provider info for com.platform.usercenter.vip
04-14 14:46:30.263  1829  3850 D CompatibilityChangeReporter: Compat change id reported: 135634846; UID 10294; state: DISABLED
04-14 14:46:30.263  1829  3850 D CompatibilityChangeReporter: Compat change id reported: 177438394; UID 10294; state: DISABLED
04-14 14:46:30.263  1829  3850 D CompatibilityChangeReporter: Compat change id reported: 135772972; UID 10294; state: DISABLED
04-14 14:46:30.263  1829  3850 D CompatibilityChangeReporter: Compat change id reported: 135754954; UID 10294; state: ENABLED
04-14 14:46:30.264  1829  2387 D CompatibilityChangeReporter: Compat change id reported: 143937733; UID 10294; state: ENABLED
04-14 14:46:30.326  1829  2387 W ActivityManager: Slow operation: 64ms so far, now at startProcess: returned from zygote!
04-14 14:46:30.327  1829  2387 W ActivityManager: Slow operation: 65ms so far, now at startProcess: done updating battery stats
04-14 14:46:30.327  1829  2387 W ActivityManager: Slow operation: 65ms so far, now at startProcess: building log message
04-14 14:46:30.327  1829  2387 I ActivityManager: Start proc 18020:com.oplus.appdetail/u0a294 for content provider {com.oplus.appdetail/com.oplus.appdetail.model.guide.safeguard.AppdetailProvider}
04-14 14:46:30.327  1829  2387 W ActivityManager: Slow operation: 65ms so far, now at startProcess: starting to update pids map
04-14 14:46:30.327  1829  2387 W ActivityManager: Slow operation: 65ms so far, now at startProcess: done updating pids map
04-14 14:46:30.408  1829  7034 D CompatibilityChangeReporter: Compat change id reported: 168419799; UID 10294; state: DISABLED
04-14 14:46:30.491  1829  3810 I OplusAppSwitchManagerService: appswitch registerAppSwitchObserver pName = com@@heytap@@market observer = com.oplus.app.IOplusAppSwitchObserver$Stub$Proxy@415ddd0 config = OplusAppSwitchConfig = {  mConfigs = {2=[]} observerFingerPrint = 192800891}
04-14 14:46:30.491  1829  3810 I OplusAppSwitchStateDispatcher: registerAppSwitchObserver addDynamicListener OK, info = OplusAppSwitchRuleInfo = {  observer = com.oplus.app.IOplusAppSwitchObserver$Stub$Proxy@415ddd0 observerFingerPrint = 192800891} rule size =0
04-14 14:46:30.548  3680 12241 I iopgp   : kTraceEnded and trace_end_kind = kOutproto history_id = 3893
04-14 14:46:30.549  3680 12241 E iopgp   : Perfetto TraceBuffer saved to file: data/misc/iopgp/com.huawei.works.uat/615/perfetto_trace/huawei.w3.ui.welcome.W3SplashScreenActivity/1776149190548766712perfetto_trace.pb
04-14 14:46:30.642 18020 18020 I Quality : Odex status:up-to-date filter:speed-profile reason:bg-dexopt location:/data/app/~~tTDu2I7yX-4WdFmYxHt1vQ==/com.oplus.appdetail-eoJm6jS5WWx4-XHsWFww_g==/base.apk cost:127
04-14 14:46:30.648 17777 17777 I Quality : ActivityThread: callApplicationOnCreate delay 793 com.heytap.market 17777
04-14 14:46:30.658  1829  3810 D StdIDManager: stdid call:com.heytap.market,10139,OUID,10155
04-14 14:46:30.729  1829  3037 D CompatibilityChangeReporter: Compat change id reported: 161145287; UID 10294; state: DISABLED
04-14 14:46:30.799  1829  3037 E OplusCustomizeRestrictionManagerService: isBiometricDisabled start
04-14 14:46:30.799  1829  3879 E OplusCustomizeRestrictionManagerService: isBiometricDisabled start
04-14 14:46:31.099  1829  3879 W PackageManager: package unknown uid 10184 pid 17676 call SetEnabledSetting(com.coloros.sceneservice component = androidx.work.impl.background.systemjob.SystemJobService, 1, 0)
04-14 14:46:31.195 17839 17916 E ActivityThread: Failed to find provider info for com.platform.usercenter.vip
04-14 14:46:31.225  1829  4347 D CompatibilityChangeReporter: Compat change id reported: 135634846; UID 10344; state: DISABLED
04-14 14:46:31.225  1829  4347 D CompatibilityChangeReporter: Compat change id reported: 177438394; UID 10344; state: DISABLED
04-14 14:46:31.226  1829  4347 D CompatibilityChangeReporter: Compat change id reported: 135772972; UID 10344; state: DISABLED
04-14 14:46:31.226  1829  2387 D CompatibilityChangeReporter: Compat change id reported: 143937733; UID 10344; state: ENABLED
04-14 14:46:31.251  1829  2387 I ActivityManager: Start proc 18148:com.coloros.calendar/u0a344 for content provider {com.coloros.calendar/com.android.providers.calendar.CalendarProvider2}
04-14 14:46:31.305  1829  3879 D CompatibilityChangeReporter: Compat change id reported: 168419799; UID 10344; state: DISABLED
04-14 14:46:31.429  1829  3879 I GameManagerServiceExt: re: 4, Bundle[mParcelledData.dataSize=5488] .
04-14 14:46:31.464  1829  3879 D CompatibilityChangeReporter: Compat change id reported: 161145287; UID 10344; state: DISABLED
04-14 14:46:31.468  1829  2953 D PowerManagerService: userActivityNoUpdateLocked: groupId=0, eventTime=345189185, event=2, flags=0x0, uid=1000
04-14 14:46:31.546  1829  7034 D CompatibilityChangeReporter: Compat change id reported: 135634846; UID 10073; state: DISABLED
04-14 14:46:31.547  1829  7034 D CompatibilityChangeReporter: Compat change id reported: 177438394; UID 10073; state: DISABLED
04-14 14:46:31.547  1829  7034 D CompatibilityChangeReporter: Compat change id reported: 135772972; UID 10073; state: DISABLED
04-14 14:46:31.547  1829  7034 D CompatibilityChangeReporter: Compat change id reported: 135754954; UID 10073; state: ENABLED
04-14 14:46:31.548  1829  2387 D CompatibilityChangeReporter: Compat change id reported: 143937733; UID 10073; state: ENABLED
04-14 14:46:31.570  1829  2953 D PowerManagerService: userActivityNoUpdateLocked: groupId=0, eventTime=345189288, event=2, flags=0x0, uid=1000
04-14 14:46:31.570 16218 16218 D OplusInputMethodManagerInternal: get inputMethodManager extension: com.android.internal.view.IInputMethodManager$Stub$Proxy@5fdc2f3
04-14 14:46:31.571  1829  2387 I ActivityManager: Start proc 18213:com.android.providers.calendar/u0a73 for content provider {com.android.providers.calendar/com.android.providers.calendar.CalendarProvider2}
04-14 14:46:31.571  1829  3037 W PermissionManagerService: Datasource android.content.AttributionSource@351d67e2 protecting data with platform defined runtime permission android.permission.READ_CALENDAR while not having android.permission.UPDATE_APP_OPS_STATS
04-14 14:46:31.575  1829  3879 I ActivityTaskManager: START u0 {cmp=com.huawei.works.uat/huawei.w3.MainActivity (has extras) mCallingUid=10589} from uid 10589
04-14 14:46:31.578  1829  3879 D CompatibilityChangeReporter: Compat change id reported: 194480991; UID 10589; state: ENABLED
04-14 14:46:31.583  1829  3879 D OplusZoomWindowRUSConfigManager: isSupportZoomModeWithPolicyLocked: target = com.huawei.works.uat/huawei.w3.MainActivity
04-14 14:46:31.583  1829  3879 D OplusZoomWindowRUSConfigManager: targetPkg = com.huawei.works.uat
04-14 14:46:31.584  1829  3879 D CompatibilityChangeReporter: Compat change id reported: 174042980; UID 10589; state: DISABLED
04-14 14:46:31.584  1829  3879 D CompatibilityChangeReporter: Compat change id reported: 184838306; UID 10589; state: DISABLED
04-14 14:46:31.584  1829  3879 D CompatibilityChangeReporter: Compat change id reported: 185004937; UID 10589; state: DISABLED
04-14 14:46:31.584  1829  3879 D CompatibilityChangeReporter: Compat change id reported: 181136395; UID 10589; state: DISABLED
04-14 14:46:31.584  1829  3879 D CompatibilityChangeReporter: Compat change id reported: 174042936; UID 10589; state: DISABLED
04-14 14:46:31.585  1829  3879 D TaskFragmentExtImpl: add ActivityRecord{f9b3f94 u0 com.huawei.works.uat/huawei.w3.MainActivity} t494} to mActivityRecordSum = Counter{ com.huawei.works.uat/huawei.w3.ui.welcome.W3SplashScreenActivity(1) com.huawei.works.uat/huawei.w3.MainActivity(1) }
04-14 14:46:31.586  1829  3879 D ActivityTaskManager: getStartingWindowType: newTask=false, taskSwitch=false, processRunning=true, allowTaskSnapshot=true, activityCreated=false, snapshot=null, record:ActivityRecord{f9b3f94 u0 com.huawei.works.uat/huawei.w3.MainActivity} t494}
04-14 14:46:31.586  1829  3879 D ActivityRecordExtImpl: handleStartingWindowForCompactWindow origin type:0, adjustType : 0
04-14 14:46:31.586  1829  3879 D OplusZoomWindowRUSConfigManager: isSupportZoomModeWithPolicyLocked: target = com.huawei.works.uat/huawei.w3.MainActivity
04-14 14:46:31.586  1829  3879 D OplusZoomWindowRUSConfigManager: targetPkg = com.huawei.works.uat
04-14 14:46:31.589  1829  3879 D CompatibilityChangeReporter: Compat change id reported: 194833441; UID 10589; state: DISABLED
04-14 14:46:31.594  1829  4347 I ActivityTaskManager: The Process com.huawei.works.uat Already Exists in BG. So sending its PID: 16218
04-14 14:46:31.595  1829  4347 W ActivityTaskManager: Tried to set launchTime (0) < mLastActivityLaunchTime (345183684)
04-14 14:46:31.596  1829  4347 I TaskOrganizerController: onTaskInfoChanged taskid 494 config { mBounds=Rect(0, 0 - 1080, 2400) mAppBounds=Rect(0, 115 - 1080, 2400) mMaxBounds=Rect(0, 0 - 1080, 2400) mDisplayRotation=ROTATION_0 mWindowingMode=fullscreen mDisplayWindowingMode=fullscreen mActivityType=standard mAlwaysOnTop=undefined mRotation=ROTATION_0}
04-14 14:46:31.597  1829  4347 D OplusDexOptimizeManager: Do not in AppLaunchOptList!
04-14 14:46:31.607  1829  4347 V WindowManager: Changing focus from Window{a244f83 u0 com.huawei.works.uat/huawei.w3.ui.welcome.W3SplashScreenActivity} to null,diplayid=0
