04-14 14:46:00.033  1829  3810 E OplusCustomizeRestrictionManagerService: isBiometricDisabled start
04-14 14:46:00.558  1829  2953 D PowerManagerService: userActivityNoUpdateLocked: groupId=0, eventTime=345158272, event=2, flags=0x0, uid=1000
04-14 14:46:00.692 11157 11157 I Quality : Skipped: false 1 cost 23.09194 refreshRate 16878028 bit true processName com.huawei.works.uat
04-14 14:46:01.439 11157 16297 I Quality : JankCountInfo: com.hh.agent.android.floating.ContainerActivity basic:0-0-0 action:6 data:0-2 action:10 data:0-0 type:2 stage:1-0-0 action:13 data:0-0 type:2 stage:6-0-0 action:16 data:0-0 type:2 stage:1-0-0
04-14 14:46:04.883  1829  2386 D ProcessCpuTrackerExtImpl: mContext is already set, return now! 
04-14 14:46:06.070 11157 11157 I Quality : Skipped: false 1 cost 17.492382 refreshRate 16884752 bit true processName com.huawei.works.uat
04-14 14:46:21.878  1829  2953 D PowerManagerService: userActivityNoUpdateLocked: groupId=0, eventTime=345179592, event=2, flags=0x0, uid=1000
04-14 14:46:22.489  1829  2953 D PowerManagerService: userActivityNoUpdateLocked: groupId=0, eventTime=345180204, event=2, flags=0x0, uid=1000
04-14 14:46:22.753  1829  3423 D ActivityRecordExtImpl: skipPrepareAppTransitionForZoom false
04-14 14:46:22.791  1829  7224 V WindowManager: Changing focus from Window{d0f3463 u0 com.huawei.works.uat/com.hh.agent.android.floating.ContainerActivity} to Window{c2dd22e u0 com.huawei.works.uat/huawei.w3.MainActivity},diplayid=0
04-14 14:46:22.802  1829  7224 I TaskOrganizerController: onTaskInfoChanged taskid 493 config { mBounds=Rect(0, 0 - 1080, 2400) mAppBounds=Rect(0, 115 - 1080, 2400) mMaxBounds=Rect(0, 0 - 1080, 2400) mDisplayRotation=ROTATION_0 mWindowingMode=fullscreen mDisplayWindowingMode=fullscreen mActivityType=standard mAlwaysOnTop=undefined mRotation=ROTATION_0}
04-14 14:46:22.803  1829  7224 D TaskFragmentExtImpl: addColorModeOnResume resume=true pkg = com.huawei.works.uat
04-14 14:46:22.811  1829  7224 I OplusAppSwitchManagerService:  handleAppVisible , r = ActivityRecord{54196cc u0 com.huawei.works.uat/huawei.w3.MainActivity} t493}
04-14 14:46:22.845  1829  3423 D OplusFullScreenDisplayManager: adjustWindowParamsLw com.huawei.works.uat, no change cutoutMode: 0
04-14 14:46:22.845  1829  3423 V WindowManager: Relayout Window{c2dd22e u0 com.huawei.works.uat/huawei.w3.MainActivity}: viewVisibility=0, oldvis=0, req=1080x2400
04-14 14:46:22.866  1829  3423 V WindowManager: Relayout Window{d0f3463 u0 com.huawei.works.uat/com.hh.agent.android.floating.ContainerActivity}: viewVisibility=8, oldvis=0, req=1080x2400
04-14 14:46:22.881  1829  7224 D CoreBackPreview: Window{d0f3463 u0 com.huawei.works.uat/com.hh.agent.android.floating.ContainerActivity}: Setting back callback null
04-14 14:46:22.882  1829  7224 I WindowManager: Window{d0f3463 u0 com.huawei.works.uat/com.hh.agent.android.floating.ContainerActivity} state from HAS_DRAWN to NO_SURFACE; reason: destroySurface
04-14 14:46:22.891  1829  7224 D TaskFragmentExtImpl: remove ActivityRecord{4e31239 u0 com.huawei.works.uat/com.hh.agent.android.floating.ContainerActivity} t-1 f}} to mActivityRecordSum = Counter{ com.huawei.works.uat/huawei.w3.MainActivity(1) }
04-14 14:46:22.895  1829  7224 D InputMethodManagerService: isSecurity: attribute.packageName = com.huawei.works.uat mCurMethodId = com.baidu.input_oppo/.ImeService isSecurity = false ( enable = true needShow = false inBlackList = false isExist = true )
04-14 14:46:22.900  1829  2311 I TaskOrganizerController: onTaskInfoChanged taskid 493 config { mBounds=Rect(0, 0 - 1080, 2400) mAppBounds=Rect(0, 115 - 1080, 2400) mMaxBounds=Rect(0, 0 - 1080, 2400) mDisplayRotation=ROTATION_0 mWindowingMode=fullscreen mDisplayWindowingMode=fullscreen mActivityType=standard mAlwaysOnTop=undefined mRotation=ROTATION_0}
04-14 14:46:23.072  1829  3037 D OplusFullScreenDisplayManager: adjustWindowParamsLw com.huawei.works.uat, no change cutoutMode: 0
04-14 14:46:23.075  1829  3037 I WindowManager: addWindow: New client android.os.BinderProxy@9987040 : window=Window{f68a0be u0 com.huawei.works.uat}
04-14 14:46:23.080  1829  3816 D CoreBackPreview: Window{f68a0be u0 com.huawei.works.uat}: Setting back callback OnBackInvokedCallbackInfo{mCallback=android.window.IOnBackInvokedCallback$Stub$Proxy@ab4506c, mPriority=0}
04-14 14:46:23.084  1829  2953 D PowerManagerService: userActivityNoUpdateLocked: groupId=0, eventTime=345180801, event=2, flags=0x0, uid=1000
04-14 14:46:23.090  1829  7224 D OplusZoomWindowRUSConfigManager: isSupportZoomModeWithPolicyLocked: target = com.huawei.works.uat/huawei.w3.ui.welcome.W3SplashScreenActivity
04-14 14:46:23.091  1829  7224 D OplusZoomWindowRUSConfigManager: targetPkg = com.huawei.works.uat
04-14 14:46:23.091  1829  3037 D OplusFullScreenDisplayManager: adjustWindowParamsLw com.huawei.works.uat, no change cutoutMode: 0
04-14 14:46:23.091  1829  3037 V WindowManager: Relayout Window{f68a0be u0 com.huawei.works.uat}: viewVisibility=0, oldvis=0, req=122x122
04-14 14:46:23.091  1829  7224 D OplusZoomWindowRUSConfigManager: isSupportZoomModeWithPolicyLocked: target = com.huawei.works.uat/huawei.w3.MainActivity
04-14 14:46:23.091  1829  7224 D OplusZoomWindowRUSConfigManager: targetPkg = com.huawei.works.uat
04-14 14:46:23.091  1829  3037 I WindowManager: Window{f68a0be u0 com.huawei.works.uat} state from NO_SURFACE to DRAW_PENDING; reason: resetDrawState
04-14 14:46:23.100  1829  7224 D OplusAppListInterceptManager: shouldFilterTask
04-14 14:46:23.100  1829  7224 D OplusAppListInterceptManager: shouldFilterTask::packageName = com.huawei.works.uat
04-14 14:46:23.101  1829  7224 D OplusAppListInterceptManager: shouldFilterTask
04-14 14:46:23.101  1829  7224 D OplusAppListInterceptManager: shouldFilterTask::packageName = com.android.settings
04-14 14:46:23.101  1829  7224 D OplusSplitScreenManagerService: com.android.settings unSupportsSplitScreen by blockList or ForbidActivityList
04-14 14:46:23.101  1829  7224 D OplusSplitScreenManagerService: com.android.settings unSupportsSplitScreen by blockList or ForbidActivityList
04-14 14:46:23.101  1829  7224 D OplusAppListInterceptManager: shouldFilterTask
04-14 14:46:23.101  1829  7224 D OplusAppListInterceptManager: shouldFilterTask::packageName = com.coloros.phonemanager
04-14 14:46:23.117  1829  3037 I TaskOrganizerController: onTaskInfoChanged taskid 1 config { mBounds=Rect(0, 0 - 1080, 2400) mAppBounds=Rect(0, 115 - 1080, 2400) mMaxBounds=Rect(0, 0 - 1080, 2400) mDisplayRotation=ROTATION_0 mWindowingMode=fullscreen mDisplayWindowingMode=fullscreen mActivityType=home mAlwaysOnTop=undefined mRotation=ROTATION_0}
04-14 14:46:23.126  1829  7224 V WindowManager: Relayout Window{5dcabf4 u0 com.android.systemui.ImageWallpaper}: viewVisibility=0, oldvis=0, req=1053x2339
04-14 14:46:23.127  1829  3811 D OplusZoomWindowManagerService: hideZoomWindow flag = 12 ,caller = 3766
04-14 14:46:23.127  1829  3811 W OplusZoomTaskController: notifySystemEvent event = 1
04-14 14:46:23.137  1829  3811 I WindowManager: Window{f68a0be u0 com.huawei.works.uat} state from DRAW_PENDING to COMMIT_DRAW_PENDING; reason: finishDrawingLocked
04-14 14:46:23.137  1829  3811 D WindowManager: finishDrawingLocked forceApplyNow=false,2,Window{f68a0be u0 com.huawei.works.uat}
04-14 14:46:23.143  1829  2311 I WindowManager: Window{f68a0be u0 com.huawei.works.uat} state from COMMIT_DRAW_PENDING to READY_TO_SHOW; reason: commitFinishDrawingLocked
04-14 14:46:23.143  1829  2311 I WindowManager: Window{f68a0be u0 com.huawei.works.uat} state from READY_TO_SHOW to HAS_DRAWN; reason: performShowLocked
04-14 14:46:23.144  1829  3037 V WindowManager: Relayout Window{2bc760f u0 com.android.launcher/com.android.launcher.Launcher}: viewVisibility=0, oldvis=8, req=1080x2400
04-14 14:46:23.144  1829  3037 I WindowManager: Window{2bc760f u0 com.android.launcher/com.android.launcher.Launcher} state from NO_SURFACE to DRAW_PENDING; reason: resetDrawState
04-14 14:46:23.159  1829  3816 I WindowManager: Window{2bc760f u0 com.android.launcher/com.android.launcher.Launcher} state from DRAW_PENDING to COMMIT_DRAW_PENDING; reason: finishDrawingLocked
04-14 14:46:23.160  1829  3816 D WindowManager: finishDrawingLocked forceApplyNow=false,2,Window{2bc760f u0 com.android.launcher/com.android.launcher.Launcher}
04-14 14:46:23.164  1829  2964 E HandwritingModeController: Cannot get requestId: Handwriting was not initialized.
04-14 14:46:23.167  1829  2311 I WindowManager: Window{2bc760f u0 com.android.launcher/com.android.launcher.Launcher} state from COMMIT_DRAW_PENDING to READY_TO_SHOW; reason: commitFinishDrawingLocked
04-14 14:46:23.170  1829  2311 I WindowManager: Window{2bc760f u0 com.android.launcher/com.android.launcher.Launcher} state from READY_TO_SHOW to HAS_DRAWN; reason: performShowLocked
04-14 14:46:23.173  1829  1829 I OplusStatusBarManagerServiceEnhance:  getTopIsFullscreen mTopIsFullscreen: false
04-14 14:46:23.175  1829  1829 W NotificationHistory: Attempted to add notif for locked/gone/disabled user 0
04-14 14:46:23.180  1829  2310 V WindowManager: Unknown focus tokens, dropping reportFocusChanged
04-14 14:46:23.518  1829  2953 D PowerManagerService: userActivityNoUpdateLocked: groupId=0, eventTime=345181230, event=2, flags=0x0, uid=1000
04-14 14:46:23.529  1829  2310 D TaskChangeNotificationControllerExtImpl: Skip pass Snapshot to listener:android.app.ITaskStackListener$Stub$Proxy@a43f88f
04-14 14:46:23.539  1829  3816 V WindowManager: Changing focus from Window{c2dd22e u0 com.huawei.works.uat/huawei.w3.MainActivity} to Window{2bc760f u0 com.android.launcher/com.android.launcher.Launcher},diplayid=0
04-14 14:46:23.544  1829  3816 D ActivityTaskManager: onWindowFocusChanged Task{db45ae #2 type=home I=com.android.launcher/.Launcher U=0 rootTaskId=1 visible=true visibleRequested=true mode=fullscreen translucent=false sz=1} would transfer to compact
04-14 14:46:23.554  1829  3816 D TaskFragmentExtImpl: addColorModeOnResume resume=true pkg = com.android.launcher
04-14 14:46:23.556  1829  3816 I TaskOrganizerController: onTaskInfoChanged taskid 493 config { mBounds=Rect(0, 0 - 1080, 2400) mAppBounds=Rect(0, 115 - 1080, 2400) mMaxBounds=Rect(0, 0 - 1080, 2400) mDisplayRotation=ROTATION_0 mWindowingMode=fullscreen mDisplayWindowingMode=fullscreen mActivityType=standard mAlwaysOnTop=undefined mRotation=ROTATION_0}
04-14 14:46:23.556  1829  3816 I TaskOrganizerController: onTaskInfoChanged taskid 1 config { mBounds=Rect(0, 0 - 1080, 2400) mAppBounds=Rect(0, 115 - 1080, 2400) mMaxBounds=Rect(0, 0 - 1080, 2400) mDisplayRotation=ROTATION_0 mWindowingMode=fullscreen mDisplayWindowingMode=fullscreen mActivityType=home mAlwaysOnTop=undefined mRotation=ROTATION_0}
04-14 14:46:23.557  1829  3816 I OplusAppSwitchManagerService:  handleAppVisible , r = ActivityRecord{4c679c0 u0 com.android.launcher/.Launcher} t2}
04-14 14:46:23.558  1829  3816 I OplusScreenSecurityMask: remove WindowsName list: Window{c2dd22e u0 com.huawei.works.uat/huawei.w3.MainActivity} list size: 0 isFromSetSecure: false , surfaceShown = false , displayId = 0
04-14 14:46:23.558  1829  3816 I OplusScreenSecurityMask: onSecurityPageFlagChanged size: 0 , surfaceShown = false , displayId = 0
04-14 14:46:23.559  1829  3816 I TaskOrganizerController: onTaskInfoChanged taskid 493 config { mBounds=Rect(0, 0 - 1080, 2400) mAppBounds=Rect(0, 115 - 1080, 2400) mMaxBounds=Rect(0, 0 - 1080, 2400) mDisplayRotation=ROTATION_0 mWindowingMode=fullscreen mDisplayWindowingMode=fullscreen mActivityType=standard mAlwaysOnTop=undefined mRotation=ROTATION_0}
04-14 14:46:23.560  1829  3811 D OplusAppListInterceptManager: shouldFilterTask
04-14 14:46:23.560  1829  3811 D OplusAppListInterceptManager: shouldFilterTask::packageName = com.huawei.works.uat
04-14 14:46:23.560  1829  3811 D OplusAppListInterceptManager: shouldFilterTask
04-14 14:46:23.560  1829  3811 D OplusAppListInterceptManager: shouldFilterTask::packageName = com.android.settings
04-14 14:46:23.560  1829  3811 D OplusSplitScreenManagerService: com.android.settings unSupportsSplitScreen by blockList or ForbidActivityList
04-14 14:46:23.561  1829  3811 D OplusSplitScreenManagerService: com.android.settings unSupportsSplitScreen by blockList or ForbidActivityList
04-14 14:46:23.561  1829  3811 D OplusAppListInterceptManager: shouldFilterTask
04-14 14:46:23.561  1829  3811 D OplusAppListInterceptManager: shouldFilterTask::packageName = com.coloros.phonemanager
04-14 14:46:23.565  1829  3423 I OplusJoystickManager: handleApplicationSwitch deprecated!
04-14 14:46:23.566  1829  2310 D OplusKeepAliveManager: TOP_APP is ProcessRecord{f2e33e5 3766:com.android.launcher/u0a96} uid is 10096
04-14 14:46:23.567  1829  2398 E OplusThermalStats: Error getting package info: com.android.launcher
04-14 14:46:23.573  1829  3821 D OplusAppSwitchListener: Detect com.huawei.works.uat switch to background
04-14 14:46:23.573  1829  3821 D OplusEapManager: mTargetExitName :com.huawei.works.uat
04-14 14:46:23.573  1829  3821 D VRR [OPlusFrontAppManager]: OnAppSwitchObserver: onAppExit , info.targetName = com.huawei.works.uat
04-14 14:46:23.574  1829  2566 D VRR [OPlusRefreshRateService]: handleFrontAppChange pkgName: null
04-14 14:46:23.574  1829  2566 D VRR [OPlusExternalRefreshRateManager]: setFrontPackageName pkgName: null CurPkgName: com.huawei.works.uat
04-14 14:46:23.578  1829  7034 D OplusZoomWindowManagerService: hideZoomWindow flag = 12 ,caller = 3766
04-14 14:46:23.578  1829  7034 W OplusZoomTaskController: notifySystemEvent event = 1
04-14 14:46:23.590  1829  2310 I VRR [OPlusRefreshRateManager]: hasADFRFeature return false
04-14 14:46:23.590  1829  2310 I DisplayManagerService: Comparing display specs: baseModeId=1 allowGroupSwitching=false primaryRefreshRateRange=[0 60] appRequestRefreshRateRange=[0 60] vrrPolicy=POLICY_DEFAULT, existing: baseModeId=1 allowGroupSwitching=false primaryRefreshRateRange=[0 60] appRequestRefreshRateRange=[0 60] vrrPolicy=POLICY_DEFAULT
04-14 14:46:23.590  1829  3821 D OplusAppSwitchListener: Detect com.android.launcher switch to foreground
04-14 14:46:23.590  1829  3821 D OplusEapManager: mTargetEnterName :com.android.launcher
04-14 14:46:23.591  1829  3821 D VRR [OPlusFrontAppManager]: OnAppSwitchObserver: onAppEnter , info.targetName = com.android.launcher
04-14 14:46:23.595  1829  3850 V WindowManager: Relayout Window{c2dd22e u0 com.huawei.works.uat/huawei.w3.MainActivity}: viewVisibility=8, oldvis=0, req=1080x2400
04-14 14:46:23.596  1829  3144 D OAppNetControlService: Hans update:[10366=false][0|0] blackList:[10574, 10261, 10344]
04-14 14:46:23.600  1829  2566 D VRR [OPlusRefreshRateService]: handleFrontAppChange pkgName: com.android.launcher
04-14 14:46:23.600  1829  2566 D VRR [OPlusExternalRefreshRateManager]: setFrontPackageName pkgName: com.android.launcher CurPkgName: null
04-14 14:46:23.607  1829  3816 D InputMethodManagerService: isSecurity: attribute.packageName = com.android.launcher mCurMethodId = com.baidu.input_oppo/.ImeService isSecurity = false ( enable = true needShow = false inBlackList = false isExist = true )
04-14 14:46:23.617  1829  2953 D PowerManagerService: userActivityNoUpdateLocked: groupId=0, eventTime=345181334, event=2, flags=0x0, uid=1000
04-14 14:46:23.626  1829  2310 V WindowManager: Unknown focus tokens, dropping reportFocusChanged
04-14 14:46:23.634  1829  3037 I OplusScreenSecurityMask: don't callback because already callback once
04-14 14:46:23.635  1829  3037 I WindowManager: Window{c2dd22e u0 com.huawei.works.uat/huawei.w3.MainActivity} state from HAS_DRAWN to NO_SURFACE; reason: destroySurface
04-14 14:46:23.666  1829  2310 I ActivityManager: Killing 8177:com.oplus.wirelesssettings/1000 (adj 995): empty for 2988s
04-14 14:46:23.667  1829  2310 I ActivityManager: Killing 9327:com.oplus.owork/u0a35 (adj 995): empty for 2988s
04-14 14:46:23.667  1829  3850 D OplusAppListInterceptManager: shouldFilterTask
04-14 14:46:23.667  1829  3850 D OplusAppListInterceptManager: shouldFilterTask::packageName = com.huawei.works.uat
04-14 14:46:23.668  1829  3850 D OplusAppListInterceptManager: shouldFilterTask
04-14 14:46:23.668  1829  3850 D OplusAppListInterceptManager: shouldFilterTask::packageName = com.android.settings
04-14 14:46:23.668  1829  3850 D OplusSplitScreenManagerService: com.android.settings unSupportsSplitScreen by blockList or ForbidActivityList
04-14 14:46:23.668  1829  3850 D OplusSplitScreenManagerService: com.android.settings unSupportsSplitScreen by blockList or ForbidActivityList
04-14 14:46:23.668  1829  3850 D OplusAppListInterceptManager: shouldFilterTask
04-14 14:46:23.668  1829  3850 D OplusAppListInterceptManager: shouldFilterTask::packageName = com.coloros.phonemanager
04-14 14:46:23.673  1829  2310 I ActivityManager: Killing 9135:com.oplus.sos/u0a319 (adj 995): empty for 2988s
04-14 14:46:23.691  1829  2310 I ActivityManager: Killing 9077:com.oplus.ndsf/u0a8 (adj 999): empty for 2988s
04-14 14:46:23.694  1829  2310 I ActivityManager: Killing 8967:com.oplus.screenshot/u0a320 (adj 999): empty for 2988s
04-14 14:46:23.701  1829  2310 I ActivityManager: Killing 8759:com.coloros.smartsidebar:edgepanel/u0a195 (adj 999): empty for 2988s
04-14 14:46:23.705  1829  7034 I OplusProxyWakeLock:  handleWakeLockDeathlock:166618087 PARTIAL_WAKE_LOCK              'OWork' DISABLED (uid=10035 pid=9327)
04-14 14:46:23.716  1829  2310 I ActivityManager: Killing 8589:com.heytap.browser/u0a150 (adj 999): empty for 2988s
04-14 14:46:23.720  1829  2953 D PowerManagerService: userActivityNoUpdateLocked: groupId=0, eventTime=345181438, event=2, flags=0x0, uid=1000
04-14 14:46:23.722  1829  2310 I ActivityManager: Killing 8401:com.oplus.onet:ui/u0a314 (adj 999): empty for 2988s
04-14 14:46:23.723  1829  2310 I ActivityManager: Killing 8299:com.oplus.metis:ui/u0a337 (adj 999): empty for 2988s
04-14 14:46:23.725  1829  2310 I ActivityManager: Killing 8220:com.coloros.sceneservice:ui/u0a184 (adj 999): empty for 2988s
04-14 14:46:23.744  1829  3342 D OplusAppListInterceptManager: shouldFilterTask
04-14 14:46:23.744  1829  3342 D OplusAppListInterceptManager: shouldFilterTask::packageName = com.huawei.works.uat
04-14 14:46:23.744  1829  3342 D OplusAppListInterceptManager: shouldFilterTask
04-14 14:46:23.744  1829  3342 D OplusAppListInterceptManager: shouldFilterTask::packageName = com.android.settings
04-14 14:46:23.744  1829  3342 D OplusSplitScreenManagerService: com.android.settings unSupportsSplitScreen by blockList or ForbidActivityList
04-14 14:46:23.744  1829  3342 D OplusSplitScreenManagerService: com.android.settings unSupportsSplitScreen by blockList or ForbidActivityList
04-14 14:46:23.747  4614  4614 I ActivityThread: Removing dead content provider:android.content.ContentProviderProxy@831e653
04-14 14:46:23.750  1829  3290 I WallpaperManagerServiceExt: getFoldWallpaperInfo user=0 which=32 phyDisplay=1
04-14 14:46:23.750  1829  3290 I WallpaperManagerServiceExt: getFoldWallpaperInfo user=0 which=16 phyDisplay=1
04-14 14:46:23.769  4614  4614 I ActivityThread: Removing dead content provider:android.content.ContentProviderProxy@89e8b90
04-14 14:46:23.769  4614  4614 I ActivityThread: Removing dead content provider:android.content.ContentProviderProxy@b677c89
04-14 14:46:23.781  4614  4614 I ActivityThread: Removing dead content provider:android.content.ContentProviderProxy@df7f48e
04-14 14:46:23.794  4614  4614 I ActivityThread: Removing dead content provider:android.content.ContentProviderProxy@2ea94af
04-14 14:46:23.794  4614  4614 I ActivityThread: Removing dead content provider:android.content.ContentProviderProxy@588d0bc
04-14 14:46:23.797  4614  4614 I ActivityThread: Removing dead content provider:android.content.ContentProviderProxy@8425845
04-14 14:46:23.804  4614  4614 I ActivityThread: Removing dead content provider:android.content.ContentProviderProxy@582cb9a
04-14 14:46:23.808  4614  4614 I ActivityThread: Removing dead content provider:android.content.ContentProviderProxy@5d5cccb
04-14 14:46:23.812  4614  4614 I ActivityThread: Removing dead content provider:android.content.ContentProviderProxy@703ca8
04-14 14:46:24.079  1829  2306 V WindowOrientationListener: onSensorChanged mDesiredRotation = 4
04-14 14:46:24.415  1829  2953 D PowerManagerService: userActivityNoUpdateLocked: groupId=0, eventTime=345182131, event=2, flags=0x0, uid=1000
04-14 14:46:24.442  1829  3811 D OplusAppListInterceptManager: shouldFilterTask
04-14 14:46:24.442  1829  3811 D OplusAppListInterceptManager: shouldFilterTask::packageName = com.huawei.works.uat
04-14 14:46:24.442  1829  3811 D OplusAppListInterceptManager: shouldFilterTask
04-14 14:46:24.442  1829  3811 D OplusAppListInterceptManager: shouldFilterTask::packageName = com.android.settings
04-14 14:46:24.442  1829  3811 D OplusSplitScreenManagerService: com.android.settings unSupportsSplitScreen by blockList or ForbidActivityList
04-14 14:46:24.442  1829  3811 D OplusSplitScreenManagerService: com.android.settings unSupportsSplitScreen by blockList or ForbidActivityList
04-14 14:46:24.442  1829  3811 D OplusAppListInterceptManager: shouldFilterTask
04-14 14:46:24.442  1829  3811 D OplusAppListInterceptManager: shouldFilterTask::packageName = com.coloros.phonemanager
04-14 14:46:24.491  1829  3811 D CoreBackPreview: Window{f68a0be u0 com.huawei.works.uat}: Setting back callback null
04-14 14:46:24.494  1829  3811 I WindowManager: Window{f68a0be u0 com.huawei.works.uat} state from HAS_DRAWN to NO_SURFACE; reason: destroySurface
04-14 14:46:24.495  1829  2310 W NotificationHistory: Attempted to remove channel for locked/gone/disabled user 0
04-14 14:46:24.591  1829  2459 D CameraDelegate: handleMessage MSG_MODE_RECOVERY_BRIGHTNESS
04-14 14:46:24.845  1829  3294 E OplusAthenaAm: AthenaAmManagerInternal transact code hello:11,flags:0
04-14 14:46:24.847  1829  3294 D OplusAppListInterceptManager: shouldFilterTask
04-14 14:46:24.847  1829  3294 D OplusAppListInterceptManager: shouldFilterTask::packageName = com.huawei.works.uat
04-14 14:46:24.848  1829  3294 D OplusAppListInterceptManager: shouldFilterTask
04-14 14:46:24.848  1829  3294 D OplusAppListInterceptManager: shouldFilterTask::packageName = com.android.settings
04-14 14:46:24.848  1829  3294 D OplusSplitScreenManagerService: com.android.settings unSupportsSplitScreen by blockList or ForbidActivityList
04-14 14:46:24.848  1829  3294 D OplusSplitScreenManagerService: com.android.settings unSupportsSplitScreen by blockList or ForbidActivityList
04-14 14:46:24.848  1829  3294 D OplusAppListInterceptManager: shouldFilterTask
04-14 14:46:24.848  1829  3294 D OplusAppListInterceptManager: shouldFilterTask::packageName = com.coloros.phonemanager
04-14 14:46:24.866  1829  3294 I WallpaperManagerServiceExt: getFoldWallpaperInfo user=0 which=32 phyDisplay=1
04-14 14:46:24.866  1829  3294 I WallpaperManagerServiceExt: getFoldWallpaperInfo user=0 which=16 phyDisplay=1
04-14 14:46:24.871  1829  3294 E OplusAthenaAm: AthenaAmManagerInternal transact code hello:6,flags:0
04-14 14:46:24.871  1829  3294 E OplusAthenaAm: AthenaAmManagerInternal transact code hello:7,flags:0
04-14 14:46:24.947  1829  3294 I WallpaperManagerServiceExt: getFoldWallpaperInfo user=0 which=32 phyDisplay=1
04-14 14:46:24.947  1829  3294 I WallpaperManagerServiceExt: getFoldWallpaperInfo user=0 which=16 phyDisplay=1
04-14 14:46:24.948  1829  3294 D OplusSplitScreenManagerService: com.android.settings unSupportsSplitScreen by blockList or ForbidActivityList
04-14 14:46:24.948  1829  3294 D OplusSplitScreenManagerService: com.android.settings unSupportsSplitScreen by blockList or ForbidActivityList
04-14 14:46:24.970  1829  3294 E OplusAthenaAm: AthenaAmManagerInternal transact code hello:5,flags:0
04-14 14:46:24.972  1829  3294 I ActivityManager: Force stopping com.huawei.works.uat appid=10589 user=0: from pid 1829|2|F|C:[8, 84]|U:0|M:962,496
04-14 14:46:24.973  1829  3294 I ActivityManager: Killing 16451:com.huawei.works.uat:push/u0a589 (adj 0): stop com.huawei.works.uat due to from pid 1829|2|F|C:[8, 84]|U:0|M:962,496
04-14 14:46:24.992  1829  3294 I ActivityManager: Killing 11157:com.huawei.works.uat/u0a589 (adj 0): stop com.huawei.works.uat due to from pid 1829|2|F|C:[8, 84]|U:0|M:962,496
04-14 14:46:24.999  3766  3766 I Quality : Skipped: true 1 cost 21.326637 refreshRate 16886326 bit true processName com.android.launcher
04-14 14:46:24.999  1829  3294 I ActivityManager: Killing 16850:com.google.android.webview:sandboxed_process0:org.chromium.content.app.SandboxedProcessService0:0/u0a589i63 (adj 0): remove task
04-14 14:46:25.011  1829  3294 W ActivityTaskManager: Force removing ActivityRecord{54196cc u0 com.huawei.works.uat/huawei.w3.MainActivity} t493 f}}: app died, no saved state
04-14 14:46:25.016  1829  3294 D OplusMirageWindowManagerService: onTaskRemoved displayid:0 taskId:493 callers:com.android.server.wm.MirageWindowManagerExtImpl.onTaskRemoved:47 com.android.server.wm.TaskDisplayArea.removeChildTask:398 com.android.server.wm.TaskDisplayArea.removeChild:387 com.android.server.wm.WindowContainer.removeImmediately:890 com.android.server.wm.TaskFragment.removeImmediately:2906 
04-14 14:46:25.016  1829  3294 I OplusScreenSecurityMask: onStackRemoved task = Task{2b6ab9a #493 type=standard A=10589:com.huawei.works.uat U=0 visible=false visibleRequested=false mode=fullscreen translucent=true sz=0} record = null displayId = 0
04-14 14:46:25.017  1829  3294 D TaskFragmentExtImpl: remove ActivityRecord{54196cc u0 com.huawei.works.uat/huawei.w3.MainActivity} t-1 f}} to mActivityRecordSum = Counter{ }
04-14 14:46:25.027  1829  3294 W ContextImpl: Calling a method in the system process without a qualified user: android.app.ContextImpl.sendBroadcast:1208 android.content.ContextWrapper.sendBroadcast:515 com.oplus.athena.systemservice.action.prockill.i.u:4 w3.n.w0:1 w3.n.v0:38 
04-14 14:46:25.028  1829  2310 I ActivityManager: Killing 15807:com.android.settings:background/1000 (adj 975): remove task
04-14 14:46:25.031  1829  2310 I ActivityManager: Killing 4614:com.android.settings/1000 (adj 915): remove task
04-14 14:46:25.033  1829  1829 W ActivityManager: Unbind failed: could not find connection for android.app.LoadedApk$ServiceDispatcher$InnerConnection@1f30a17
04-14 14:46:25.035  1829  1829 E JobServiceContext: Binding died for com.huawei.works.uat but no running job on this context
04-14 14:46:25.055  1829  2395 V BroadcastQueue: parallel background broadcast:(BroadcastRecord{59be1c7 u0 android.intent.action.PACKAGE_RESTARTED}) should be proxyed, target:(BroadcastFilter{5f7ad4a 10135/u0 ReceiverList{9bbf2b5 28734 com.google.android.gms.persistent/10135/u0 remote:6378eec}})
04-14 14:46:25.078  1829  2310 I ActivityManager: Killing 29153:com.coloros.phonemanager/u0a236 (adj 905): remove task
04-14 14:46:25.095  1829  2777 W UsageStatsService: Unexpected activity event reported! (com.huawei.works.uat/huawei.w3.MainActivity event : 23 instanceId : 93431850)
04-14 14:46:25.114  1829  3144 D OAppNetControlService: Hans update:[10366=true][0|0] blackList:[10574, 10261, 10344, 10366]
04-14 14:46:25.119  1829  3645 I ActivityManager: Process com.oplus.battery:ui (pid 32672) has died: fg  SVC 
04-14 14:46:25.152  1829  3423 I ActivityManager: Killing 32487:com.coloros.phonemanager:push/u0a236 (adj 1001): remove task
04-14 14:46:25.165  1829  4748 I WindowManager: WIN DEATH: Window{db6b79 u0 com.android.settings/com.android.settings.SubSettings}
04-14 14:46:25.165  1829  3887 D DisplayManagerService: Display listener for pid 4614 died.
04-14 14:46:25.170  1829  7371 I WindowManager: WIN DEATH: Window{98ad5e6 u0 com.android.settings/com.android.settings.Settings$DevelopmentSettingsDashboardActivity}
04-14 14:46:25.174  1829  3880 I WindowManager: WIN DEATH: Window{565ad02 u0 com.android.settings/com.android.settings.Settings}
04-14 14:46:25.177  1829  3656 I ActivityManager: Process com.oplus.ota (pid 32613) has died: cch+15 SVC 
04-14 14:46:25.196  1829  3342 D DisplayManagerService: Display listener for pid 29153 died.
04-14 14:46:25.203  1829  7224 I WindowManager: WIN DEATH: Window{96a28ca u0 com.coloros.phonemanager/com.coloros.phonemanager.FakeActivity}
04-14 14:46:25.224  1829  5321 D OplusSplitScreenManagerService: com.android.settings unSupportsSplitScreen by blockList or ForbidActivityList
04-14 14:46:25.225  1829  5321 D TaskFragmentExtImpl: remove ActivityRecord{acd3bdf u0 com.android.settings/.Settings} t-1 f}} to mActivityRecordSum = Counter{ com.android.settings/.SubSettings(1) com.android.settings/.Settings$DevelopmentSettingsDashboardActivity(1) }
04-14 14:46:25.225  1829  5321 D OplusSplitScreenManagerService: com.android.settings unSupportsSplitScreen by blockList or ForbidActivityList
04-14 14:46:25.225  1829  5321 D TaskFragmentExtImpl: remove ActivityRecord{ebc9c75 u0 com.android.settings/.SubSettings} t-1 f}} to mActivityRecordSum = Counter{ com.android.settings/.Settings$DevelopmentSettingsDashboardActivity(1) }
04-14 14:46:25.226  1829  5321 D OplusMirageWindowManagerService: onTaskRemoved displayid:0 taskId:490 callers:com.android.server.wm.MirageWindowManagerExtImpl.onTaskRemoved:47 com.android.server.wm.TaskDisplayArea.removeChildTask:398 com.android.server.wm.TaskDisplayArea.removeChild:387 com.android.server.wm.WindowContainer.removeImmediately:890 com.android.server.wm.TaskFragment.removeImmediately:2906 
04-14 14:46:25.226  1829  5321 I OplusScreenSecurityMask: onStackRemoved task = Task{92bcaf5 #490 type=standard A=1000:com.android.settings.root U=0 visible=false visibleRequested=false mode=fullscreen translucent=true sz=0} record = null displayId = 0
04-14 14:46:25.227  1829  5321 D TaskFragmentExtImpl: remove ActivityRecord{927d8c u0 com.android.settings/.Settings$DevelopmentSettingsDashboardActivity} t-1 f}} to mActivityRecordSum = Counter{ }
04-14 14:46:25.229  1829  2310 W ActivityManager: setHasOverlayUi called on unknown pid: 4614
04-14 14:46:25.229  1829  2777 W UsageStatsService: Unexpected activity event reported! (com.android.settings/com.oplus.settings.feature.homepage.OplusSettingsHomepageActivity event : 23 instanceId : 234504330)
04-14 14:46:25.239  1829  3850 D DisplayManagerService: Display listener for pid 28710 died.
04-14 14:46:25.266  1829  3645 W ActivityManager: Process 32481 does not match uid 10224 ignore setting hits oom adj
04-14 14:46:25.268  1829  3645 W ActivityManager: Exception when unbinding service com.heytap.cloud/.service.CloudTunnelService
04-14 14:46:25.268  1829  3645 W ActivityManager: android.os.DeadObjectException
04-14 14:46:25.268  1829  3645 W ActivityManager: 	at android.os.BinderProxy.transactNative(Native Method)
04-14 14:46:25.268  1829  3645 W ActivityManager: 	at android.os.BinderProxy.transact(BinderProxy.java:678)
04-14 14:46:25.268  1829  3645 W ActivityManager: 	at android.app.IApplicationThread$Stub$Proxy.scheduleUnbindService(IApplicationThread.java:1503)
04-14 14:46:25.268  1829  3645 W ActivityManager: 	at com.android.server.am.ActiveServices.removeConnectionLocked(ActiveServices.java:5258)
04-14 14:46:25.268  1829  3645 W ActivityManager: 	at com.android.server.am.ActiveServices.killServicesLocked(ActiveServices.java:5840)
04-14 14:46:25.268  1829  3645 W ActivityManager: 	at com.android.server.am.ActivityManagerService.cleanUpApplicationRecordLocked(ActivityManagerService.java:13138)
04-14 14:46:25.268  1829  3645 W ActivityManager: 	at com.android.server.am.ActivityManagerService.handleAppDiedLocked(ActivityManagerService.java:3515)
04-14 14:46:25.268  1829  3645 W ActivityManager: 	at com.android.server.am.ActivityManagerService.appDiedLocked(ActivityManagerService.java:3676)
04-14 14:46:25.268  1829  3645 W ActivityManager: 	at com.android.server.am.ActivityManagerServiceExtImpl$3.run(ActivityManagerServiceExtImpl.java:2004)
04-14 14:46:25.268  1829  3645 W ActivityManager: 	at java.util.concurrent.ThreadPoolExecutor.runWorker(ThreadPoolExecutor.java:1137)
04-14 14:46:25.268  1829  3645 W ActivityManager: 	at java.util.concurrent.ThreadPoolExecutor$Worker.run(ThreadPoolExecutor.java:637)
04-14 14:46:25.268  1829  3645 W ActivityManager: 	at java.lang.Thread.run(Thread.java:1012)
04-14 14:46:25.273  1829  3645 W ActivityManager: Process 32481 does not match uid 10224 ignore setting hits oom adj
04-14 14:46:25.276  1829  3645 D OplusMirageWindowManagerService: onTaskRemoved displayid:0 taskId:489 callers:com.android.server.wm.MirageWindowManagerExtImpl.onTaskRemoved:47 com.android.server.wm.TaskDisplayArea.removeChildTask:398 com.android.server.wm.TaskDisplayArea.removeChild:387 com.android.server.wm.WindowContainer.removeImmediately:890 com.android.server.wm.TaskFragment.removeImmediately:2906 
04-14 14:46:25.276  1829  3645 I OplusScreenSecurityMask: onStackRemoved task = Task{7c7999d #489 type=standard A=10236:com.coloros.phonemanager U=0 visible=false visibleRequested=false mode=fullscreen translucent=true sz=0} record = null displayId = 0
04-14 14:46:25.276  1829  3645 D TaskFragmentExtImpl: remove ActivityRecord{b073047 u0 com.coloros.phonemanager/.FakeActivity} t-1 f}} to mActivityRecordSum = Counter{ }
04-14 14:46:25.279  1829  3645 V ActivityManager: Got obituary of 16451:com.huawei.works.uat:push
04-14 14:46:25.280  1829  5405 I ActivityManager: Process com.heytap.cloud (pid 32481) has died: cch+5 CEM 
04-14 14:46:25.300  1829  2777 W UsageStatsService: Unexpected activity event reported! (com.android.settings/com.android.settings.SubSettings event : 23 instanceId : 23110779)
04-14 14:46:25.304  1829  5321 I ActivityManager: Process com.oplus.cosa (pid 28710) has died: svc SVC 
04-14 14:46:25.311  1829  7078 D DisplayManagerService: Display listener for pid 11157 died.
04-14 14:46:25.340  1829  3144 D OAppNetControlService: Hans update:[10366=false][0|0] blackList:[10574, 10261, 10344]
04-14 14:46:25.345  1829  5405 I ActivityManager: Process com.google.android.gms (pid 27814) has died: cch+25 CEM 
04-14 14:46:25.351  1829  3656 V ActivityManager: Got obituary of 11157:com.huawei.works.uat
04-14 14:46:25.351  1829  2777 W UsageStatsService: Unexpected activity event reported! (com.android.settings/com.android.settings.Settings$DevelopmentSettingsDashboardActivity event : 23 instanceId : 168807658)
04-14 14:46:25.352  1829  2777 W UsageStatsService: Unexpected activity event reported! (com.coloros.phonemanager/com.coloros.phonemanager.FakeActivity event : 23 instanceId : 221802002)
04-14 14:46:25.352  1829  3656 I ActivityManager: Process com.oplus.account (pid 27016) has died: cch CACC
04-14 14:46:25.388  1829  4347 D CompatibilityChangeReporter: Compat change id reported: 161252188; UID 10334; state: DISABLED
04-14 14:46:25.390  1829  4347 D CompatibilityChangeReporter: Compat change id reported: 135634846; UID 10334; state: DISABLED
04-14 14:46:25.390  1829  4347 D CompatibilityChangeReporter: Compat change id reported: 177438394; UID 10334; state: DISABLED
04-14 14:46:25.390  1829  4347 D CompatibilityChangeReporter: Compat change id reported: 135772972; UID 10334; state: DISABLED
04-14 14:46:25.390  1829  4347 D CompatibilityChangeReporter: Compat change id reported: 135754954; UID 10334; state: ENABLED
04-14 14:46:25.390  1829  2387 D CompatibilityChangeReporter: Compat change id reported: 143937733; UID 10334; state: ENABLED
04-14 14:46:25.393  1829  2310 W ActivityManager: setHasOverlayUi called on unknown pid: 11157
04-14 14:46:25.414  1829  4347 I OplusAppSwitchManagerService: hanldeBinderDied
04-14 14:46:25.414  1829  4347 I OplusAppSwitchManagerService: appswitch unregisterAppSwitchObserver pkgName = com.heytap.market config = OplusAppSwitchConfig = {  mConfigs = {2=[]} observerFingerPrint = 46163840}
04-14 14:46:25.414  1829  4347 I OplusAppSwitchStateDispatcher: unregisterAppSwitchObserver ok, pkgName = com.heytap.market info = OplusAppSwitchRuleInfo = {  observer = null observerFingerPrint = 46163840}
04-14 14:46:25.415  1829  3645 I ActivityManager: Process com.heytap.market (pid 26904) has died: cch+65 SVC 
04-14 14:46:25.423  1829  2953 D PowerManagerService: userActivityNoUpdateLocked: groupId=0, eventTime=345183134, event=2, flags=0x0, uid=1000
04-14 14:46:25.430  1829  5405 I ActivityManager: Process com.oppo.instant.local.service (pid 26774) has died: cch+99 SVC 
04-14 14:46:25.436  3680  4287 I iopgp   : Iopgp: TRANSACTION_IOPGP_ON_KEY_DOWN sequence_id = 61 pkg_name = com.huawei.works.uat isProfile = 0
04-14 14:46:25.449  3680  4287 D iopgp   : cannot find a compiledtrace, need to start tracing on intentstart.
04-14 14:46:25.449  3680  4287 D iopgp   : Iopgp: Decide the action on keydown event done in 12ms.
04-14 14:46:25.466  1829  2387 W ActivityManager: Slow operation: 76ms so far, now at startProcess: returned from zygote!
04-14 14:46:25.478  1829  2387 W ActivityManager: Slow operation: 89ms so far, now at startProcess: done updating battery stats
04-14 14:46:25.478  1829  2387 W ActivityManager: Slow operation: 89ms so far, now at startProcess: building log message
04-14 14:46:25.478  1829  2387 I ActivityManager: Start proc 17452:com.oplus.cosa/u0a334 for service {com.oplus.cosa/com.oplus.cosa.service.COSAService}
04-14 14:46:25.478  1829  2387 W ActivityManager: Slow operation: 89ms so far, now at startProcess: starting to update pids map
04-14 14:46:25.479  1829  2387 W ActivityManager: Slow operation: 89ms so far, now at startProcess: done updating pids map
04-14 14:46:25.484  1829  5321 I ActivityManager: Process com.heytap.quicksearchbox (pid 26765) has died: cch+5 SVC 
04-14 14:46:25.516  1829  3656 I ActivityManager: Process com.android.providers.calendar (pid 16975) has died: cch+25 CEM 
04-14 14:46:25.529  3680  4287 I iopgp   : Iopgp: TRANSACTION_IOPGP_ON_INTENT_STARTED sequence_id = 61 pkg_name = com.huawei.works.uat class_name = huawei.w3.ui.welcome.W3SplashScreenActivity
04-14 14:46:25.529  3680  4287 I iopgp   : Iopgp::starttracing
04-14 14:46:25.529  3680  4287 D iopgp   : Create Perfetto handle 56
04-14 14:46:25.531  1829  3887 D CompatibilityChangeReporter: Compat change id reported: 161252188; UID 10589; state: DISABLED
04-14 14:46:25.538  1829  3887 I ActivityTaskManager: START u0 {act=android.intent.action.MAIN cat=[android.intent.category.LAUNCHER] flg=0x10200000 cmp=com.huawei.works.uat/huawei.w3.ui.welcome.W3SplashScreenActivity bnds=[297,1381][549,1680] mCallingUid=10096} from uid 10096
04-14 14:46:25.539  1829  3887 D MultiApp.CMAService: changeIntentIfNeed --- from launcher
04-14 14:46:25.546  1829  3423 I OplusAppSwitchManagerService: hanldeBinderDied
04-14 14:46:25.547  1829  3423 I OplusAppSwitchManagerService: appswitch unregisterAppSwitchObserver pkgName = com.coloros.sceneservice config = OplusAppSwitchConfig = {  mConfigs = {1=[], 2=[TOM@@baidu@@BaiduMap, TOM@@autonavi@@minimap, TOM@@tencent@@map, TOM@@google@@android@@apps@@maps, TOM@@sogou@@map@@android@@maps, TOM@@chaozh@@iReaderFree, TOM@@tencent@@weread, TOM@@lechuan@@midunovel, TOM@@ushaqi@@zhuishushenqi, TOM@@skyplatanus@@crucio, TOM@@shuqi@@controller, TOM@@ophone@@reader@@ui, TOM@@qiyi@@video@@reader, TOM@@kmxs@@reader, TOM@@mianfeizs@@book, TOM@@qq@@reader, TOM@@oppo@@reader, TOM@@heytap@@reader, TOM@@oppo@@book, TOM@@heytap@@book, TOM@@tencent@@mm, TOM@@tencent@@mobileqq, TOM@@sina@@weibo, TOM@@oppo@@im, TOM@@ss@@android@@article@@news, TOM@@tencent@@qqmusic, TOM@@netease@@cloudmusic, TOM@@kugou@@android, cn@@kuwo@@player, fm@@xiami@@main, TOM@@taobao@@taobao, TOM@@tmall@@wireless, TOM@@jingdong@@app@@mall, TOM@@xunmeng@@pinduoduo, TOM@@eg@@android@@AlipayGphone]} observerFingerPrint = 22706119}
04-14 14:46:25.547  1829  3423 I OplusAppSwitchStateDispatcher: unregisterAppSwitchObserver ok, pkgName = com.coloros.sceneservice info = OplusAppSwitchRuleInfo = {  observer = null observerFingerPrint = 22706119}
04-14 14:46:25.549  1829  3887 I OplusScreenSecurityMask: onStackAdded task = Task{3309c0 #494 type=standard ?? U=0 visible=false visibleRequested=false mode=fullscreen translucent=true sz=0} record = null displayId = 0
04-14 14:46:25.550  1829  3887 I OplusScreenSecurityMask: onStackAdded task = Task{3309c0 #494 type=standard A=10589:com.huawei.works.uat U=0 visible=false visibleRequested=false mode=fullscreen translucent=true sz=0} record = null displayId = 0
04-14 14:46:25.551  1829  3887 D TaskFragmentExtImpl: add ActivityRecord{8aeb7fd u0 com.huawei.works.uat/huawei.w3.ui.welcome.W3SplashScreenActivity} t494} to mActivityRecordSum = Counter{ com.huawei.works.uat/huawei.w3.ui.welcome.W3SplashScreenActivity(1) }
04-14 14:46:25.552  1829  3887 D ActivityTaskManager: getStartingWindowType: newTask=true, taskSwitch=true, processRunning=false, allowTaskSnapshot=true, activityCreated=false, snapshot=null, record:ActivityRecord{8aeb7fd u0 com.huawei.works.uat/huawei.w3.ui.welcome.W3SplashScreenActivity} t494}
04-14 14:46:25.552  1829  3887 D ActivityRecordExtImpl: handleStartingWindowForCompactWindow origin type:2, adjustType : 2
04-14 14:46:25.552  1829  3887 D CompatibilityChangeReporter: Compat change id reported: 205907456; UID 10589; state: DISABLED
04-14 14:46:25.552  1829  3887 D OplusZoomWindowRUSConfigManager: isSupportZoomModeWithPolicyLocked: target = com.huawei.works.uat/huawei.w3.ui.welcome.W3SplashScreenActivity
04-14 14:46:25.552  1829  3887 D OplusZoomWindowRUSConfigManager: targetPkg = com.huawei.works.uat
04-14 14:46:25.554  3204  3377 D PhoneStartingWindowTypeAlgorithm: preferredStartingWindowType newTask=true, taskSwitch=true, processRunning=false, allowTaskSnapshot=true, activityCreated=false, isSolidColorSplashScreen=false, legacySplashScreen=false, activityDrawn=false, topIsHome=false
04-14 14:46:25.557  3204  3377 D OplusShellStartingWindowManager: adjustSuggestedWindowType: skip no-system app and no-exception list app
04-14 14:46:25.557  3766  3766 I Quality : Skipped: true 1 cost 22.53214 refreshRate 16887137 bit true processName com.android.launcher
04-14 14:46:25.558  3204  3380 D ShellStartingWindow: getWindowAttrs window attributes color: 0, replace icon: false
04-14 14:46:25.561  3204  3380 D ShellStartingWindow: inconsize = 408
04-14 14:46:25.564  1829  3656 W ActivityManager: Process 16867 does not match uid 10149 ignore setting hits oom adj
04-14 14:46:25.564  1829  3656 W ActivityManager: Process 15957 does not match uid 10246 ignore setting hits oom adj
04-14 14:46:25.564  1829  3656 W ActivityManager: Process 16329 does not match uid 10228 ignore setting hits oom adj
04-14 14:46:25.565  1829  7370 E WindowManager: create RemoteAnimationController com.android.server.wm.RemoteAnimationController@d13d84a
04-14 14:46:25.567  1829  3656 W ActivityManager: Process 26745 does not match uid 10184 ignore setting hits oom adj
04-14 14:46:25.568  1829  7034 D OplusFullScreenDisplayManager: adjustWindowParamsLw com.huawei.works.uat, no change cutoutMode: 1
04-14 14:46:25.569  1829  7034 I WindowManager: addWindow: New client android.os.BinderProxy@5046c31 : window=Window{abf2f16 u0 Splash Screen com.huawei.works.uat}
04-14 14:46:25.571  1829  3656 I ActivityManager: Process com.android.permissioncontroller (pid 15957) has died: cch+45 CEM 
04-14 14:46:25.572  3204  3377 D OplusShellStartingWindowManager: handleSplashScreenView: normal third app or no-default
04-14 14:46:25.573  1829  3887 D CoreBackPreview: Window{abf2f16 u0 Splash Screen com.huawei.works.uat}: Setting back callback OnBackInvokedCallbackInfo{mCallback=android.window.IOnBackInvokedCallback$Stub$Proxy@685a284, mPriority=0}
04-14 14:46:25.574  1829  7034 D OplusFullScreenDisplayManager: adjustWindowParamsLw com.huawei.works.uat, no change cutoutMode: 1
04-14 14:46:25.574  1829  7034 V WindowManager: Relayout Window{abf2f16 u0 Splash Screen com.huawei.works.uat}: viewVisibility=0, oldvis=0, req=1080x2400
04-14 14:46:25.574  1829  7034 I WindowManager: Window{abf2f16 u0 Splash Screen com.huawei.works.uat} state from NO_SURFACE to DRAW_PENDING; reason: resetDrawState
04-14 14:46:25.578  1829  7034 V WindowManager: Changing focus from Window{2bc760f u0 com.android.launcher/com.android.launcher.Launcher} to null,diplayid=0
04-14 14:46:25.583  1829  3656 W ActivityManager: Process 16329 does not match uid 10228 ignore setting hits oom adj
04-14 14:46:25.584  1829  7034 I WindowManager: Window{abf2f16 u0 Splash Screen com.huawei.works.uat} state from DRAW_PENDING to COMMIT_DRAW_PENDING; reason: finishDrawingLocked
04-14 14:46:25.584  1829  7034 D WindowManager: finishDrawingLocked forceApplyNow=false,2,Window{abf2f16 u0 Splash Screen com.huawei.works.uat}
04-14 14:46:25.584  1829  3656 W ActivityManager: Process 26745 does not match uid 10184 ignore setting hits oom adj
04-14 14:46:25.585  1829  2311 I WindowManager: Window{abf2f16 u0 Splash Screen com.huawei.works.uat} state from COMMIT_DRAW_PENDING to READY_TO_SHOW; reason: commitFinishDrawingLocked
04-14 14:46:25.586  3204  3377 D ViewRootImplExtImpl: Block resize report for SplashScreen of systemui.
04-14 14:46:25.591  1829  2311 I WindowManager: Window{abf2f16 u0 Splash Screen com.huawei.works.uat} state from READY_TO_SHOW to HAS_DRAWN; reason: performShowLocked
04-14 14:46:25.595  1829  2311 I WindowStateExtImpl: onSurfaceShowChange show = true mPackageName = com.huawei.works.uat parentPkgName = com.huawei.works.uat
04-14 14:46:25.596  1829  2311 I TaskOrganizerController: onTaskInfoChanged taskid 1 config { mBounds=Rect(0, 0 - 1080, 2400) mAppBounds=Rect(0, 115 - 1080, 2400) mMaxBounds=Rect(0, 0 - 1080, 2400) mDisplayRotation=ROTATION_0 mWindowingMode=fullscreen mDisplayWindowingMode=fullscreen mActivityType=home mAlwaysOnTop=undefined mRotation=ROTATION_0}
04-14 14:46:25.596  1829  2311 I TaskOrganizerController: onTaskInfoChanged taskid 494 config { mBounds=Rect(0, 0 - 1080, 2400) mAppBounds=Rect(0, 115 - 1080, 2400) mMaxBounds=Rect(0, 0 - 1080, 2400) mDisplayRotation=ROTATION_0 mWindowingMode=fullscreen mDisplayWindowingMode=fullscreen mActivityType=standard mAlwaysOnTop=undefined mRotation=ROTATION_0}
04-14 14:46:25.604  1829  3645 I ActivityManager: Process com.coloros.sceneservice (pid 26745) has died: cch+75 SVC 
04-14 14:46:25.611  1829  5405 I ActivityManager: Process com.coloros.securepay (pid 16329) has died: cch+45 CEM 
04-14 14:46:25.617  1829  5321 I ActivityManager: Process com.google.android.webview:webview_service (pid 16867) has died: cch+45 CEM 
04-14 14:46:25.625  1829  2310 D CompatibilityChangeReporter: Compat change id reported: 135634846; UID 10589; state: DISABLED
04-14 14:46:25.625  1829  2310 D CompatibilityChangeReporter: Compat change id reported: 177438394; UID 10589; state: DISABLED
04-14 14:46:25.625  1829  2310 D CompatibilityChangeReporter: Compat change id reported: 135772972; UID 10589; state: DISABLED
04-14 14:46:25.625  1829  2387 D CompatibilityChangeReporter: Compat change id reported: 143937733; UID 10589; state: ENABLED
04-14 14:46:25.643  3680  4287 I iopgp   : Iopgp: TRANSACTION_IOPGP_ON_ACTIVITY_LAUNCHED sequence_id = 61
04-14 14:46:25.652  1829  2387 I ActivityManager: Start proc 16218:com.huawei.works.uat/u0a589 for top-activity {com.huawei.works.uat/huawei.w3.ui.welcome.W3SplashScreenActivity}
04-14 14:46:25.685  1829  3294 E OplusAthenaAm: AthenaAmManagerInternal transact code hello:5,flags:0
04-14 14:46:25.692  1829  3294 I ActivityManager: Force stopping com.coloros.weather2 appid=10261 user=0: from pid 1829|2|F|M:108,20
04-14 14:46:25.693  1829  3294 I ActivityManager: Killing 8430:com.coloros.weather2/u0a261 (adj 999): stop com.coloros.weather2 due to from pid 1829|2|F|M:108,20
04-14 14:46:25.714  1829  7034 D OplusAppListInterceptManager: shouldFilterTask
04-14 14:46:25.714  1829  7034 D OplusAppListInterceptManager: shouldFilterTask::packageName = com.huawei.works.uat
04-14 14:46:25.727  1829  3294 E OplusAthenaAm: AthenaAmManagerInternal transact code hello:5,flags:0
04-14 14:46:25.727  1829  3656 I ActivityManager: Process com.oplus.sau (pid 15571) has died: svc SVC 
04-14 14:46:25.744  1829  3144 D OAppNetControlService: Hans update:[10261=false][0|0] blackList:[10574, 10344]
04-14 14:46:25.806  1829  3656 I ActivityManager: Process com.heytap.pictorial (pid 15115) has died: cch+65 CEM 
04-14 14:46:25.824  1829  4744 D DisplayManagerService: Display listener for pid 14596 died.
04-14 14:46:25.840  1829  3656 I ActivityManager: Process com.oplus.screenrecorder (pid 14596) has died: cch+85 CEM 
04-14 14:46:25.860  1829  3656 I ActivityManager: Process com.google.process.gservices (pid 15001) has died: cch+65 CEM 
04-14 14:46:25.864  1829  3656 W ActivityManager: Process 14795 does not match uid 10172 ignore setting hits oom adj
04-14 14:46:25.867  1829  3294 I ActivityManager: Force stopping com.oplus.games appid=10366 user=0: from pid 1829|2|F|M:156,15
04-14 14:46:25.868  1829  3294 I ActivityManager: Killing 7488:com.oplus.games/u0a366 (adj 905): stop com.oplus.games due to from pid 1829|2|F|M:156,15
04-14 14:46:25.871  1829  3294 W ActivityManager: Process 15904 does not match uid 1000 ignore setting hits oom adj
04-14 14:46:25.872  1829  3294 I ActivityManager:   Force stopping service ServiceRecord{90bf8dd u0 com.oplus.games/com.coloros.gamespaceui.gamedock.NotificationListener}
04-14 14:46:25.893  1829  2395 V BroadcastQueue: parallel background broadcast:(BroadcastRecord{b266820 u0 android.intent.action.PACKAGE_RESTARTED}) should be proxyed, target:(BroadcastFilter{5f7ad4a 10135/u0 ReceiverList{9bbf2b5 28734 com.google.android.gms.persistent/10135/u0 remote:6378eec}})
04-14 14:46:25.896  1829  1829 W NotificationListeners: Not binding notification listener service ComponentInfo{com.oppo.launcher/com.android.launcher3.notification.NotificationListener}: service not found
04-14 14:46:25.896  1829  1829 V NotificationListeners: enabling notification listener for 0: ComponentInfo{com.oplus.games/com.coloros.gamespaceui.gamedock.NotificationListener}
04-14 14:46:25.896  1829  1829 V NotificationListeners: binding: Intent { act=android.service.notification.NotificationListenerService cmp=com.oplus.games/com.coloros.gamespaceui.gamedock.NotificationListener (has extras) }
