04-14 14:44:27.755  1829  2387 W ActivityManager: Slow operation: 61ms so far, now at startProcess: done updating pids map
04-14 14:44:27.755  1829 16148 W ContextImpl: Calling a method in the system process without a qualified user: android.app.ContextImpl.sendBroadcast:1193 com.qualcomm.qti.Performance$SendGameLaunchBroadcast.run:256 java.lang.Thread.run:1012 <bottom of call stack> <bottom of call stack> 
04-14 14:44:27.777  1829  3423 I TaskOrganizerController: onTaskInfoChanged taskid 493 config { mBounds=Rect(0, 0 - 1080, 2400) mAppBounds=Rect(0, 115 - 1080, 2400) mMaxBounds=Rect(0, 0 - 1080, 2400) mDisplayRotation=ROTATION_0 mWindowingMode=fullscreen mDisplayWindowingMode=fullscreen mActivityType=standard mAlwaysOnTop=undefined mRotation=ROTATION_0}
04-14 14:44:27.777  1829  3423 D OplusDexOptimizeManager: Do not in AppLaunchOptList!
04-14 14:44:27.784  1829  3423 I OplusAppSwitchManagerService: appswitch hasProcess ActivityRecord{7e1b0bc u0 com.huawei.works.uat/huawei.w3.ui.welcome.W3SplashScreenActivity} t493}
04-14 14:44:27.784  1829  3423 I OplusJoystickManager: handleApplicationSwitch deprecated!
04-14 14:44:27.784  1829  3423 I OplusAppSwitchManagerService: appswitch hasProcess ActivityRecord{7e1b0bc u0 com.huawei.works.uat/huawei.w3.ui.welcome.W3SplashScreenActivity} t493}
04-14 14:44:27.785  1829  3423 D ActivityTaskManager: onWindowFocusChanged Task{2b6ab9a #493 type=standard A=10589:com.huawei.works.uat U=0 visible=true visibleRequested=true mode=fullscreen translucent=false sz=1} would transfer to compact
04-14 14:44:27.785  1829  3821 D OplusAppSwitchListener: Detect com.android.launcher switch to background
04-14 14:44:27.785  1829  3821 D OplusEapManager: mTargetExitName :com.android.launcher
04-14 14:44:27.785  1829  3821 D VRR [OPlusFrontAppManager]: OnAppSwitchObserver: onAppExit , info.targetName = com.android.launcher
04-14 14:44:27.786  1829  2566 D VRR [OPlusRefreshRateService]: handleFrontAppChange pkgName: null
04-14 14:44:27.786  1829  2566 D VRR [OPlusExternalRefreshRateManager]: setFrontPackageName pkgName: null CurPkgName: com.android.launcher
04-14 14:44:27.792  1829  2398 E OplusThermalStats: Error getting package info: com.huawei.works.uat
04-14 14:44:27.796  1829  2311 I TaskOrganizerController: onTaskInfoChanged taskid 493 config { mBounds=Rect(0, 0 - 1080, 2400) mAppBounds=Rect(0, 115 - 1080, 2400) mMaxBounds=Rect(0, 0 - 1080, 2400) mDisplayRotation=ROTATION_0 mWindowingMode=fullscreen mDisplayWindowingMode=fullscreen mActivityType=standard mAlwaysOnTop=undefined mRotation=ROTATION_0}
04-14 14:44:27.799  1829  3144 D OAppNetControlService: Hans update:[10366=false][0|0] blackList:[10574, 10261]
04-14 14:44:27.804  1829  3821 D OplusAppSwitchListener: Detect com.huawei.works.uat switch to foreground
04-14 14:44:27.804  1829  3821 D OplusEapManager: mTargetEnterName :com.huawei.works.uat
04-14 14:44:27.807  1829  2310 D OplusKeepAliveManager: TOP_APP is ProcessRecord{1136a43 11157:com.huawei.works.uat/u0a589} uid is 10589
04-14 14:44:27.808  1829  3821 D VRR [OPlusFrontAppManager]: OnAppSwitchObserver: onAppEnter , info.targetName = com.huawei.works.uat
04-14 14:44:27.809  1829  2566 D VRR [OPlusRefreshRateService]: handleFrontAppChange pkgName: com.huawei.works.uat
04-14 14:44:27.809  1829  2566 D VRR [OPlusExternalRefreshRateManager]: setFrontPackageName pkgName: com.huawei.works.uat CurPkgName: null
04-14 14:44:27.810  3691  3806 W ContextImpl: Calling a method in the system process without a qualified user: android.app.ContextImpl.startService:1877 android.content.ContextWrapper.startService:827 r1.c.c:8 r1.c.a:4 r2.b.f:4 
04-14 14:44:27.822  1829  4347 D OplusAppListInterceptManager: shouldFilterTask
04-14 14:44:27.822  1829  4347 D OplusAppListInterceptManager: shouldFilterTask::packageName = com.huawei.works.uat
04-14 14:44:27.822  1829  4347 D OplusAppListInterceptManager: shouldFilterTask
04-14 14:44:27.822  1829  4347 D OplusAppListInterceptManager: shouldFilterTask::packageName = com.android.settings
04-14 14:44:27.822  1829  4347 D CompatibilityChangeReporter: Compat change id reported: 197654537; UID 1000; state: ENABLED
04-14 14:44:27.822  1829  4347 D OplusSplitScreenManagerService: com.android.settings unSupportsSplitScreen by blockList or ForbidActivityList
04-14 14:44:27.822  1829  4347 D OplusSplitScreenManagerService: com.android.settings unSupportsSplitScreen by blockList or ForbidActivityList
04-14 14:44:27.953  1829  3133 I GameManagerServiceExt: find sub services
04-14 14:44:28.128  1829  2310 I VRR [OPlusRefreshRateManager]: hasADFRFeature return false
04-14 14:44:28.128  1829  2310 I DisplayManagerService: Comparing display specs: baseModeId=1 allowGroupSwitching=false primaryRefreshRateRange=[0 60] appRequestRefreshRateRange=[0 60] vrrPolicy=POLICY_DEFAULT, existing: baseModeId=1 allowGroupSwitching=false primaryRefreshRateRange=[0 60] appRequestRefreshRateRange=[0 60] vrrPolicy=POLICY_DEFAULT
04-14 14:44:28.142  1829  3809 I OplusAppSwitchManagerService:  handleAppVisible , r = ActivityRecord{7e1b0bc u0 com.huawei.works.uat/huawei.w3.ui.welcome.W3SplashScreenActivity} t493}
04-14 14:44:28.147  1829  2310 I VRR [OPlusRefreshRateManager]: hasADFRFeature return false
04-14 14:44:28.147  1829  2310 I DisplayManagerService: Comparing display specs: baseModeId=1 allowGroupSwitching=false primaryRefreshRateRange=[0 60] appRequestRefreshRateRange=[0 60] vrrPolicy=POLICY_DEFAULT, existing: baseModeId=1 allowGroupSwitching=false primaryRefreshRateRange=[0 60] appRequestRefreshRateRange=[0 60] vrrPolicy=POLICY_DEFAULT
04-14 14:44:28.160  1829  7078 V WindowManager: Relayout Window{2bc760f u0 com.android.launcher/com.android.launcher.Launcher}: viewVisibility=8, oldvis=0, req=1080x2400
04-14 14:44:28.238  1829  2310 I VRR [OPlusRefreshRateManager]: hasADFRFeature return false
04-14 14:44:28.238  1829  2310 I DisplayManagerService: Comparing display specs: baseModeId=1 allowGroupSwitching=false primaryRefreshRateRange=[0 60] appRequestRefreshRateRange=[0 60] vrrPolicy=POLICY_DEFAULT, existing: baseModeId=1 allowGroupSwitching=false primaryRefreshRateRange=[0 60] appRequestRefreshRateRange=[0 60] vrrPolicy=POLICY_DEFAULT
04-14 14:44:28.395  1829  1829 D OplusBrJobSchedulerService: in restriction white list com.oplus.battery action: android.intent.action.BATTERY_CHANGED
04-14 14:44:28.395  1829  1829 D OplusBrJobSchedulerService: in restriction white list com.oplus.battery action: android.intent.action.BATTERY_CHANGED
04-14 14:44:28.395  1829  1829 D OplusBrJobSchedulerService: in restriction white list com.oplus.battery action: android.intent.action.BATTERY_CHANGED
04-14 14:44:28.395  1829  1829 D OplusBrJobSchedulerService: in restriction white list com.oplus.location action: android.intent.action.BATTERY_CHANGED
04-14 14:44:28.395  1829  1829 D OplusBrJobSchedulerService: in restriction white list com.oplus.battery action: android.intent.action.BATTERY_CHANGED
04-14 14:44:28.804  1829  2459 D CameraDelegate: handleMessage MSG_MODE_RECOVERY_BRIGHTNESS
04-14 14:44:29.309  1829  3144 D OAppNetControlService: Hans update:[10366=true][0|0] blackList:[10574, 10261, 10366]
04-14 14:44:29.710 11157 11157 I Quality : Odex status:io-error-no-oat filter:run-from-apk reason:unknown location:/data/app/~~YC0jS3ZKOVAblzE1OgOL_g==/com.huawei.works.uat-MzWEz3qMQxa2k2Vo_LT8-Q==/base.apk cost:1871
04-14 14:44:29.714 11157 11157 I Quality : ActivityThread: createClassLoader delay 1875 /data/app/~~YC0jS3ZKOVAblzE1OgOL_g==/com.huawei.works.uat-MzWEz3qMQxa2k2Vo_LT8-Q==/base.apk 11157
04-14 14:44:29.715 11157 11157 I Quality : ActivityThread: createOrUpdateClassLoaderLocked delay 1889 com.huawei.works.uat 11157
04-14 14:44:30.429  1829  3809 D CompatibilityChangeReporter: Compat change id reported: 161145287; UID 10589; state: DISABLED
04-14 14:44:30.432 11157 11157 I Quality : ActivityThread: callApplicationOnCreate delay 424 com.huawei.works.uat 11157
04-14 14:44:30.438 11157 11157 I Quality : ActivityThread: bindApplication delay 2641 com.huawei.works.uat 11157
04-14 14:44:30.439 11157 16295 I Quality : Blocked msg = Package name: com.huawei.works.uat [ schedGroup: 5 schedPolicy: 0 ] process the message: { when=-2s654ms what=110 target=android.app.ActivityThread$H obj=AppBindData{appInfo=ApplicationInfo{294d6a6 com.huawei.works.uat}} } took 2641 ms
04-14 14:44:30.440 11157 11157 I ConfigurationController: handleConfigurationChanged: true, config: {0.9 ?mcc?mnc [zh_CN] ldltr sw423dp w423dp h896dp 408dpi nrml long hdr widecg port finger -keyb/h/h -nav/h winConfig={ mBounds=Rect(0, 0 - 1080, 2400) mAppBounds=Rect(0, 115 - 1080, 2400) mMaxBounds=Rect(0, 0 - 1080, 2400) mDisplayRotation=ROTATION_0 mWindowingMode=fullscreen mDisplayWindowingMode=fullscreen mActivityType=undefined mAlwaysOnTop=undefined mRotation=ROTATION_0} s.1019 fontWeightAdjustment=0mThemeChanged= 0, mThemeChangedFlags= 0, mFlipFont= 0, mAccessibleChanged= -1, mUxIconConfig= 3468921665154449440, mMaterialColor= 0, mUserId= 0, mFontUserId= 0, mFontVariationSettings= 226, mFoldingAngle = -1.0, mIconPackName= , mDarkModeBackgroundMaxL= 0.0, mDarkModeDialogBgMaxL= 27.0, mDarkModeForegroundMinL= 100.0, mOplusConfigType= 1, mOplusChangedConfigs= 0, OpSans= 0, mBurmeseFontFlag= 2, mFlag= 0, mPuttDisplayFlag= -1} 
04-14 14:44:30.440 11157 11157 I ConfigurationController: , curconfig: {0.9 ?mcc?mnc [zh_CN] ldltr sw423dp w423dp h896dp 408dpi nrml long hdr widecg port finger -keyb/h/h -nav/h winConfig={ mBounds=Rect(0, 0 - 1080, 2400) mAppBounds=Rect(0, 115 - 1080, 2400) mMaxBounds=Rect(0, 0 - 1080, 2400) mDisplayRotation=ROTATION_0 mWindowingMode=fullscreen mDisplayWindowingMode=fullscreen mActivityType=undefined mAlwaysOnTop=undefined mRotation=ROTATION_0} s.1019 fontWeightAdjustment=0mThemeChanged= 0, mThemeChangedFlags= 0, mFlipFont= 0, mAccessibleChanged= -1, mUxIconConfig= 3468921665154449440, mMaterialColor= 0, mUserId= 0, mFontUserId= 0, mFontVariationSettings= 226, mFoldingAngle = -1.0, mIconPackName= , mDarkModeBackgroundMaxL= 0.0, mDarkModeDialogBgMaxL= 27.0, mDarkModeForegroundMinL= 100.0, mOplusConfigType= 1, mOplusChangedConfigs= 0, OpSans= 0, mBurmeseFontFlag= 2, mFlag= 0, mPuttDisplayFlag= -1} 
04-14 14:44:30.440 11157 11157 I ConfigurationController: android.app.ActivityThread.handleLaunchActivity:4003 android.app.servertransaction.LaunchActivityItem.execute:111 android.app.servertransaction.TransactionExecutor.executeCallbacks:135 android.app.servertransaction.TransactionExecutor.execute:95 android.app.ActivityThread$H.handleMessage:2474 android.os.Handler.dispatchMessage:106 android.os.Looper.loopOnce:240 android.os.Looper.loop:351 android.app.ActivityThread.main:8422 java.lang.reflect.Method.invoke:-2 
04-14 14:44:30.445  1829  3887 D OplusActivityManagerServiceEnhance: setGlThreads detect 11157 16297
04-14 14:44:30.522 11157 11157 D OplusInputMethodUtil: init sDebug to false, init sDebugIme to false, init sAlwaysOn to false
04-14 14:44:30.522 11157 11157 D OplusInputMethodUtil: updateDebugToClass InputMethodManager.DEBUG = false
04-14 14:44:30.522 11157 11157 D OplusInputMethodUtil: updateDebugToClass ImeFocusController.DEBUG = false
04-14 14:44:30.522 11157 11157 D OplusInputMethodUtil: updateDebugToClass BaseInputConnection.DEBUG = false
04-14 14:44:30.522 11157 11157 D OplusInputMethodUtil: updateDebugToClass ImeFocusController.sDebugIme = false
04-14 14:44:30.548  1829  7078 W WindowManager: Failed looking up window session=Session{ca71129 11157:u0a10589} callers=com.android.server.wm.WindowManagerService.windowForClientLocked:6254 com.android.server.wm.Session.updateRequestedVisibilities:728 android.view.IWindowSession$Stub.onTransact:1104 
04-14 14:44:30.548  1829  3850 D OplusFullScreenDisplayManager: adjustWindowParamsLw com.huawei.works.uat, no change cutoutMode: 1
04-14 14:44:30.552  1829  3850 I WindowManager: addWindow: New client android.os.BinderProxy@2a6ca4f : window=Window{ac265dc u0 com.huawei.works.uat/huawei.w3.ui.welcome.W3SplashScreenActivity}
04-14 14:44:30.554  1829  3850 D CoreBackPreview: Window{ac265dc u0 com.huawei.works.uat/huawei.w3.ui.welcome.W3SplashScreenActivity}: Setting back callback OnBackInvokedCallbackInfo{mCallback=android.window.IOnBackInvokedCallback$Stub$Proxy@dfebc61, mPriority=0}
04-14 14:44:30.557 11157 11157 I Quality : Skipped: false 2 cost 36.41656 refreshRate 16883937 bit true processName com.huawei.works.uat
04-14 14:44:30.560  1829  3850 D OplusFullScreenDisplayManager: adjustWindowParamsLw com.huawei.works.uat, no change cutoutMode: 1
04-14 14:44:30.560  1829  3850 V WindowManager: Relayout Window{ac265dc u0 com.huawei.works.uat/huawei.w3.ui.welcome.W3SplashScreenActivity}: viewVisibility=0, oldvis=4, req=1080x2400
04-14 14:44:30.560  1829  3850 I WindowManager: Window{ac265dc u0 com.huawei.works.uat/huawei.w3.ui.welcome.W3SplashScreenActivity} state from NO_SURFACE to DRAW_PENDING; reason: resetDrawState
04-14 14:44:30.563  1829  3850 I TaskOrganizerController: onTaskInfoChanged taskid 493 config { mBounds=Rect(0, 0 - 1080, 2400) mAppBounds=Rect(0, 115 - 1080, 2400) mMaxBounds=Rect(0, 0 - 1080, 2400) mDisplayRotation=ROTATION_0 mWindowingMode=fullscreen mDisplayWindowingMode=fullscreen mActivityType=standard mAlwaysOnTop=undefined mRotation=ROTATION_0}
04-14 14:44:30.563  1829  3850 V WindowManager: Changing focus from null to Window{ac265dc u0 com.huawei.works.uat/huawei.w3.ui.welcome.W3SplashScreenActivity},diplayid=0
04-14 14:44:30.565  1829  3850 D WindowManager: BarWindow--setVisible: id=1, oldState=0, state=2
04-14 14:44:30.565  1829  3850 I OplusStatusBarManagerServiceEnhance:  topIsFullscreen fullscreen: true
04-14 14:44:30.593  1829  2395 D CompatibilityChangeReporter: Compat change id reported: 135634846; UID 10228; state: DISABLED
04-14 14:44:30.593  1829  2395 D CompatibilityChangeReporter: Compat change id reported: 177438394; UID 10228; state: DISABLED
04-14 14:44:30.593  1829  2395 D CompatibilityChangeReporter: Compat change id reported: 135772972; UID 10228; state: DISABLED
04-14 14:44:30.593  1829  2395 D CompatibilityChangeReporter: Compat change id reported: 135754954; UID 10228; state: ENABLED
04-14 14:44:30.594  1829  2387 D CompatibilityChangeReporter: Compat change id reported: 143937733; UID 10228; state: ENABLED
04-14 14:44:30.625  1829  2387 I ActivityManager: Start proc 16329:com.coloros.securepay/u0a228 for broadcast {com.coloros.securepay/com.coloros.securepay.SecurePayReceiver}
04-14 14:44:30.626  1829  3887 D VRR [OPlusExternalRefreshRateManager]: isPkgTfcEnable: pkgName = com.huawei.works.uat, enable = false
04-14 14:44:30.626  1829  3887 D VRR [OPlusExternalRefreshRateManager]: getTfcMinFramerate: pkgName = com.huawei.works.uat, min framerate = 0
04-14 14:44:30.628  1829  3423 I WindowManager: Window{ac265dc u0 com.huawei.works.uat/huawei.w3.ui.welcome.W3SplashScreenActivity} state from DRAW_PENDING to COMMIT_DRAW_PENDING; reason: finishDrawingLocked
04-14 14:44:30.628  1829  3423 D WindowManager: finishDrawingLocked forceApplyNow=false,2,Window{ac265dc u0 com.huawei.works.uat/huawei.w3.ui.welcome.W3SplashScreenActivity}
04-14 14:44:30.630  1829  2311 I WindowManager: Window{ac265dc u0 com.huawei.works.uat/huawei.w3.ui.welcome.W3SplashScreenActivity} state from COMMIT_DRAW_PENDING to READY_TO_SHOW; reason: commitFinishDrawingLocked
04-14 14:44:30.636  1829  2311 D OplusStartingWindowManager: interceptRemoveStartingWindow: packageName=com.huawei.works.uat, isSnapshot=false, startingSurfaceRunnable=null
04-14 14:44:30.636  1829  2311 D OplusSplitScreenManagerService: notifyRemoveStartingWindow mOplusSpiltScreenDnDUI is null, just return!
04-14 14:44:30.640  1829  2311 I WindowManager: Window{ac265dc u0 com.huawei.works.uat/huawei.w3.ui.welcome.W3SplashScreenActivity} state from READY_TO_SHOW to HAS_DRAWN; reason: performShowLocked
04-14 14:44:30.643  3680  4287 I iopgp   : Iopgp: TRANSACTION_IOPGP_ON_ACTIVITY_LAUNCH_FINISHED sequence_id = 60 timestamp_nanos = 624052408509575
04-14 14:44:30.646  1829  2303 I Quality : LaunchTime2.0: com.huawei.works.uat/huawei.w3.ui.welcome.W3SplashScreenActivity 1 2950 com.android.launcher 58 110 78870 9 377311232 0 0 Task-data:PID: 16297 (RenderThread);26 0 39 0 0 1 0 1 0 ;0 0 0 0 0 0 0 0 0 ;0 0 0 0 0 0 0 0 0 ;0 0 0 0 0 0 0 0 0 ;0 0 0 0 0 0 0 0 0 ;0 0 0 0 0 0 0 0 0 ;0 0 0 0 0 0 0 0 0 ;0 0 0 0 0 0 0 0 0 ;0 0 0 0 0 0 0 0 0 ;0 0 0 0 0 0 0 0 0 ;0 0 0 0 0 0 0 0 0 ;0 0 0 0 0 0 0 0 0 ;0 0 0 0 0 0 0 0 0 ;0 0 0 0 0 0 0 0 0 ;0 0 0 0 0 0 0 0 0 ;0 0 0 0 0 0 0 0 0 ;0 0 0 0 0 0 0 0 0 ;0 0 0 0 0 0 0 0 0 ;0 0 0 0 0 0 0 0 0 ;0 0 0 0 0 0 0 0 0 ;0 0 0 0 0 0 0 0 0 ;0 0 0 0 0 0 0 0 0 ;0 0 0 0 0 0 0 0 0 ;0 0 0 0 0 0 0 0 0 ;0 0 0 0 0 0 0 0 0 ;0 0 0 0 0 0 0 0 0 ;0 0 0 0 0 0 0 0 0 ;0 0 0 0 0 0 0 0 0 ;0 0 0 0 0 0 0 0 0 ;0 0 0 0 0 0 0 0 0 ;0 0 0 0 0 0 0 0 0 ;0 0 0 0 0 0 0 0 0 ;0 0 0 0 0 0 0 0 0 ;0 0 0 0 0 0 0 0 0 ;0 0 0 0 0 0 0 0 0 ;0 0 0 0 0 0 0 0 0 ;0 0 0 0 0 0 0 0 0 ;0 0 0 0 0 0 0 0 0 ;0 0 0 0 0 0 0 0 0 ;0 0 0 0 0 0 0 0 0 ;0 0 0 0 0 0 0 0 0 ;0 0 0 0 0 0 0 0 0 ;0 0 0 0 0 0 0 0 0 ;0 0 0 0 0 0 0 0 0 ;0 0 0 0 0 0 0 0 0 ;0 0 0 0 0 0 0 0 0 ;0 0 0 0 0 0 0 0 0 ;0 0 0 0 0 0 0 0 0 ;0 0 0 0 0 0 0 0 0 ;0 0 0 0 0 0 0 0 0 ;0 0 0 0 0 0 0 0 0 ;0 0 0 0 0 0 0 0 0 ;0 0 0 0 0 0 0 0 0 ;0 0 0 0 0 0 0 0 0 ;0 0 0 0 0 0 0 0 0 ;0 0 0 0 0 0 0 0 0 ;0 0 0 0 0 0 0 0 0 ;0 0 0 0 0 0 0 0 0 ;0 0 0 0 0 0 0 0 0 ;0 0 0 0 0 0 0 0 0 ;0 0 0 0 0 0 0 0 0 ;0 0 0 0 0 0 0 0 0 ;0 0 0 0 0 0 0 0 0 ;0 0 0 0 0 0 0 0 0 ;PID: 11157 (uawei.works.uat);26 0 47 0 0 0 0 1 0 ;93 2 38 0 0 0 0 2 0 ;126 0 4 0 0 0 0 1 0 ;126 0 6 0 0 0 0 1 0 ;118 0 14 0 0 0 0 1 0 ;120 0 12 0 0 0 0 1 0 ;99 0 30 0 0 2 0 1 0 ;132 0 2 0 0 0 0 1 0 ;134 0 0 0 0 0 0 0 0 ;130 0 0 0 0 0 0 0 0 ;134 0 0 0 0 0 0 1 0 ;130 0 0 0 0 0 0 1 0 ;134 0 0 0 0 0 0 1 0 ;130 0 0 0 0 0 0 1 0 ;134 0 0 0 0 0 0 1 0 ;131 0 0 0 0 0 0 0 0 ;135 0 0 0 0 0 0 0 0 ;135 0 0 0 0 0 0 0 0 ;130 0 0 0 0 0 0 1 0 ;127 5 0 0 0 0 0 1 0 ;129 4 0 0 0 0 0 0 0 ;98 9 24 0 0 0 0 1 0 ;2 2 0 0 0 0 0 1 0 ;0 0 0 0 0 0 0 0 0 ;0 0 0 0 0 0 0 0 0 ;0 0 0 0 0 0 0 0 0 ;0 0 0 0 0 0 0 0 0 ;0 0 0 0 0 0 0 0 0 ;0 0 0 0 0 0 0 0 0 ;0 0 0 0 0 0 0 0 0 ;0 0 0 0 0 0 0 0 0 ;0 0 0 0 0 0 0 0 0 ;0 0 0 0 0 0 0 0 0 ;0 0 0 0 0 0 0 0 0 ;0 0 0 0 0 0 0 0 0 ;0 0 0 0 0 0 0 0 0 ;0 0 0 0 0 0 0 0 0 ;0 0 0 0 0 0 0 0 0 ;0 0 0 0 0 0 0 0 0 ;0 0 0 0 0 0 0 0 0 ;0 0 0 0 0 0 0 0 0 ;0 0 0 0 0 0 0 0 0 ;0 0 0 0 0 0 0 0 0 ;0 0 0 0 0 0 0 0 0 ;0 0 0 0 0 0 0 0 0 ;0 0 0 0 0 0 0 0 0 ;0 0 0 0 0 0 0 0 0 ;0 0 0 0 0 0 0 0 0 ;0 0 0 0 0 0 0 0 0 ;0 0 0 0 0 0 0 0 0 ;0 0 0 0 0 0 0 0 0 ;0 0 0 0 0 0 0 0 0 ;0 0 0 0 0 0 0 0 0 ;0 0 0 0 0 0 0 0 0 ;0 0 0 0 0 0 0 0 0 ;0 0 0 0 0 0 0 0 0 ;0 0 0 0 0 0 0 0 0 ;0 0 0 0 0 0 0 0 0 ;0 0 0 0 0 0 0 0 0 ;0 0 0 0 0 0 0 0 0 ;0 0 0 0 0 0 0 0 0 ;0 0 0 0 0 0 0 0 0 ;0 0 0 0 0 0 0 0 0 ;0 0 0 0 0 0 0 0 0 ;
04-14 14:44:30.757  1829  3423 W ProcessCpuTracker: Failed to stat(/proc/16349): android.system.ErrnoException: stat failed: ENOENT (No such file or directory)
04-14 14:44:30.757  1829  3423 W ProcessCpuTracker: Skipping unknown process pid 16349
04-14 14:44:30.760 11157 11157 I Quality : Skipped: false 10 cost 176.9746 refreshRate 16882883 bit true processName com.huawei.works.uat
04-14 14:44:30.781  1829  3887 I ActivityTaskManager: START u0 {cmp=com.huawei.works.uat/huawei.w3.MainActivity (has extras) mCallingUid=10589} from uid 10589
04-14 14:44:30.788  1829  7078 D OplusActivityManagerServiceEnhance: setGlThreads detect 11157 16357
04-14 14:44:30.790  1829  3887 D OplusZoomWindowRUSConfigManager: isSupportZoomModeWithPolicyLocked: target = com.huawei.works.uat/huawei.w3.MainActivity
04-14 14:44:30.790  1829  3887 D OplusZoomWindowRUSConfigManager: targetPkg = com.huawei.works.uat
04-14 14:44:30.792  1829  3887 D TaskFragmentExtImpl: add ActivityRecord{54196cc u0 com.huawei.works.uat/huawei.w3.MainActivity} t493} to mActivityRecordSum = Counter{ com.huawei.works.uat/huawei.w3.ui.welcome.W3SplashScreenActivity(1) com.huawei.works.uat/huawei.w3.MainActivity(1) }
04-14 14:44:30.792  1829  3887 D ActivityTaskManager: getStartingWindowType: newTask=false, taskSwitch=false, processRunning=true, allowTaskSnapshot=true, activityCreated=false, snapshot=null, record:ActivityRecord{54196cc u0 com.huawei.works.uat/huawei.w3.MainActivity} t493}
04-14 14:44:30.792  1829  3887 D ActivityRecordExtImpl: handleStartingWindowForCompactWindow origin type:0, adjustType : 0
04-14 14:44:30.792  1829  3887 D OplusZoomWindowRUSConfigManager: isSupportZoomModeWithPolicyLocked: target = com.huawei.works.uat/huawei.w3.MainActivity
04-14 14:44:30.792  1829  3887 D OplusZoomWindowRUSConfigManager: targetPkg = com.huawei.works.uat
04-14 14:44:30.801  1829  3850 D CompatibilityChangeReporter: Compat change id reported: 214016041; UID 10589; state: DISABLED
04-14 14:44:30.802  1829  3850 D InputMethodManagerService: isSecurity: attribute.packageName = com.huawei.works.uat mCurMethodId = com.baidu.input_oppo/.ImeService isSecurity = false ( enable = true needShow = false inBlackList = false isExist = true )
04-14 14:44:30.807  1829  3423 I ActivityTaskManager: The Process com.huawei.works.uat Already Exists in BG. So sending its PID: 11157
04-14 14:44:30.808  1829  3423 W ActivityTaskManager: Tried to set launchTime (0) < mLastActivityLaunchTime (345065496)
04-14 14:44:30.810  1829  3423 I TaskOrganizerController: onTaskInfoChanged taskid 493 config { mBounds=Rect(0, 0 - 1080, 2400) mAppBounds=Rect(0, 115 - 1080, 2400) mMaxBounds=Rect(0, 0 - 1080, 2400) mDisplayRotation=ROTATION_0 mWindowingMode=fullscreen mDisplayWindowingMode=fullscreen mActivityType=standard mAlwaysOnTop=undefined mRotation=ROTATION_0}
04-14 14:44:30.810  1829  3423 D OplusDexOptimizeManager: Do not in AppLaunchOptList!
04-14 14:44:30.813  1829  3423 V WindowManager: Changing focus from Window{ac265dc u0 com.huawei.works.uat/huawei.w3.ui.welcome.W3SplashScreenActivity} to null,diplayid=0
04-14 14:44:30.815  1829  3423 D WindowManager: BarWindow--setVisible: id=1, oldState=2, state=0
04-14 14:44:30.815  1829  3423 I OplusStatusBarManagerServiceEnhance:  topIsFullscreen fullscreen: false
04-14 14:44:30.831 11157 11157 I ConfigurationController: handleConfigurationChanged: true, config: {0.9 ?mcc?mnc [zh_CN] ldltr sw423dp w423dp h896dp 408dpi nrml long hdr widecg port finger -keyb/h/h -nav/h winConfig={ mBounds=Rect(0, 0 - 1080, 2400) mAppBounds=Rect(0, 115 - 1080, 2400) mMaxBounds=Rect(0, 0 - 1080, 2400) mDisplayRotation=ROTATION_0 mWindowingMode=fullscreen mDisplayWindowingMode=fullscreen mActivityType=undefined mAlwaysOnTop=undefined mRotation=ROTATION_0} s.1019 fontWeightAdjustment=0mThemeChanged= 0, mThemeChangedFlags= 0, mFlipFont= 0, mAccessibleChanged= -1, mUxIconConfig= 3468921665154449440, mMaterialColor= 0, mUserId= 0, mFontUserId= 0, mFontVariationSettings= 226, mFoldingAngle = -1.0, mIconPackName= , mDarkModeBackgroundMaxL= 0.0, mDarkModeDialogBgMaxL= 27.0, mDarkModeForegroundMinL= 100.0, mOplusConfigType= 1, mOplusChangedConfigs= 0, OpSans= 0, mBurmeseFontFlag= 2, mFlag= 0, mPuttDisplayFlag= -1} 
04-14 14:44:30.831 11157 11157 I ConfigurationController: , curconfig: {0.9 ?mcc?mnc [zh_CN] ldltr sw423dp w423dp h896dp 408dpi nrml long hdr widecg port finger -keyb/h/h -nav/h winConfig={ mBounds=Rect(0, 0 - 1080, 2400) mAppBounds=Rect(0, 115 - 1080, 2400) mMaxBounds=Rect(0, 0 - 1080, 2400) mDisplayRotation=ROTATION_0 mWindowingMode=fullscreen mDisplayWindowingMode=fullscreen mActivityType=undefined mAlwaysOnTop=undefined mRotation=ROTATION_0} s.1019 fontWeightAdjustment=0mThemeChanged= 0, mThemeChangedFlags= 0, mFlipFont= 0, mAccessibleChanged= -1, mUxIconConfig= 3468921665154449440, mMaterialColor= 0, mUserId= 0, mFontUserId= 0, mFontVariationSettings= 226, mFoldingAngle = -1.0, mIconPackName= , mDarkModeBackgroundMaxL= 0.0, mDarkModeDialogBgMaxL= 27.0, mDarkModeForegroundMinL= 100.0, mOplusConfigType= 1, mOplusChangedConfigs= 0, OpSans= 0, mBurmeseFontFlag= 2, mFlag= 0, mPuttDisplayFlag= -1} 
04-14 14:44:30.831 11157 11157 I ConfigurationController: android.app.ActivityThread.handleLaunchActivity:4003 android.app.servertransaction.LaunchActivityItem.execute:111 android.app.servertransaction.TransactionExecutor.executeCallbacks:135 android.app.servertransaction.TransactionExecutor.execute:95 android.app.ActivityThread$H.handleMessage:2474 android.os.Handler.dispatchMessage:106 android.os.Looper.loopOnce:240 android.os.Looper.loop:351 android.app.ActivityThread.main:8422 java.lang.reflect.Method.invoke:-2 
04-14 14:44:30.922  1829  4347 D OplusAppListInterceptManager: shouldFilterTask
04-14 14:44:30.922  1829  4347 D OplusAppListInterceptManager: shouldFilterTask::packageName = com.huawei.works.uat
04-14 14:44:30.922  1829  4347 D OplusAppListInterceptManager: shouldFilterTask
04-14 14:44:30.922  1829  4347 D OplusAppListInterceptManager: shouldFilterTask::packageName = com.android.settings
04-14 14:44:30.922  1829  4347 D OplusSplitScreenManagerService: com.android.settings unSupportsSplitScreen by blockList or ForbidActivityList
04-14 14:44:30.922  1829  4347 D OplusSplitScreenManagerService: com.android.settings unSupportsSplitScreen by blockList or ForbidActivityList
04-14 14:44:30.960 11157 11157 E OplusCustomizeRestrictionManager: sInstance is null, start a new sInstance
04-14 14:44:31.007  1829  4347 V WindowManager: Relayout Window{724f9f9 u0 Splash Screen com.huawei.works.uat}: viewVisibility=8, oldvis=0, req=1080x2400
04-14 14:44:31.008  1829  4347 I SurfaceAnimationRunner: startAnimation requiresEdgeExtension=false, animationLeash=Surface(name=Surface(name=724f9f9 Splash Screen com.huawei.works.uat)/@0x940838a - animation-leash of window_animation)/@0xf483dfb, runningAnim=com.android.server.wm.SurfaceAnimationRunner$RunningAnimation@fc70e18, mPreProcessingAnimations={}
04-14 14:44:31.010  1829  4347 I TaskOrganizerController: onTaskInfoChanged taskid 493 config { mBounds=Rect(0, 0 - 1080, 2400) mAppBounds=Rect(0, 115 - 1080, 2400) mMaxBounds=Rect(0, 0 - 1080, 2400) mDisplayRotation=ROTATION_0 mWindowingMode=fullscreen mDisplayWindowingMode=fullscreen mActivityType=standard mAlwaysOnTop=undefined mRotation=ROTATION_0}
04-14 14:44:31.019  1829  3037 D CoreBackPreview: Window{724f9f9 u0 Splash Screen com.huawei.works.uat EXITING}: Setting back callback null
04-14 14:44:31.021  1829  2323 D SurfaceAnimationRunner: onAnimationStart:Surface(name=Surface(name=724f9f9 Splash Screen com.huawei.works.uat)/@0x940838a - animation-leash of window_animation)/@0xf483dfb
04-14 14:44:31.105  1829  3037 D OplusFullScreenDisplayManager: adjustWindowParamsLw com.huawei.works.uat, no change cutoutMode: 0
04-14 14:44:31.107  1829  3037 I WindowManager: addWindow: New client android.os.BinderProxy@1b9cca9 : window=Window{c2dd22e u0 com.huawei.works.uat/huawei.w3.MainActivity}
04-14 14:44:31.108  1829  4347 D CoreBackPreview: Window{c2dd22e u0 com.huawei.works.uat/huawei.w3.MainActivity}: Setting back callback OnBackInvokedCallbackInfo{mCallback=android.window.IOnBackInvokedCallback$Stub$Proxy@32f75c, mPriority=0}
04-14 14:44:31.144 11157 11157 I Quality : Skipped: false 2 cost 39.164837 refreshRate 16877969 bit true processName com.huawei.works.uat
04-14 14:44:31.153  1829  3342 D OplusFullScreenDisplayManager: adjustWindowParamsLw com.huawei.works.uat, no change cutoutMode: 0
04-14 14:44:31.154  1829  3342 V WindowManager: Relayout Window{c2dd22e u0 com.huawei.works.uat/huawei.w3.MainActivity}: viewVisibility=0, oldvis=4, req=1080x2400
04-14 14:44:31.154  1829  3342 I WindowManager: Window{c2dd22e u0 com.huawei.works.uat/huawei.w3.MainActivity} state from NO_SURFACE to DRAW_PENDING; reason: resetDrawState
04-14 14:44:31.155  1829  2395 W BroadcastQueue: Background execution not allowed: receiving Intent { act=android.intent.action.PACKAGE_REMOVED dat=package: flg=0x4000010 (has extras) } to com.google.android.gms/.games.chimera.GamesSystemBroadcastReceiverProxy
04-14 14:44:31.157  1829  3342 V WindowManager: Changing focus from null to Window{c2dd22e u0 com.huawei.works.uat/huawei.w3.MainActivity},diplayid=0
04-14 14:44:31.173  1829  2323 D SurfaceAnimationRunner: onAnimationEnd:Surface(name=Surface(name=724f9f9 Splash Screen com.huawei.works.uat)/@0x940838a - animation-leash of window_animation)/@0xf483dfb
04-14 14:44:31.174  1829  2311 I WindowStateExtImpl: onSurfaceShowChange show = false mPackageName = com.huawei.works.uat parentPkgName = com.huawei.works.uat
04-14 14:44:31.174  1829  2311 I WindowManager: Window{724f9f9 u0 Splash Screen com.huawei.works.uat EXITING} state from HAS_DRAWN to NO_SURFACE; reason: destroySurface
04-14 14:44:31.187  1829  4347 D CompatibilityChangeReporter: Compat change id reported: 168419799; UID 10135; state: DISABLED
04-14 14:44:31.192  1829  2395 W BroadcastQueue: Background execution not allowed: receiving Intent { act=android.intent.action.USER_PRESENT flg=0x24280010 } to com.google.android.gms/.auth.setup.devicesignals.LockScreenReceiver
04-14 14:44:31.192  1829  2395 W BroadcastQueue: Background execution not allowed: receiving Intent { act=android.intent.action.PACKAGE_REMOVED dat=package: flg=0x4000010 (has extras) } to com.google.android.gms/.chimera.GmsIntentOperationService$PersistentTrustedReceiver
04-14 14:44:31.197  1829  2395 W BroadcastQueue: Background execution not allowed: receiving Intent { act=android.intent.action.USER_PRESENT flg=0x24280010 } to com.google.android.gms/.chimera.GmsIntentOperationService$PersistentTrustedReceiver
04-14 14:44:31.197  1829  2395 W BroadcastQueue: Background execution not allowed: receiving Intent { act=android.intent.action.PACKAGE_ADDED dat=package: flg=0x4000010 (has extras) } to com.google.android.gms/.games.chimera.GamesSystemBroadcastReceiverProxy
04-14 14:44:31.197  1829  2395 W BroadcastQueue: Background execution not allowed: receiving Intent { act=android.intent.action.PACKAGE_ADDED dat=package: flg=0x4000010 (has extras) } to com.google.android.gms/.gass.chimera.PackageChangeBroadcastReceiver
04-14 14:44:31.201  1829  2395 W BroadcastQueue: Background execution not allowed: receiving Intent { act=android.intent.action.PACKAGE_ADDED dat=package: flg=0x4000010 (has extras) } to com.google.android.gms/.chimera.GmsIntentOperationService$PersistentTrustedReceiver
04-14 14:44:31.201  1829  2395 W BroadcastQueue: Background execution not allowed: receiving Intent { act=android.intent.action.PACKAGE_REPLACED dat=package: flg=0x4000010 (has extras) } to com.google.android.gms/.gass.chimera.PackageChangeBroadcastReceiver
04-14 14:44:31.202  1829  2395 W BroadcastQueue: Background execution not allowed: receiving Intent { act=android.intent.action.PACKAGE_REPLACED dat=package: flg=0x4000010 (has extras) } to com.google.android.gms/.chimera.GmsIntentOperationService$PersistentTrustedReceiver
04-14 14:44:31.238  1829  3342 I WindowManager: Window{c2dd22e u0 com.huawei.works.uat/huawei.w3.MainActivity} state from DRAW_PENDING to COMMIT_DRAW_PENDING; reason: finishDrawingLocked
04-14 14:44:31.238  1829  3342 D WindowManager: finishDrawingLocked forceApplyNow=false,2,Window{c2dd22e u0 com.huawei.works.uat/huawei.w3.MainActivity}
04-14 14:44:31.238 11157 11157 I Quality : Skipped: false 4 cost 82.76427 refreshRate 16877826 bit true processName com.huawei.works.uat
04-14 14:44:31.239  1829  2311 I WindowManager: Window{c2dd22e u0 com.huawei.works.uat/huawei.w3.MainActivity} state from COMMIT_DRAW_PENDING to READY_TO_SHOW; reason: commitFinishDrawingLocked
04-14 14:44:31.249  1829  2311 I SurfaceAnimationRunner: startAnimation requiresEdgeExtension=true, animationLeash=Surface(name=Surface(name=ActivityRecord{54196cc u0 com.huawei.works.uat/huawei.w3.MainActivity})/@0x50ff1fd - animation-leash of app_transition)/@0xa334ef2, runningAnim=com.android.server.wm.SurfaceAnimationRunner$RunningAnimation@b128943, mPreProcessingAnimations={}
04-14 14:44:31.252  1829  2311 I SurfaceAnimationRunner: startAnimation requiresEdgeExtension=true, animationLeash=Surface(name=Surface(name=ActivityRecord{7e1b0bc u0 com.huawei.works.uat/huawei.w3.ui.welcome.W3SplashScreenActivity})/@0x64a769f - animation-leash of app_transition)/@0xbd323ec, runningAnim=com.android.server.wm.SurfaceAnimationRunner$RunningAnimation@26063b5, mPreProcessingAnimations={Surface(name=Surface(name=ActivityRecord{54196cc u0 com.huawei.works.uat/huawei.w3.MainActivity})/@0x50ff1fd - animation-leash of app_transition)/@0xa334ef2=com.android.server.wm.SurfaceAnimationRunner$RunningAnimation@b128943}
04-14 14:44:31.253  1829  2311 I WindowManager: Window{c2dd22e u0 com.huawei.works.uat/huawei.w3.MainActivity} state from READY_TO_SHOW to HAS_DRAWN; reason: performShowLocked
04-14 14:44:31.256  1829  2311 I OplusScreenSecurityMask: add WindowsName list: Window{c2dd22e u0 com.huawei.works.uat/huawei.w3.MainActivity} list size: 1 isFromSetSecure: false , surfaceShown = true , displayId = 0
04-14 14:44:31.256  1829  2311 I OplusScreenSecurityMask: onSecurityPageFlagChanged size: 0 , surfaceShown = true , displayId = 0
04-14 14:44:31.271  1829 13997 I SurfaceAnimationRunner: startAnimation EdgeExtensionExecutor, animationLeash=Surface(name=Surface(name=ActivityRecord{7e1b0bc u0 com.huawei.works.uat/huawei.w3.ui.welcome.W3SplashScreenActivity})/@0x64a769f - animation-leash of app_transition)/@0xbd323ec, runningAnim=com.android.server.wm.SurfaceAnimationRunner$RunningAnimation@26063b5, mPreProcessingAnimations.get(animationLeash)=com.android.server.wm.SurfaceAnimationRunner$RunningAnimation@26063b5, mPreProcessingAnimations.containsValue(runningAnim)=true, mPreProcessingAnimations={Surface(name=Surface(name=ActivityRecord{54196cc u0 com.huawei.works.uat/huawei.w3.MainActivity})/@0x50ff1fd - animation-leash of app_transition)/@0xa334ef2=com.android.server.wm.SurfaceAnimationRunner$RunningAnimation@b128943, Surface(name=Surface(name=ActivityRecord{7e1b0bc u0 com.huawei.works.uat/huawei.w3.ui.welcome.W3SplashScreenActivity})/@0x64a769f - animation-leash of app_transition)/@0xbd323ec=com.android.server.wm.SurfaceAnimationRunner$RunningAnimation@26063b5}
04-14 14:44:31.298  1829 13996 I SurfaceAnimationRunner: startAnimation EdgeExtensionExecutor, animationLeash=Surface(name=Surface(name=ActivityRecord{54196cc u0 com.huawei.works.uat/huawei.w3.MainActivity})/@0x50ff1fd - animation-leash of app_transition)/@0xa334ef2, runningAnim=com.android.server.wm.SurfaceAnimationRunner$RunningAnimation@b128943, mPreProcessingAnimations.get(animationLeash)=com.android.server.wm.SurfaceAnimationRunner$RunningAnimation@b128943, mPreProcessingAnimations.containsValue(runningAnim)=true, mPreProcessingAnimations={Surface(name=Surface(name=ActivityRecord{54196cc u0 com.huawei.works.uat/huawei.w3.MainActivity})/@0x50ff1fd - animation-leash of app_transition)/@0xa334ef2=com.android.server.wm.SurfaceAnimationRunner$RunningAnimation@b128943}
04-14 14:44:31.308  1829  2323 D SurfaceAnimationRunner: onAnimationStart:Surface(name=Surface(name=ActivityRecord{7e1b0bc u0 com.huawei.works.uat/huawei.w3.ui.welcome.W3SplashScreenActivity})/@0x64a769f - animation-leash of app_transition)/@0xbd323ec
04-14 14:44:31.309  1829  2323 D SurfaceAnimationRunner: onAnimationStart:Surface(name=Surface(name=ActivityRecord{54196cc u0 com.huawei.works.uat/huawei.w3.MainActivity})/@0x50ff1fd - animation-leash of app_transition)/@0xa334ef2
04-14 14:44:31.368  1829  3342 D CompatibilityChangeReporter: Compat change id reported: 135634846; UID 10589; state: DISABLED
04-14 14:44:31.369  1829  3342 D CompatibilityChangeReporter: Compat change id reported: 177438394; UID 10589; state: DISABLED
04-14 14:44:31.369  1829  3342 D CompatibilityChangeReporter: Compat change id reported: 135772972; UID 10589; state: DISABLED
04-14 14:44:31.371  1829  2387 D CompatibilityChangeReporter: Compat change id reported: 143937733; UID 10589; state: ENABLED
04-14 14:44:31.371  1829  3887 D CompatibilityChangeReporter: Compat change id reported: 161252188; UID 10589; state: DISABLED
04-14 14:44:31.426  1829  2387 W ActivityManager: Slow operation: 59ms so far, now at startProcess: returned from zygote!
04-14 14:44:31.426  1829  2387 W ActivityManager: Slow operation: 59ms so far, now at startProcess: done updating battery stats
04-14 14:44:31.427  1829  2387 W ActivityManager: Slow operation: 59ms so far, now at startProcess: building log message
04-14 14:44:31.427  1829  2387 I ActivityManager: Start proc 16451:com.huawei.works.uat:push/u0a589 for content provider {com.huawei.works.uat/huawei.w3.push.model.WeNotificationCenter}
04-14 14:44:31.427  1829  2387 W ActivityManager: Slow operation: 59ms so far, now at startProcess: starting to update pids map
04-14 14:44:31.427  1829  2387 W ActivityManager: Slow operation: 60ms so far, now at startProcess: done updating pids map
04-14 14:44:31.467  1829  3351 W PackageManager: package unknown uid 10135 pid 28734 call SetEnabledSetting(com.google.android.gms component = com.google.android.gms.nearby.mediums.nearfieldcommunication.NfcAdvertisingService, 1, 0)
04-14 14:44:31.497  1829  3423 I GameManagerServiceExt: re: 4, Bundle[mParcelledData.dataSize=5488] .
04-14 14:44:31.525 27814 27870 I Quality : Blocking on WeakGlobal:40
04-14 14:44:31.548 27814 29903 I Quality : GetResourcesInfo:170560937,/data/app/~~YC0jS3ZKOVAblzE1OgOL_g==/com.huawei.works.uat-MzWEz3qMQxa2k2Vo_LT8-Q==/base.apk
04-14 14:44:31.554  1829  3037 D CompatibilityChangeReporter: Compat change id reported: 161145287; UID 10135; state: DISABLED
04-14 14:44:31.677  1829  3423 D CompatibilityChangeReporter: Compat change id reported: 161252188; UID 10589; state: DISABLED
04-14 14:44:31.747  1829  2323 D SurfaceAnimationRunner: onAnimationEnd:Surface(name=Surface(name=ActivityRecord{7e1b0bc u0 com.huawei.works.uat/huawei.w3.ui.welcome.W3SplashScreenActivity})/@0x64a769f - animation-leash of app_transition)/@0xbd323ec
04-14 14:44:31.747  1829  2323 D SurfaceAnimationRunner: onAnimationEnd:Surface(name=Surface(name=ActivityRecord{54196cc u0 com.huawei.works.uat/huawei.w3.MainActivity})/@0x50ff1fd - animation-leash of app_transition)/@0xa334ef2
04-14 14:44:31.751  1829  2311 I OplusAppSwitchManagerService:  handleAppVisible , r = ActivityRecord{54196cc u0 com.huawei.works.uat/huawei.w3.MainActivity} t493}
04-14 14:44:31.767  1829  3809 I WindowManager: Window{2bc760f u0 com.android.launcher/com.android.launcher.Launcher} state from HAS_DRAWN to NO_SURFACE; reason: destroySurface
04-14 14:44:31.846  1829  3423 D UsageStatsService: User[0] type=0 b=1776147060961 e=1776149071835 cb=1776132272105 ce=1776149071828 disk=0 all=77
04-14 14:44:31.994  1829  3423 I AppsFilter: interaction: PackageSetting{36eadd0 com.huawei.works.uat/10589} -> PackageSetting{f7cd254 com.oppo.ctautoregist/10196} BLOCKED
04-14 14:44:31.994  1829  3423 I AppsFilter: interaction: PackageSetting{36eadd0 com.huawei.works.uat/10589} -> PackageSetting{13355fd com.android.uwb.resources/10111} BLOCKED
04-14 14:44:31.994  1829  3423 I AppsFilter: interaction: PackageSetting{36eadd0 com.huawei.works.uat/10589} -> PackageSetting{5bce2f2 com.android.internal.display.cutout.emulation.corner/10293} BLOCKED
04-14 14:44:31.994  1829  3423 I AppsFilter: interaction: PackageSetting{36eadd0 com.huawei.works.uat/10589} -> PackageSetting{7be8d43 com.oplus.smartengine/10341} BLOCKED
04-14 14:44:31.994  1829  3423 I AppsFilter: interaction: PackageSetting{36eadd0 com.huawei.works.uat/10589} -> PackageSetting{ffebfc0 com.android.internal.display.cutout.emulation.double/10300} BLOCKED
04-14 14:44:31.994  1829  3423 I AppsFilter: interaction: PackageSetting{36eadd0 com.huawei.works.uat/10589} -> PackageSetting{5ef8ed8 com.oplus.securitykeyboard/10339} BLOCKED
04-14 14:44:31.994  1829  3423 I AppsFilter: interaction: PackageSetting{36eadd0 com.huawei.works.uat/10589} -> PackageSetting{a323c3e com.unionpay.tsmservice/10365} BLOCKED
04-14 14:44:31.994  1829  3423 I AppsFilter: interaction: PackageSetting{36eadd0 com.huawei.works.uat/10589} -> PackageSetting{bb2ba9f com.coloros.smartsidebar/10195} BLOCKED
04-14 14:44:31.995  1829  3423 I AppsFilter: interaction: PackageSetting{36eadd0 com.huawei.works.uat/10589} -> PackageSetting{5f017ec com.coloros.karaoke/10211} BLOCKED
04-14 14:44:31.995  1829  3423 I AppsFilter: interaction: PackageSetting{36eadd0 com.huawei.works.uat/10589} -> PackageSetting{b0c47b5 com.google.android.onetimeinitializer/10138} BLOCKED
04-14 14:44:31.995  1829  3423 I AppsFilter: interaction: PackageSetting{36eadd0 com.huawei.works.uat/10589} -> PackageSetting{d11de4a com.google.android.ext.shared/10077} BLOCKED
04-14 14:44:31.995  1829  3423 I AppsFilter: interaction: PackageSetting{36eadd0 com.huawei.works.uat/10589} -> PackageSetting{99261bb com.android.internal.systemui.navbar.gestural_wide_back/10033} BLOCKED
04-14 14:44:31.995  1829  3423 I AppsFilter: interaction: PackageSetting{36eadd0 com.huawei.works.uat/10589} -> PackageSetting{fb20321 com.mobiletools.systemhelper/10238} BLOCKED
04-14 14:44:31.995  1829  3423 I AppsFilter: interaction: PackageSetting{36eadd0 com.huawei.works.uat/10589} -> PackageSetting{ebcc6d8 com.android.wifi.resources.overlay.oplus/10007} BLOCKED
04-14 14:44:31.995  1829  3423 I AppsFilter: interaction: PackageSetting{36eadd0 com.huawei.works.uat/10589} -> PackageSetting{e06aa31 com.coloros.translate/10250} BLOCKED
04-14 14:44:31.995  1829  3423 I AppsFilter: interaction: PackageSetting{36eadd0 com.huawei.works.uat/10589} -> PackageSetting{3979516 com.android.htmlviewer/10126} BLOCKED
04-14 14:44:31.995  1829  3423 I AppsFilter: interaction: PackageSetting{36eadd0 com.huawei.works.uat/10589} -> PackageSetting{bfb5e97 com.coloros.healthcheck/10223} BLOCKED
04-14 14:44:31.995  1829  3423 I AppsFilter: interaction: PackageSetting{36eadd0 com.huawei.works.uat/10589} -> PackageSetting{a37884 com.iflytek.speechsuite/10215} BLOCKED
04-14 14:44:31.995  1829  3423 I AppsFilter: interaction: PackageSetting{36eadd0 com.huawei.works.uat/10589} -> PackageSetting{e6ab86d com.coloros.weather.service/10227} BLOCKED
04-14 14:44:31.995  1829  3423 I AppsFilter: interaction: PackageSetting{36eadd0 com.huawei.works.uat/10589} -> PackageSetting{bc6abfc com.github.uiautomator.test/10168} BLOCKED
04-14 14:44:31.995  1829  3423 I AppsFilter: interaction: PackageSetting{36eadd0 com.huawei.works.uat/10589} -> PackageSetting{8efeca2 com.oplus.interconnectcollectkit/10015} BLOCKED
04-14 14:44:31.995  1829  3423 I AppsFilter: interaction: PackageSetting{36eadd0 com.huawei.works.uat/10589} -> PackageSetting{f8d4d33 com.oplus.apprecover/10313} BLOCKED
04-14 14:44:31.996  1829  3423 I AppsFilter: interaction: PackageSetting{36eadd0 com.huawei.works.uat/10589} -> PackageSetting{52198f0 com.oplus.aod/10335} BLOCKED
04-14 14:44:31.996  1829  3423 I AppsFilter: interaction: PackageSetting{36eadd0 com.huawei.works.uat/10589} -> PackageSetting{b1f63b7 com.oplus.dmp/10321} BLOCKED
04-14 14:44:31.996  1829  3423 I AppsFilter: interaction: PackageSetting{36eadd0 com.huawei.works.uat/10589} -> PackageSetting{5876e69 com.oplus.pay/10331} BLOCKED
04-14 14:44:31.996  1829  3423 I AppsFilter: interaction: PackageSetting{36eadd0 com.huawei.works.uat/10589} -> PackageSetting{c8430ee com.oplus.sos/10319} BLOCKED
04-14 14:44:31.996  1829  3423 I AppsFilter: interaction: PackageSetting{36eadd0 com.huawei.works.uat/10589} -> PackageSetting{145898f com.oplus.vip/10317} BLOCKED
04-14 14:44:31.996  1829  3423 I AppsFilter: interaction: PackageSetting{36eadd0 com.huawei.works.uat/10589} -> PackageSetting{e1f541c com.google.android.configupdater/10134} BLOCKED
04-14 14:44:31.996  1829  3423 I AppsFilter: interaction: PackageSetting{36eadd0 com.huawei.works.uat/10589} -> PackageSetting{89f8825 com.oplus.romupdate/10340} BLOCKED
04-14 14:44:31.996  1829  3423 I AppsFilter: interaction: PackageSetting{36eadd0 com.huawei.works.uat/10589} -> PackageSetting{ceb597a com.google.ar.core/10147} BLOCKED
04-14 14:44:31.996  1829  3423 I AppsFilter: interaction: PackageSetting{36eadd0 com.huawei.works.uat/10589} -> PackageSetting{9066dfa com.android.safetycenter.resources/10124} BLOCKED
04-14 14:44:31.996  1829  3423 I AppsFilter: interaction: PackageSetting{36eadd0 com.huawei.works.uat/10589} -> PackageSetting{69b2fab com.android.simappdialog/10081} BLOCKED
04-14 14:44:31.996  1829  3423 I AppsFilter: interaction: PackageSetting{36eadd0 com.huawei.works.uat/10589} -> PackageSetting{795d231 com.coloros.oshare/10172} BLOCKED
04-14 14:44:31.996  1829  3423 I AppsFilter: interaction: PackageSetting{36eadd0 com.huawei.works.uat/10589} -> PackageSetting{46581a1 com.android.connectivity.resources/10112} BLOCKED
04-14 14:44:31.996  1829  3423 I AppsFilter: interaction: PackageSetting{36eadd0 com.huawei.works.uat/10589} -> PackageSetting{3d6fc6 com.coloros.scenemode/10193} BLOCKED
04-14 14:44:31.996  1829  3423 I AppsFilter: interaction: PackageSetting{36eadd0 com.huawei.works.uat/10589} -> PackageSetting{b5b1b87 com.android.internal.display.cutout.emulation.hole/10031} BLOCKED
04-14 14:44:31.996  1829  3423 I AppsFilter: interaction: PackageSetting{36eadd0 com.huawei.works.uat/10589} -> PackageSetting{9980ab4 com.android.internal.display.cutout.emulation.tall/10299} BLOCKED
04-14 14:44:31.996  1829  3423 I AppsFilter: interaction: PackageSetting{36eadd0 com.huawei.works.uat/10589} -> PackageSetting{43796dd com.android.modulemetadata/10048} BLOCKED
04-14 14:44:31.996  1829  3423 I AppsFilter: interaction: PackageSetting{36eadd0 com.huawei.works.uat/10589} -> PackageSetting{143e923 com.android.internal.systemui.navbar.threebutton/10054} BLOCKED
04-14 14:44:31.996  1829  3423 I AppsFilter: interaction: PackageSetting{36eadd0 com.huawei.works.uat/10589} -> PackageSetting{f051e20 com.android.wifi.dialog/10117} BLOCKED
04-14 14:44:31.996  1829  3423 I AppsFilter: interaction: PackageSetting{36eadd0 com.huawei.works.uat/10589} -> PackageSetting{11bc3d9 jp.co.cyberagent.stf.rotationwatcher/10217} BLOCKED
04-14 14:44:31.997  1829  3423 I AppsFilter: interaction: PackageSetting{36eadd0 com.huawei.works.uat/10589} -> PackageSetting{154b19e com.ted.number/10159} BLOCKED
04-14 14:44:31.997  1829  3423 I AppsFilter: interaction: PackageSetting{36eadd0 com.huawei.works.uat/10589} -> PackageSetting{d61f47f com.oplus.upgradeguide/10025} BLOCKED
04-14 14:44:31.997  1829  3423 I AppsFilter: interaction: PackageSetting{36eadd0 com.huawei.works.uat/10589} -> PackageSetting{46dfc4c com.oplus.travelengine/10024} BLOCKED
04-14 14:44:31.997  1829  3423 I AppsFilter: interaction: PackageSetting{36eadd0 com.huawei.works.uat/10589} -> PackageSetting{47bc495 com.coloros.activation/10209} BLOCKED
04-14 14:44:31.997  1829  3423 I AppsFilter: interaction: PackageSetting{36eadd0 com.huawei.works.uat/10589} -> PackageSetting{ed649aa com.google.android.overlay.gmsconfig.common/10014} BLOCKED
04-14 14:44:31.997  1829  3423 I AppsFilter: interaction: PackageSetting{36eadd0 com.huawei.works.uat/10589} -> PackageSetting{f2b599b com.android.internal.systemui.navbar.gestural_extra_wide_back/10037} BLOCKED
04-14 14:44:31.997  1829  3423 I AppsFilter: interaction: PackageSetting{36eadd0 com.huawei.works.uat/10589} -> PackageSetting{3a49138 com.android.dreams.basic/10304} BLOCKED
04-14 14:44:31.997  1829  3423 I AppsFilter: interaction: PackageSetting{36eadd0 com.huawei.works.uat/10589} -> PackageSetting{aa11511 com.oplus.synergy/10311} BLOCKED
04-14 14:44:31.997  1829  3423 I AppsFilter: interaction: PackageSetting{36eadd0 com.huawei.works.uat/10589} -> PackageSetting{44c854a com.coloros.ocs.opencapabilityservice/10202} BLOCKED
04-14 14:44:31.997  1829  3423 I AppsFilter: interaction: PackageSetting{36eadd0 com.huawei.works.uat/10589} -> PackageSetting{d5bf477 com.oppo.instant.local.service/10143} BLOCKED
04-14 14:44:31.997  1829  3423 I AppsFilter: interaction: PackageSetting{36eadd0 com.huawei.works.uat/10589} -> PackageSetting{fad88e4 com.coloros.securityguard/10191} BLOCKED
04-14 14:44:31.998  1829  3423 I AppsFilter: interaction: PackageSetting{36eadd0 com.huawei.works.uat/10589} -> PackageSetting{f0f14d cn.wps.moffice.lite/10264} BLOCKED
04-14 14:44:31.998  1829  3423 I AppsFilter: interaction: PackageSetting{36eadd0 com.huawei.works.uat/10589} -> PackageSetting{eaa6402 com.coloros.translate.engine/10059} BLOCKED
04-14 14:44:31.998  1829  3423 I AppsFilter: interaction: PackageSetting{36eadd0 com.huawei.works.uat/10589} -> PackageSetting{4916113 com.coloros.codebook/10220} BLOCKED
04-14 14:44:31.998  1829  3423 I AppsFilter: interaction: PackageSetting{36eadd0 com.huawei.works.uat/10589} -> PackageSetting{52c4f50 com.oplus.uiengine/10342} BLOCKED
04-14 14:44:31.998  1829  3423 I AppsFilter: interaction: PackageSetting{36eadd0 com.huawei.works.uat/10589} -> PackageSetting{5c4606d com.oplus.statistics.rom/10310} BLOCKED
04-14 14:44:31.998  1829  3423 I AppsFilter: interaction: PackageSetting{36eadd0 com.huawei.works.uat/10589} -> PackageSetting{58f107c com.coloros.digitalwellbeing/10237} BLOCKED
04-14 14:44:31.998  1829  3423 I AppsFilter: interaction: PackageSetting{36eadd0 com.huawei.works.uat/10589} -> PackageSetting{d7fd05 com.android.wifi.resources/10241} BLOCKED
04-14 14:44:31.998  1829  3423 I AppsFilter: interaction: PackageSetting{36eadd0 com.huawei.works.uat/10589} -> PackageSetting{b4c74a2 com.oplus.account/10009} BLOCKED
04-14 14:44:31.998  1829  3423 I AppsFilter: interaction: PackageSetting{36eadd0 com.huawei.works.uat/10589} -> PackageSetting{1d1df8b com.android.theme.font.notoserifsource/10053} BLOCKED
04-14 14:44:31.998  1829  3423 I AppsFilter: interaction: PackageSetting{36eadd0 com.huawei.works.uat/10589} -> PackageSetting{8fab868 com.android.internal.display.cutout.emulation.waterfall/10058} BLOCKED
04-14 14:44:31.999  1829  3423 I AppsFilter: interaction: PackageSetting{36eadd0 com.huawei.works.uat/10589} -> PackageSetting{f606481 com.google.android.printservice.recommendation/10156} BLOCKED
04-14 14:44:31.999  1829  3423 I AppsFilter: interaction: PackageSetting{36eadd0 com.huawei.works.uat/10589} -> PackageSetting{2633533 com.opos.ads/10198} BLOCKED
