04-14 14:46:42.920  1829  3037 D TaskFragmentExtImpl: add ActivityRecord{cc393ab u0 com.huawei.works.uat/com.hh.agent.android.floating.ContainerActivity} t494} to mActivityRecordSum = Counter{ com.huawei.works.uat/com.hh.agent.android.floating.ContainerActivity(1) com.huawei.works.uat/huawei.w3.MainActivity(1) }
04-14 14:46:42.921  1829  3037 D ActivityTaskManager: getStartingWindowType: newTask=false, taskSwitch=false, processRunning=true, allowTaskSnapshot=true, activityCreated=false, snapshot=null, record:ActivityRecord{cc393ab u0 com.huawei.works.uat/com.hh.agent.android.floating.ContainerActivity} t494}
04-14 14:46:42.921  1829  3037 D ActivityRecordExtImpl: handleStartingWindowForCompactWindow origin type:0, adjustType : 0
04-14 14:46:42.921  1829  3037 D OplusZoomStarter: findSourceZoomTask: the caller is not a zoom window application and does not have a zoom windowMode startup parameter
04-14 14:46:42.921  1829  3037 D OplusZoomWindowRUSConfigManager: isSupportZoomModeWithPolicyLocked: target = com.huawei.works.uat/com.hh.agent.android.floating.ContainerActivity
04-14 14:46:42.921  1829  3037 D OplusZoomWindowRUSConfigManager: targetPkg = com.huawei.works.uat
04-14 14:46:42.924  1829  3037 D CompatibilityChangeReporter: Compat change id reported: 194833441; UID 10589; state: DISABLED
04-14 14:46:42.926  1829  3810 D CoreBackPreview: Window{392e807 u0 com.huawei.works.uat}: Setting back callback null
04-14 14:46:42.928  1829  3037 I WindowManager: Window{392e807 u0 com.huawei.works.uat} state from HAS_DRAWN to NO_SURFACE; reason: destroySurface
04-14 14:46:42.928  1829  2310 W NotificationHistory: Attempted to remove channel for locked/gone/disabled user 0
04-14 14:46:42.929  1829  1829 D CompatibilityChangeReporter: Compat change id reported: 175319604; UID 1000; state: ENABLED
04-14 14:46:42.931  1829  1829 D CompatibilityChangeReporter: Compat change id reported: 175319604; UID 1000; state: DISABLED
04-14 14:46:42.932  1829  1829 D CompatibilityChangeReporter: Compat change id reported: 195579280; UID 1000; state: ENABLED
04-14 14:46:42.933  1829  1829 D CompatibilityChangeReporter: Compat change id reported: 195579280; UID 1000; state: DISABLED
04-14 14:46:42.937  1829  3037 I ActivityTaskManager: The Process com.huawei.works.uat Already Exists in BG. So sending its PID: 16218
04-14 14:46:42.938  1829  3037 W ActivityTaskManager: Tried to set launchTime (0) < mLastActivityLaunchTime (345189315)
04-14 14:46:42.940  1829  3037 I TaskOrganizerController: onTaskInfoChanged taskid 494 config { mBounds=Rect(0, 0 - 1080, 2400) mAppBounds=Rect(0, 115 - 1080, 2400) mMaxBounds=Rect(0, 0 - 1080, 2400) mDisplayRotation=ROTATION_0 mWindowingMode=fullscreen mDisplayWindowingMode=fullscreen mActivityType=standard mAlwaysOnTop=undefined mRotation=ROTATION_0}
04-14 14:46:42.941  1829  3037 D OplusDexOptimizeManager: Do not in AppLaunchOptList!
04-14 14:46:42.943  1829  3037 V WindowManager: Changing focus from Window{8860d89 u0 com.huawei.works.uat/huawei.w3.MainActivity} to null,diplayid=0
04-14 14:46:42.962 16218 16218 I ConfigurationController: handleConfigurationChanged: true, config: {0.9 ?mcc?mnc [zh_CN] ldltr sw423dp w423dp h896dp 408dpi nrml long hdr widecg port finger -keyb/h/h -nav/h winConfig={ mBounds=Rect(0, 0 - 1080, 2400) mAppBounds=Rect(0, 115 - 1080, 2400) mMaxBounds=Rect(0, 0 - 1080, 2400) mDisplayRotation=ROTATION_0 mWindowingMode=fullscreen mDisplayWindowingMode=fullscreen mActivityType=undefined mAlwaysOnTop=undefined mRotation=ROTATION_0} s.1019 fontWeightAdjustment=0mThemeChanged= 0, mThemeChangedFlags= 0, mFlipFont= 0, mAccessibleChanged= -1, mUxIconConfig= 3468921665154449440, mMaterialColor= 0, mUserId= 0, mFontUserId= 0, mFontVariationSettings= 226, mFoldingAngle = -1.0, mIconPackName= , mDarkModeBackgroundMaxL= 0.0, mDarkModeDialogBgMaxL= 27.0, mDarkModeForegroundMinL= 100.0, mOplusConfigType= 1, mOplusChangedConfigs= 0, OpSans= 0, mBurmeseFontFlag= 2, mFlag= 0, mPuttDisplayFlag= -1} 
04-14 14:46:42.962 16218 16218 I ConfigurationController: , curconfig: {0.9 ?mcc?mnc [zh_CN] ldltr sw423dp w423dp h896dp 408dpi nrml long hdr widecg port finger -keyb/h/h -nav/h winConfig={ mBounds=Rect(0, 0 - 1080, 2400) mAppBounds=Rect(0, 115 - 1080, 2400) mMaxBounds=Rect(0, 0 - 1080, 2400) mDisplayRotation=ROTATION_0 mWindowingMode=fullscreen mDisplayWindowingMode=fullscreen mActivityType=undefined mAlwaysOnTop=undefined mRotation=ROTATION_0} s.1019 fontWeightAdjustment=0mThemeChanged= 0, mThemeChangedFlags= 0, mFlipFont= 0, mAccessibleChanged= -1, mUxIconConfig= 3468921665154449440, mMaterialColor= 0, mUserId= 0, mFontUserId= 0, mFontVariationSettings= 226, mFoldingAngle = -1.0, mIconPackName= , mDarkModeBackgroundMaxL= 0.0, mDarkModeDialogBgMaxL= 27.0, mDarkModeForegroundMinL= 100.0, mOplusConfigType= 1, mOplusChangedConfigs= 0, OpSans= 0, mBurmeseFontFlag= 2, mFlag= 0, mPuttDisplayFlag= -1} 
04-14 14:46:42.962 16218 16218 I ConfigurationController: android.app.ActivityThread.handleLaunchActivity:4003 android.app.servertransaction.LaunchActivityItem.execute:111 android.app.servertransaction.TransactionExecutor.executeCallbacks:135 android.app.servertransaction.TransactionExecutor.execute:95 android.app.ActivityThread$H.handleMessage:2474 android.os.Handler.dispatchMessage:106 android.os.Looper.loopOnce:240 android.os.Looper.loop:351 android.app.ActivityThread.main:8422 java.lang.reflect.Method.invoke:-2 
04-14 14:46:43.104  1829  4347 D OplusFullScreenDisplayManager: adjustWindowParamsLw com.huawei.works.uat, no change cutoutMode: 0
04-14 14:46:43.105  1829  4347 I WindowManager: addWindow: New client android.os.BinderProxy@bfc438b : window=Window{f7f4c68 u0 com.huawei.works.uat/com.hh.agent.android.floating.ContainerActivity}
04-14 14:46:43.106  1829  4347 D CoreBackPreview: Window{f7f4c68 u0 com.huawei.works.uat/com.hh.agent.android.floating.ContainerActivity}: Setting back callback OnBackInvokedCallbackInfo{mCallback=android.window.IOnBackInvokedCallback$Stub$Proxy@cd8fd26, mPriority=0}
04-14 14:46:43.115  1829  2311 I TaskOrganizerController: onTaskInfoChanged taskid 494 config { mBounds=Rect(0, 0 - 1080, 2400) mAppBounds=Rect(0, 115 - 1080, 2400) mMaxBounds=Rect(0, 0 - 1080, 2400) mDisplayRotation=ROTATION_0 mWindowingMode=fullscreen mDisplayWindowingMode=fullscreen mActivityType=standard mAlwaysOnTop=undefined mRotation=ROTATION_0}
04-14 14:46:43.123  1829 12055 D OplusFullScreenDisplayManager: adjustWindowParamsLw com.huawei.works.uat, no change cutoutMode: 0
04-14 14:46:43.123  1829 12055 V WindowManager: Relayout Window{f7f4c68 u0 com.huawei.works.uat/com.hh.agent.android.floating.ContainerActivity}: viewVisibility=0, oldvis=4, req=1080x2400
04-14 14:46:43.124  1829 12055 I WindowManager: Window{f7f4c68 u0 com.huawei.works.uat/com.hh.agent.android.floating.ContainerActivity} state from NO_SURFACE to DRAW_PENDING; reason: resetDrawState
04-14 14:46:43.126  1829 12055 V WindowManager: Changing focus from null to Window{f7f4c68 u0 com.huawei.works.uat/com.hh.agent.android.floating.ContainerActivity},diplayid=0
04-14 14:46:43.145  1829  4347 I WindowManager: Window{f7f4c68 u0 com.huawei.works.uat/com.hh.agent.android.floating.ContainerActivity} state from DRAW_PENDING to COMMIT_DRAW_PENDING; reason: finishDrawingLocked
04-14 14:46:43.145  1829  4347 D WindowManager: finishDrawingLocked forceApplyNow=false,2,Window{f7f4c68 u0 com.huawei.works.uat/com.hh.agent.android.floating.ContainerActivity}
04-14 14:46:43.148 16218 16218 I Quality : Skipped: false 1 cost 17.35702 refreshRate 16876657 bit true processName com.huawei.works.uat
04-14 14:46:43.152  1829  2311 I WindowManager: Window{f7f4c68 u0 com.huawei.works.uat/com.hh.agent.android.floating.ContainerActivity} state from COMMIT_DRAW_PENDING to READY_TO_SHOW; reason: commitFinishDrawingLocked
04-14 14:46:43.158  1829  2311 I SurfaceAnimationRunner: startAnimation requiresEdgeExtension=false, animationLeash=Surface(name=Surface(name=ActivityRecord{cc393ab u0 com.huawei.works.uat/com.hh.agent.android.floating.ContainerActivity})/@0xd688afe - animation-leash of app_transition)/@0xe50c25f, runningAnim=com.android.server.wm.SurfaceAnimationRunner$RunningAnimation@815e4ac, mPreProcessingAnimations={}
04-14 14:46:43.158  1829  2311 I WindowManager: Window{f7f4c68 u0 com.huawei.works.uat/com.hh.agent.android.floating.ContainerActivity} state from READY_TO_SHOW to HAS_DRAWN; reason: performShowLocked
04-14 14:46:43.165  1829  2323 D SurfaceAnimationRunner: onAnimationStart:Surface(name=Surface(name=ActivityRecord{cc393ab u0 com.huawei.works.uat/com.hh.agent.android.floating.ContainerActivity})/@0xd688afe - animation-leash of app_transition)/@0xe50c25f
04-14 14:46:43.187  1829  4347 D CompatibilityChangeReporter: Compat change id reported: 214016041; UID 10589; state: DISABLED
04-14 14:46:43.187  1829  4347 D InputMethodManagerService: isSecurity: attribute.packageName = com.huawei.works.uat mCurMethodId = com.baidu.input_oppo/.ImeService isSecurity = false ( enable = true needShow = false inBlackList = false isExist = true )
04-14 14:46:43.401  1829  2323 D SurfaceAnimationRunner: onAnimationEnd:Surface(name=Surface(name=ActivityRecord{cc393ab u0 com.huawei.works.uat/com.hh.agent.android.floating.ContainerActivity})/@0xd688afe - animation-leash of app_transition)/@0xe50c25f
04-14 14:46:43.402  1829  2311 I OplusAppSwitchManagerService:  handleAppVisible , r = ActivityRecord{cc393ab u0 com.huawei.works.uat/com.hh.agent.android.floating.ContainerActivity} t494}
04-14 14:46:44.154  1829  2953 D PowerManagerService: userActivityNoUpdateLocked: groupId=0, eventTime=345201871, event=2, flags=0x0, uid=1000
04-14 14:46:44.329  1829  1829 D OplusBrJobSchedulerService: in restriction white list com.oplus.battery action: android.intent.action.BATTERY_CHANGED
04-14 14:46:44.329  1829  1829 D OplusBrJobSchedulerService: in restriction white list com.oplus.battery action: android.intent.action.BATTERY_CHANGED
04-14 14:46:44.330  1829  1829 D OplusBrJobSchedulerService: in restriction white list com.oplus.battery action: android.intent.action.BATTERY_CHANGED
04-14 14:46:44.330  1829  1829 D OplusBrJobSchedulerService: in restriction white list com.oplus.location action: android.intent.action.BATTERY_CHANGED
04-14 14:46:44.349  1306  1306 I Quality : SFJankCountInfo: 2236;1;0-0-0-0-0-0-0-0-0-0;1-0-0-0-0-0-0-0-0-0;2-0-0-0-0-0-0-0-0-1;3-0-0-0-0-0-0-0-0-0;4-0-0-0-0-0-0-0-0-0;5-0-0-0-0-0-0-0-0-0;6-0-0-0-0-0-0-0-0-0;7-0-0-0-0-0-0-0-0-0;8-0-0-0-0-0-0-0-0-0;9-0-0-0-0-0-0-0-0-0;
04-14 14:46:44.386  1829  2953 D PowerManagerService: userActivityNoUpdateLocked: groupId=0, eventTime=345202103, event=2, flags=0x0, uid=1000
04-14 14:46:44.708  1829 12055 V WindowManager: Relayout Window{d626c89 u0 StatusBar}: viewVisibility=0, oldvis=0, req=1080x115
04-14 14:46:45.167  1829  2953 D PowerManagerService: userActivityNoUpdateLocked: groupId=0, eventTime=345202884, event=2, flags=0x0, uid=1000
04-14 14:46:45.702  1829 12055 V WindowManager: Relayout Window{d626c89 u0 StatusBar}: viewVisibility=0, oldvis=0, req=1080x115
04-14 14:46:46.186  1829  2953 D PowerManagerService: userActivityNoUpdateLocked: groupId=0, eventTime=345203902, event=2, flags=0x0, uid=1000
04-14 14:46:47.205  1829  2953 D PowerManagerService: userActivityNoUpdateLocked: groupId=0, eventTime=345204922, event=2, flags=0x0, uid=1000
04-14 14:46:47.445  1829  2953 D PowerManagerService: userActivityNoUpdateLocked: groupId=0, eventTime=345205159, event=2, flags=0x0, uid=1000
04-14 14:46:48.089  1829  2953 D PowerManagerService: userActivityNoUpdateLocked: groupId=0, eventTime=345205804, event=2, flags=0x0, uid=1000
04-14 14:46:48.198 16218 16218 I Quality : Skipped: false 1 cost 18.559435 refreshRate 16886764 bit true processName com.huawei.works.uat
04-14 14:46:48.239 16218 16218 I Quality : Skipped: false 1 cost 25.799864 refreshRate 16886764 bit true processName com.huawei.works.uat
04-14 14:46:48.248  1829  3879 D ActivityRecordExtImpl: skipPrepareAppTransitionForZoom false
04-14 14:46:48.295  1829  3423 V WindowManager: Changing focus from Window{f7f4c68 u0 com.huawei.works.uat/com.hh.agent.android.floating.ContainerActivity} to Window{8860d89 u0 com.huawei.works.uat/huawei.w3.MainActivity},diplayid=0
04-14 14:46:48.305  1829  3423 I TaskOrganizerController: onTaskInfoChanged taskid 494 config { mBounds=Rect(0, 0 - 1080, 2400) mAppBounds=Rect(0, 115 - 1080, 2400) mMaxBounds=Rect(0, 0 - 1080, 2400) mDisplayRotation=ROTATION_0 mWindowingMode=fullscreen mDisplayWindowingMode=fullscreen mActivityType=standard mAlwaysOnTop=undefined mRotation=ROTATION_0}
04-14 14:46:48.306  1829  3423 D TaskFragmentExtImpl: addColorModeOnResume resume=true pkg = com.huawei.works.uat
04-14 14:46:48.312  1829  3423 I OplusAppSwitchManagerService:  handleAppVisible , r = ActivityRecord{f9b3f94 u0 com.huawei.works.uat/huawei.w3.MainActivity} t494}
--------- beginning of main
04-14 14:46:48.439 16218 16218 E main-16218 [SubMeetingContentPresenter]: [null] refreshParseData
04-14 14:46:48.439 16218 16218 E main-16218 [SubMeetingContentPresenter]: org.json.JSONException: Value cardCaches of type java.lang.String cannot be converted to JSONArray
04-14 14:46:48.439 16218 16218 E main-16218 [SubMeetingContentPresenter]: 	at org.json.JSON.typeMismatch(JSON.java:112)
04-14 14:46:48.439 16218 16218 E main-16218 [SubMeetingContentPresenter]: 	at org.json.JSONArray.<init>(JSONArray.java:98)
04-14 14:46:48.439 16218 16218 E main-16218 [SubMeetingContentPresenter]: 	at org.json.JSONArray.<init>(JSONArray.java:110)
04-14 14:46:48.439 16218 16218 E main-16218 [SubMeetingContentPresenter]: 	at com.huawei.works.cardview.mould.chart.mixing.SubMeetingContentPresent.refreshParseData(SubMeetingContentPresent.java:72)
04-14 14:46:48.439 16218 16218 E main-16218 [SubMeetingContentPresenter]: 	at com.huawei.works.cardview.mould.chart.mixing.SubMeetingContentView.handleTag(SubMeetingContentView.java:490)
04-14 14:46:48.439 16218 16218 E main-16218 [SubMeetingContentPresenter]: 	at com.huawei.works.cardview.mould.chart.mixing.SubMeetingContentView.handleTagOnMainThread(SubMeetingContentView.java:508)
04-14 14:46:48.439 16218 16218 E main-16218 [SubMeetingContentPresenter]: 	at com.huawei.works.cardview.mould.chart.mixing.SubMeetingContentView.setTag(SubMeetingContentView.java:473)
04-14 14:46:48.439 16218 16218 E main-16218 [SubMeetingContentPresenter]: 	at com.huawei.works.cardview.mould.chart.ChartContentView.updateDynamicsCard(ChartContentView.java:169)
04-14 14:46:48.439 16218 16218 E main-16218 [SubMeetingContentPresenter]: 	at com.huawei.works.cardview.mould.chart.ChartContentView.setTag(ChartContentView.java:150)
04-14 14:46:48.439 16218 16218 E main-16218 [SubMeetingContentPresenter]: 	at com.huawei.works.store.widget.card.data.CardCreateManager.loadChartCardCaches(CardCreateManager.java:684)
04-14 14:46:48.439 16218 16218 E main-16218 [SubMeetingContentPresenter]: 	at com.huawei.works.store.widget.card.data.CardCreateManager.refreshCardDataForInit(CardCreateManager.java:388)
04-14 14:46:48.439 16218 16218 E main-16218 [SubMeetingContentPresenter]: 	at com.huawei.works.store.widget.card.data.CardCreateManager.addLocalCardView(CardCreateManager.java:293)
04-14 14:46:48.439 16218 16218 E main-16218 [SubMeetingContentPresenter]: 	at com.huawei.works.store.widget.card.data.CardCreateManager.lambda$createLocalCardViews$0(CardCreateManager.java:95)
04-14 14:46:48.439 16218 16218 E main-16218 [SubMeetingContentPresenter]: 	at com.huawei.works.store.widget.card.data.CardCreateManager$$ExternalSyntheticLambda0.run(D8$$SyntheticClass:0)
04-14 14:46:48.439 16218 16218 E main-16218 [SubMeetingContentPresenter]: 	at com.huawei.it.w3m.core.executor.RunnableWrapper.run(RunnableWrapper.java:63)
04-14 14:46:48.439 16218 16218 E main-16218 [SubMeetingContentPresenter]: 	at com.huawei.it.w3m.core.executor.WeExecutor.runOnMainThread(WeExecutor.java:148)
04-14 14:46:48.439 16218 16218 E main-16218 [SubMeetingContentPresenter]: 	at com.huawei.welink.core.api.executor.WeExecutorAPIImpl.runOnMainThread(WeExecutorAPIImpl.java:35)
04-14 14:46:48.439 16218 16218 E main-16218 [SubMeetingContentPresenter]: 	at com.huawei.works.store.widget.card.data.CardCreateManager.createLocalCardViews(CardCreateManager.java:93)
04-14 14:46:48.439 16218 16218 E main-16218 [SubMeetingContentPresenter]: 	at com.huawei.works.store.ui.index.StoreIndexLayout.startCreateCardViews(StoreIndexLayout.java:248)
04-14 14:46:48.439 16218 16218 E main-16218 [SubMeetingContentPresenter]: 	at com.huawei.works.store.ui.index.StoreIndexLayout.createLocalCardViews(StoreIndexLayout.java:236)
04-14 14:46:48.439 16218 16218 E main-16218 [SubMeetingContentPresenter]: 	at com.huawei.works.store.ui.index.StoreIndexLayout.onResume(StoreIndexLayout.java:316)
04-14 14:46:48.439 16218 16218 E main-16218 [SubMeetingContentPresenter]: 	at com.huawei.works.store.ui.index.StoreIndexFragment.onResume(StoreIndexFragment.java:78)
04-14 14:46:48.439 16218 16218 E main-16218 [SubMeetingContentPresenter]: 	at androidx.fragment.app.Fragment.performResume(Fragment.java:3071)
04-14 14:46:48.439 16218 16218 E main-16218 [SubMeetingContentPresenter]: 	at androidx.fragment.app.FragmentStateManager.resume(FragmentStateManager.java:605)
04-14 14:46:48.439 16218 16218 E main-16218 [SubMeetingContentPresenter]: 	at androidx.fragment.app.FragmentStateManager.moveToExpectedState(FragmentStateManager.java:285)
04-14 14:46:48.439 16218 16218 E main-16218 [SubMeetingContentPresenter]: 	at androidx.fragment.app.FragmentStore.moveToExpectedState(FragmentStore.java:113)
04-14 14:46:48.439 16218 16218 E main-16218 [SubMeetingContentPresenter]: 	at androidx.fragment.app.FragmentManager.moveToState(FragmentManager.java:1374)
04-14 14:46:48.439 16218 16218 E main-16218 [SubMeetingContentPresenter]: 	at androidx.fragment.app.FragmentManager.dispatchStateChange(FragmentManager.java:2841)
04-14 14:46:48.439 16218 16218 E main-16218 [SubMeetingContentPresenter]: 	at androidx.fragment.app.FragmentManager.dispatchResume(FragmentManager.java:2798)
04-14 14:46:48.439 16218 16218 E main-16218 [SubMeetingContentPresenter]: 	at androidx.fragment.app.FragmentController.dispatchResume(FragmentController.java:284)
04-14 14:46:48.439 16218 16218 E main-16218 [SubMeetingContentPresenter]: 	at androidx.fragment.app.FragmentActivity.onResumeFragments(FragmentActivity.java:434)
04-14 14:46:48.439 16218 16218 E main-16218 [SubMeetingContentPresenter]: 	at androidx.fragment.app.FragmentActivity.onPostResume(FragmentActivity.java:423)
04-14 14:46:48.439 16218 16218 E main-16218 [SubMeetingContentPresenter]: 	at android.app.Activity.performResume(Activity.java:8590)
04-14 14:46:48.439 16218 16218 E main-16218 [SubMeetingContentPresenter]: 	at android.app.ActivityThread.performResumeActivity(ActivityThread.java:5056)
04-14 14:46:48.439 16218 16218 E main-16218 [SubMeetingContentPresenter]: 	at android.app.ActivityThread.handleResumeActivity(ActivityThread.java:5117)
04-14 14:46:48.439 16218 16218 E main-16218 [SubMeetingContentPresenter]: 	at android.app.servertransaction.ResumeActivityItem.execute(ResumeActivityItem.java:60)
04-14 14:46:48.439 16218 16218 E main-16218 [SubMeetingContentPresenter]: 	at android.app.servertransaction.ActivityTransactionItem.execute(ActivityTransactionItem.java:45)
04-14 14:46:48.439 16218 16218 E main-16218 [SubMeetingContentPresenter]: 	at android.app.servertransaction.TransactionExecutor.executeLifecycleState(TransactionExecutor.java:176)
04-14 14:46:48.439 16218 16218 E main-16218 [SubMeetingContentPresenter]: 	at android.app.servertransaction.TransactionExecutor.execute(TransactionExecutor.java:97)
04-14 14:46:48.439 16218 16218 E main-16218 [SubMeetingContentPresenter]: 	at android.app.ActivityThread$H.handleMessage(ActivityThread.java:2474)
04-14 14:46:48.439 16218 16218 E main-16218 [SubMeetingContentPresenter]: 	at android.os.Handler.dispatchMessage(Handler.java:106)
04-14 14:46:48.439 16218 16218 E main-16218 [SubMeetingContentPresenter]: 	at android.os.Looper.loopOnce(Looper.java:240)
04-14 14:46:48.439 16218 16218 E main-16218 [SubMeetingContentPresenter]: 	at android.os.Looper.loop(Looper.java:351)
04-14 14:46:48.439 16218 16218 E main-16218 [SubMeetingContentPresenter]: 	at android.app.ActivityThread.main(ActivityThread.java:8422)
04-14 14:46:48.439 16218 16218 E main-16218 [SubMeetingContentPresenter]: 	at java.lang.reflect.Method.invoke(Native Method)
04-14 14:46:48.439 16218 16218 E main-16218 [SubMeetingContentPresenter]: 	at com.android.internal.os.RuntimeInit$MethodAndArgsCaller.run(RuntimeInit.java:584)
04-14 14:46:48.439 16218 16218 E main-16218 [SubMeetingContentPresenter]: 	at com.android.internal.os.ZygoteInit.main(ZygoteInit.java:1013)
04-14 14:46:48.440 16218 16218 I main-16218 [SubMeetingContentPresenter]: [null] [parseData] start
04-14 14:46:48.440 16218 16218 I main-16218 [SubMeetingContentView]: [null] [hideLoadView] start
04-14 14:46:48.441 16218 16218 I main-16218 [SubMeetingContentPresenter]: [null] [parseData] item data list size: 4
04-14 14:46:48.441 16218 16218 I main-16218 [SubMeetingContentView]: [null] [hideNoDataView] start
04-14 14:46:48.442 16218 16218 I main-16218 [SubMeetingContentView]: [null] [setItemDataList] item data size: 4 #button size: null
04-14 14:46:48.442 16218 16218 I main-16218 [SubMeetingContentView]: [null] [createItemView] size: 4
04-14 14:46:48.442 16218 16218 I main-16218 [SubMeetingContentView]: [null] [createSubItemView] index: 0 #show picture: true
04-14 14:46:48.449 16218 16218 I main-16218 [SubMeetingContentView]: [null] [createSubItemView] index: 1 #show picture: true
04-14 14:46:48.452 16218 16218 I main-16218 [SubMeetingContentView]: [null] [createSubItemView] index: 2 #show picture: true
04-14 14:46:48.454 16218 16218 I main-16218 [SubMeetingContentView]: [null] [createSubItemView] index: 3 #show picture: true
04-14 14:46:48.456 16218 16218 W main-16218 [welink.store]: [CardCreateManager] [requestOldCardContent] start isInit: true #isRefresh: false #cardId com.huawei.mould2102329
04-14 14:46:48.456 16218 16218 I main-16218 [welink.base]: [RunnableWrapper] finish runnable: com.huawei.works.store.widget.card.data.CardCreateManager$$ExternalSyntheticLambda0@551b546, thread=main, WeLink is in foreground, cost time: 30
04-14 14:46:48.456 16218 16218 I main-16218 [welink.store]: [com.huawei.works.store.ui.index.StoreIndexLayout] [autoRefreshCardContentOverTime]: start.
04-14 14:46:48.456 16218 16218 I main-16218 [welink.store]: [com.huawei.works.store.ui.index.StoreIndexLayout] [autoRefreshCardContentOverTime]: Not due time.
04-14 14:46:48.458 16218 16218 D VRI[MainActivity]: onFocusEvent true
04-14 14:46:48.458 16218 16218 D VRI[MainActivity]: send msg MSG_WINDOW_FOCUS_CHANGED with caller android.view.ViewRootImplExtImpl.markAndDumpWindowFocusChangeMsg:956 android.view.ViewRootImpl.windowFocusChanged:9837 android.view.ViewRootImpl$WindowInputEventReceiver.onFocusEvent:9550 android.os.MessageQueue.nativePollOnce:-2 android.os.MessageQueue.next:349 android.os.Looper.loopOnce:186 android.os.Looper.loop:351 android.app.ActivityThread.main:8422 java.lang.reflect.Method.invoke:-2 com.android.internal.os.RuntimeInit$MethodAndArgsCaller.run:584 com.android.internal.os.ZygoteInit.main:1013 <bottom of call stack> <bottom of call stack> <bottom of call stack> <bottom of call stack> <bottom of call stack> <bottom of call stack> <bottom of call stack> <bottom of call stack> <bottom of call stack> 
04-14 14:46:48.462 16218 16218 D VRI[ContainerActivity]: setWindowStopped stopped:true
04-14 14:46:48.463 16218 16218 I main-16218 [welink.base]: [ClientStateMonitor] [method: onActivityStopped] activity: com.hh.agent.android.floating.ContainerActivity
04-14 14:46:48.464 16218 16218 D AgentAndroid: [FloatingBallLifecycle][activity_stopped] activity=com.hh.agent.android.floating.ContainerActivity
04-14 14:46:48.464 16218 16218 D AgentAndroid: [FloatingBallLifecycle][activity_stopped] activity=com.hh.agent.android.floating.ContainerActivity
04-14 14:46:48.464 16218 16218 D AgentAndroid: [FloatingBallLifecycle][visibility_update_scheduled] reason=activity_stopped app_in_foreground=true activity=huawei.w3.MainActivity delay_ms=180
04-14 14:46:48.464 16218 16218 D AgentAndroid: [FloatingBallLifecycle][visibility_update_scheduled] reason=activity_stopped app_in_foreground=true activity=huawei.w3.MainActivity delay_ms=180
04-14 14:46:48.465 16218 16218 I main-16218 [welink.base]: [ClientStateMonitor] [method: onActivityDestroyed] com.hh.agent.android.floating.ContainerActivity
04-14 14:46:48.466 16218 18146 I LogUI   : main{2} [ActivityLifecycleHandle]com.hh.agent.android.floating.ContainerActivity@733ea76 onActivityDestroyed 
04-14 14:46:48.466 16218 16218 I main-16218 [welink.cloudconference]: [ActivityLifecycleHandle] com.hh.agent.android.floating.ContainerActivity@733ea76 onActivityDestroyed
04-14 14:46:48.468 16218 16218 D CursorFeedback: editorDetachFromWindow android.widget.Editor@f98fb84
04-14 14:46:48.468 16218 16218 D CursorFeedback: editorDetachFromWindow android.widget.Editor@cdd7f6d
04-14 14:46:48.469 16218 16218 D CursorFeedback: editorDetachFromWindow android.widget.Editor@16c4bf0
04-14 14:46:48.471 16218 16218 D OplusScrollToTopManager: com.huawei.works.uat/com.hh.agent.android.floating.ContainerActivity,window dying
04-14 14:46:48.471 16218 16218 D OplusScrollToTopManager: com.huawei.works.uat/com.hh.agent.android.floating.ContainerActivity,unregisterSystemUIBroadcastReceiver 
04-14 14:46:48.471 16218 16218 D OplusScrollToTopManager: com.huawei.works.uat/com.hh.agent.android.floating.ContainerActivity, unregisterSystemUIBroadcastReceiver failed java.lang.IllegalArgumentException: Receiver not registered: android.view.OplusScrollToTopManager$2@48388fa
04-14 14:46:48.473  1829  3879 D CoreBackPreview: Window{f7f4c68 u0 com.huawei.works.uat/com.hh.agent.android.floating.ContainerActivity}: Setting back callback null
04-14 14:46:48.474 16218 16218 D OpenGLRenderer: RenderProxy::destroy: this=0x7e8975a000, mContext=0x7d0caaad80
04-14 14:46:48.474 16218 17597 D OpenGLRenderer: SkiaOpenGLPipeline::setSurface: this=0x7e98a7a000, surface=NULL
04-14 14:46:48.474 16218 17597 D BufferQueueProducer: [VRI[ContainerActivity]#3(BLAST Consumer)3](id:3f5a00000003,api:1,p:16218,c:16218) disconnect: api 1
04-14 14:46:48.475 16218 17597 D BufferQueueConsumer: [VRI[ContainerActivity]#3(BLAST Consumer)3](id:3f5a00000003,api:0,p:-1,c:16218) disconnect
04-14 14:46:48.477  1829 12055 W InputManager-JNI: Input channel object 'f7f4c68 com.huawei.works.uat/com.hh.agent.android.floating.ContainerActivity (client)' was disposed without first being removed with the input manager!
04-14 14:46:48.477  1829 12055 I WindowManager: Window{f7f4c68 u0 com.huawei.works.uat/com.hh.agent.android.floating.ContainerActivity} state from HAS_DRAWN to NO_SURFACE; reason: destroySurface
04-14 14:46:48.482 16218 16218 I Quality : Skipped: false 9 cost 151.35281 refreshRate 16666666 bit true processName com.huawei.works.uat
04-14 14:46:48.484  1306  1306 D Layer   : reparent to null sequence=14795, seq[6], name=com.huawei.works.uat/com.hh.agent.android.floating.ContainerActivity#14795
04-14 14:46:48.484  1306  1306 D Layer   : reparent to null sequence=14794, seq[5], name=f7f4c68 com.huawei.works.uat/com.hh.agent.android.floating.ContainerActivity#14794
04-14 14:46:48.484  1306  1306 D Layer   : reparent to null sequence=14801, seq[3], name=Surface(name=cefdc93 InputMethod)/@0x65e0fce - animation-leash of insets_animation#14801
04-14 14:46:48.484  1829 12055 D TaskFragmentExtImpl: remove ActivityRecord{cc393ab u0 com.huawei.works.uat/com.hh.agent.android.floating.ContainerActivity} t-1 f}} to mActivityRecordSum = Counter{ com.huawei.works.uat/huawei.w3.MainActivity(1) }
04-14 14:46:48.486  1829  3879 D OplusFullScreenDisplayManager: adjustWindowParamsLw com.huawei.works.uat, no change cutoutMode: 0
04-14 14:46:48.486  1829  3879 V WindowManager: Relayout Window{8860d89 u0 com.huawei.works.uat/huawei.w3.MainActivity}: viewVisibility=0, oldvis=0, req=1080x2400
04-14 14:46:48.488  1829  3879 I TaskOrganizerController: onTaskInfoChanged taskid 494 config { mBounds=Rect(0, 0 - 1080, 2400) mAppBounds=Rect(0, 115 - 1080, 2400) mMaxBounds=Rect(0, 0 - 1080, 2400) mDisplayRotation=ROTATION_0 mWindowingMode=fullscreen mDisplayWindowingMode=fullscreen mActivityType=standard mAlwaysOnTop=undefined mRotation=ROTATION_0}
04-14 14:46:48.490  3204  3330 D ShellTaskOrganizerExt: isOnCanvas size:0
04-14 14:46:48.490  3204  3330 D ShellTaskOrganizerExt: isOnThreeFlexibleCanvas size:0
04-14 14:46:48.490  3204  3330 D ShellTaskOrganizerExt: visibleFlexibleTaskInfos delete:494
04-14 14:46:48.493 16218 17627 I UI_TASK : [16218]main{2_16218}() --com.huawei.hwespace.util.AthenaEnterUtils$5@aaf266c
04-14 14:46:48.494 16218 17627 I UI_TASK : [16218]main{2_16218}() --com.huawei.hwespace.zone.ImZone$18@2ebf2e9
04-14 14:46:48.496 16218 17622 I main-16218 [welink.base]: [RunnableWrapper] start runnable: com.huawei.works.store.utils.WeTask$$ExternalSyntheticLambda0@f6fbad9, thread=W#WeTask$$ExternalSyntheticLambda0_utils_store_works_huawei_com, WeLink is in foreground
04-14 14:46:48.496 16218 18272 D main-16218 [welink.base]: [OkHttpInterceptorFactory] [method: getResponse] send request: Request{method=GET, url=https://w3m-beta.huawei.com/mcloud/mag/ProxyForText/iocbff_alpha/iocbusiness/welink/DirectBusCardConfig/1, headers=[Content-Type:application/json, traceId:we-8354e77c-951e-41d0-b48a-d38b3145939f, lang:zh, uuid:250c04509497d03e, deviceId:250c04509497d03e, deviceName:OPPO_PEGM00_13, appName:WeLinkUat, buildCode:615, businessVersionCode:615, appVersion:20260401, osTarget:0, deviceType:0, networkType:wifi, User-Agent:WeLinkUat/20260401 (android; android33; PEGM00), Cookie:hwsso_login=V011lKS8UsnKq_apgEYdEe6LmLNCKqRulntKxq1IfHbgYVo3h_aMwKpdSGLZcJiBnfkhSokFCR_bxsdreZshoBuSoABjNswAWzGaUnXqk2qKAJPXkMcKLLftaM2_a0vga0iXTgx_aMh7RVlvtH6zxpIGC_bokmQGSv9hZRevFf_aVcYQwU_b_aTFwk5xG4BFOGfBzE1Z1HQBgcPd5H4YUeJXw_ax_b3EW_aRlqXodr9IeZUOprozkXkueDCCMROaZ2gY_aiRAPFnpLpTO4tj8AxwfovH7_aPMt3cTXFi1ga7qM0hHLHEtU6Bxz_bWUaemAZ1x_aLnASUeUUn2d_bX6vzUiWSJRcD8R3tiOL_bKzA_c_c; hwssot3=31661256453127; login_logFlag=in; login_sid=62-54-C9-39-EA-CB-35-F2-4E-B5-09-B5-C7-94-05-88-E7-20-5E-17-DE-DE-CA-85-76-E8-FE-5B-A0-F5-E7-F9-01-FA-1C-F3-CA-55-17-E5-71-88-77-CE-0A-58-41-73-BD-B0-89-4D-C4-54-80-37; login_uid=FB-44-49-00-C0-41-77-69-CC-26-30-B6-B4-48-AF-03; suid=FB-44-49-00-C0-41-77-69-CC-26-30-B6-B4-48-AF-03; x-wlk-Authorization=fe3e3199-d29f-1550-95ff-c5a116b6274e; hwssotinter3=31661256453127; SESSION=25c90624-2162-494a-978f-6d647f76e927; magot3=31661257406273; hwssotinter=55-53-21-18-6E-52-B3-29-BC-A0-22-A0-6C-E2-F2-BC; hwssot=55-53-21-18-6E-52-B3-29-BC-A0-22-A0-6C-E2-F2-BC], tags={class retrofit2.Invocation=com.huawei.works.cardview.mould.isales.service.ApiService.getExhibitData() [https://w3m-beta.huawei.com/mcloud/mag/ProxyForText/iocbff_alpha/iocbusiness/welink/DirectBusCardConfig/1], class com.huawei.it.w3m.core.http.OkHttpCallProxy=com.huawei.it.w3m.core.http.OkHttpCallProxy@a56dc9e, class java.lang.Object=we-8354e77c-951e-41d0-b48a-d38b3145939f}}
04-14 14:46:48.497 16218 16218 D VRI[MainActivity]: handleWindowFocusChanged mWindowFocusChanged true mUpcomingWindowFocus true mAdded true
04-14 14:46:48.499 16218 17622 I main-16218 [welink.store]: [WeCodeDataUtils] [getAllVisitApps] size: 3, cost: 3
04-14 14:46:48.499 16218 17622 I main-16218 [welink.base]: [RunnableWrapper] finish runnable: com.huawei.works.store.utils.WeTask$$ExternalSyntheticLambda0@f6fbad9, thread=W#WeTask$$ExternalSyntheticLambda0_utils_store_works_huawei_com, WeLink is in foreground, cost time: 3
04-14 14:46:48.499  1829  3879 D InputMethodManagerService: isSecurity: attribute.packageName = com.huawei.works.uat mCurMethodId = com.baidu.input_oppo/.ImeService isSecurity = false ( enable = true needShow = false inBlackList = false isExist = true )
04-14 14:46:48.499 16218 17622 I main-16218 [welink.base]: [RunnableWrapper] start runnable: com.huawei.works.store.utils.WeTask$$ExternalSyntheticLambda0@9982b95, thread=W#WeTask$$ExternalSyntheticLambda0_utils_store_works_huawei_com, WeLink is in foreground
04-14 14:46:48.501  1306  1306 D Layer   : reparent to null sequence=14793, seq[5], name=ActivityRecord{cc393ab u0 com.huawei.works.uat/com.hh.agent.android.floating.ContainerActivity}#14793
04-14 14:46:48.501 16218 18272 D main-16218 [welink.base]: [W3HttpResponseHandler] https://w3m-beta.huawei.com/mcloud/mag/ProxyForText/iocbff_alpha/iocbusiness/welink/DirectBusCardConfig/1 Response : {"resultCode":"001","resultMsg":"","result":{"bgImageUrl":"http://app.huawei.com/mobileoperation/ha-i/2400_1b211.png","btnImageUrl":"http://app.huawei.com/mobileoperation/ha-i/224e_33e36.png","bgLink":"h5://001702611971676/html/index.html?shownavbar=0","btnList":[]}}
04-14 14:46:48.502 16218 18272 I main-16218 [welink.base]: [HttpUtil] [saveSSOCookie] requestUrl=https://w3m-beta.huawei.com/mcloud/mag/ProxyForText/iocbff_alpha/iocbusiness/welink/DirectBusCardConfig/1, cookies=[magot3=31661257416426; Domain=.huawei.com; Path=/, hwssotinter=55-53-21-18-6E-52-B3-29-82-DD-0D-DD-C4-2C-8E-F4; Domain=.huawei.com; Path=/, hwssot=55-53-21-18-6E-52-B3-29-82-DD-0D-DD-C4-2C-8E-F4; Domain=.huawei.com; Path=/, JSESSIONID=3A5CA87CA75F127233A50AAF47213DB7726FB1B0BD3F0FEF; Path=/iocbff; HttpOnly, localovertime=1776150888502; Path=/; Domain=.local.com]
04-14 14:46:48.504  7444  7444 I bdoppoime: onStartInput called, com.huawei.works.uat
04-14 14:46:48.506 16218 18126 I main-16218 [welink.base]: [RunnableWrapper] start runnable: com.huawei.works.store.utils.WeTask$$ExternalSyntheticLambda0@6cc8250, thread=W#WeTask$$ExternalSyntheticLambda0_utils_store_works_huawei_com, WeLink is in foreground
04-14 14:46:48.507 16218 16218 I main-16218 [welink.base]: [RunnableWrapper] start runnable: com.huawei.works.store.utils.WeTask$$ExternalSyntheticLambda1@ac1a94e, thread=main, WeLink is in foreground
04-14 14:46:48.507 16218 16218 I main-16218 [welink.base]: [RunnableWrapper] finish runnable: com.huawei.works.store.utils.WeTask$$ExternalSyntheticLambda1@ac1a94e, thread=main, WeLink is in foreground, cost time: 0
04-14 14:46:48.508 16218 18110 I main-16218 [welink.base]: [RunnableWrapper] start runnable: com.huawei.works.store.utils.WeTask$$ExternalSyntheticLambda0@c130c5a, thread=W#WeTask$$ExternalSyntheticLambda0_utils_store_works_huawei_com, WeLink is in foreground
04-14 14:46:48.508 16218 17591 I main-16218 [welink.base]: [RunnableWrapper] start runnable: com.huawei.works.store.utils.WeTask$$ExternalSyntheticLambda0@97bde8b, thread=W#WeTask$$ExternalSyntheticLambda0_utils_store_works_huawei_com, WeLink is in foreground
04-14 14:46:48.508 16218 17592 I main-16218 [welink.base]: [RunnableWrapper] start runnable: com.huawei.works.store.utils.WeTask$$ExternalSyntheticLambda0@20e4b68, thread=W#WeTask$$ExternalSyntheticLambda0_utils_store_works_huawei_com, WeLink is in foreground
04-14 14:46:48.508 16218 18127 I main-16218 [welink.base]: [RunnableWrapper] start runnable: com.huawei.works.store.utils.WeTask$$ExternalSyntheticLambda0@57ffb81, thread=W#WeTask$$ExternalSyntheticLambda0_utils_store_works_huawei_com, WeLink is in foreground
04-14 14:46:48.511  7444  7444 I bdoppoime: multiWindow: false
04-14 14:46:48.512  7444  7444 I bdoppoime: multiWindow: false
04-14 14:46:48.512  7444  8229 I bdoppoime: start init data statistics
04-14 14:46:48.512  7444  8229 I bdoppoime: end init data statistics
04-14 14:46:48.515 16218 16218 E uawei.works.uat: Invalid ID 0x00000001.
04-14 14:46:48.515 16218 16218 E uawei.works.uat: Invalid ID 0x00000002.
04-14 14:46:48.516  7444  7444 I bdoppoime: multiWindow: false
04-14 14:46:48.518  1306  1306 D Layer   : reparent to null sequence=14806, seq[2], name=Surface(name=cefdc93 InputMethod)/@0x65e0fce - animation-leash of insets_animation#14806
04-14 14:46:48.518 16218 16218 I AgentAndroid: [InProcessViewHierarchyDumper][dump_complete] activity=huawei.w3.MainActivity node_count=228 max_nodes=300
04-14 14:46:48.518 16218 16218 I AgentAndroid: [InProcessViewHierarchyDumper][dump_complete] activity=huawei.w3.MainActivity node_count=228 max_nodes=300
04-14 14:46:48.518  7444  7444 I bdoppoime: SysInfo.getSysParam: orientation=1||config d=408,w=1080,h=2285||metrics d=2.55, densityDpi =408||sdk=33,stausH=115||appScale=3.3, selfScacle=3.3, sysScale=2.55,isPadMode=false, boardw=1080, boardH=637, candH=144, boardL=0, boardR=1080, ver=8.5.30.503, realW=1080, realH=2400, lang=zh, region=CN, split=false, miniMapMode: 0, splitScreenLeftRect=null, inputWay: 0, isFoldExpand: false, CUID: 7D5704-1C7D9E-F185D4-3C16C4-G2677D-63
04-14 14:46:48.518 16218 18770 I AgentAndroid: [ScreenVisionSnapshotAnalyzer][analyze_start] activity=huawei.w3.MainActivity target_hint=业务
04-14 14:46:48.518 16218 18770 I AgentAndroid: [ScreenVisionSnapshotAnalyzer][analyze_start] activity=huawei.w3.MainActivity target_hint=业务
04-14 14:46:48.520 16218 18126 I main-16218 [welink.store]: [WeCodeDataUtils] [getAllVisitApps] size: 3, cost: 14
04-14 14:46:48.520 16218 18126 I main-16218 [welink.base]: [RunnableWrapper] finish runnable: com.huawei.works.store.utils.WeTask$$ExternalSyntheticLambda0@6cc8250, thread=W#WeTask$$ExternalSyntheticLambda0_utils_store_works_huawei_com, WeLink is in foreground, cost time: 14
04-14 14:46:48.521 16218 17622 I main-16218 [welink.store]: [WeCodeDataUtils] [getAllVisitApps] size: 3, cost: 22
04-14 14:46:48.521 16218 16218 I main-16218 [welink.base]: [RunnableWrapper] start runnable: com.huawei.works.store.utils.WeTask$$ExternalSyntheticLambda1@bd152d6, thread=main, WeLink is in foreground
04-14 14:46:48.521 16218 17622 I main-16218 [welink.base]: [RunnableWrapper] finish runnable: com.huawei.works.store.utils.WeTask$$ExternalSyntheticLambda0@9982b95, thread=W#WeTask$$ExternalSyntheticLambda0_utils_store_works_huawei_com, WeLink is in foreground, cost time: 22
04-14 14:46:48.521 16218 16218 I main-16218 [welink.base]: [RunnableWrapper] finish runnable: com.huawei.works.store.utils.WeTask$$ExternalSyntheticLambda1@bd152d6, thread=main, WeLink is in foreground, cost time: 0
04-14 14:46:48.521 16218 16218 I main-16218 [welink.base]: [RunnableWrapper] start runnable: com.huawei.works.store.utils.WeTask$$ExternalSyntheticLambda1@ff7cc44, thread=main, WeLink is in foreground
04-14 14:46:48.522 16218 16218 I main-16218 [welink.base]: [RunnableWrapper] finish runnable: com.huawei.works.store.utils.WeTask$$ExternalSyntheticLambda1@ff7cc44, thread=main, WeLink is in foreground, cost time: 1
04-14 14:46:48.528 16218 18110 I main-16218 [welink.store]: [WeCodeDataUtils] [getAllVisitApps] size: 3, cost: 20
04-14 14:46:48.528 16218 18272 D main-16218 [welink.base]: [RetrofitHttp] [method: doStartRequest] request: async request: uuid=e8f35c66-785e-4434-9b2b-fa7141de08b4, traceId=we-8354e77c-951e-41d0-b48a-d38b3145939f, url=https://w3m-beta.huawei.com/mcloud/mag/ProxyForText/iocbff_alpha/iocbusiness/welink/DirectBusCardConfig/1 response header: content-type: text/plain;charset=UTF-8
04-14 14:46:48.528 16218 18272 D main-16218 [welink.base]: content-length: 267
04-14 14:46:48.528 16218 18272 D main-16218 [welink.base]: date: Tue, 14 Apr 2026 06:46:48 GMT
04-14 14:46:48.528 16218 18272 D main-16218 [welink.base]: set-cookie: ██
04-14 14:46:48.528 16218 18272 D main-16218 [welink.base]: set-cookie: ██
04-14 14:46:48.528 16218 18272 D main-16218 [welink.base]: set-cookie: ██
04-14 14:46:48.528 16218 18272 D main-16218 [welink.base]: trace-id: cf26d274-93dd-46b3-be16-4a5e4cd70953
04-14 14:46:48.528 16218 18272 D main-16218 [welink.base]: vary: Origin
04-14 14:46:48.528 16218 18272 D main-16218 [welink.base]: vary: Access-Control-Request-Method
04-14 14:46:48.528 16218 18272 D main-16218 [welink.base]: vary: Access-Control-Request-Headers
04-14 14:46:48.528 16218 18272 D main-16218 [welink.base]: sso-validate-code: 200
04-14 14:46:48.528 16218 18272 D main-16218 [welink.base]: set-cookie: ██
04-14 14:46:48.528 16218 18272 D main-16218 [welink.base]: cache-control: no-cache,no-store,max-age=0
04-14 14:46:48.528 16218 18272 D main-16218 [welink.base]: expires: Thu, 01 Jan 1970 00:00:00 GMT
04-14 14:46:48.528 16218 18272 D main-16218 [welink.base]: pragma: no-cache
04-14 14:46:48.528 16218 18272 D main-16218 [welink.base]: loop: 2
04-14 14:46:48.528 16218 18272 D main-16218 [welink.base]: traceid: we-8354e77c-951e-41d0-b48a-d38b3145939f
04-14 14:46:48.528 16218 18272 D main-16218 [welink.base]: x-server-process-time: 0.036
04-14 14:46:48.528 16218 18272 D main-16218 [welink.base]: x-upstream-process-time: 0.036
04-14 14:46:48.528 16218 18272 D main-16218 [welink.base]: x-alb-server: ALB
04-14 14:46:48.528 16218 18272 D main-16218 [welink.base]: x-alb-hit: req-hd-bl
04-14 14:46:48.528 16218 18272 D main-16218 [welink.base]: x-request-id: c768854e72dbe16693123139c130a682
04-14 14:46:48.528 16218 18272 D main-16218 [welink.base]: x-apig-err-code: 200
04-14 14:46:48.528 16218 18272 D main-16218 [welink.base]: alt-svc: h3=":443"; ma=2592000, h3-29=":443"; ma=2592000
04-14 14:46:48.528 16218 18272 D main-16218 [welink.base]: server: MAG
04-14 14:46:48.528 16218 18272 D main-16218 [welink.base]: alt-svc: h3=":443"; ma=2592000, h3-29=":443"; ma=2592000
04-14 14:46:48.529 16218 18272 I main-16218 [welink.base]: [RetrofitHttp] [method: doStartRequest] end, request = async request: uuid=e8f35c66-785e-4434-9b2b-fa7141de08b4, traceId=we-8354e77c-951e-41d0-b48a-d38b3145939f, url=https://w3m-beta.huawei.com/mcloud/mag/ProxyForText/iocbff_alpha/iocbusiness/welink/DirectBusCardConfig/1
04-14 14:46:48.529 16218 18110 I main-16218 [welink.base]: [RunnableWrapper] finish runnable: com.huawei.works.store.utils.WeTask$$ExternalSyntheticLambda0@c130c5a, thread=W#WeTask$$ExternalSyntheticLambda0_utils_store_works_huawei_com, WeLink is in foreground, cost time: 21
04-14 14:46:48.529 16218 16218 I main-16218 [welink.base]: [RunnableWrapper] start runnable: com.huawei.works.store.utils.WeTask$$ExternalSyntheticLambda1@4421d86, thread=main, WeLink is in foreground
04-14 14:46:48.529 16218 18272 I main-16218 [welink.base]: [ExhibitCardView] parseResult success
04-14 14:46:48.529 16218 16218 I main-16218 [welink.base]: [RunnableWrapper] finish runnable: com.huawei.works.store.utils.WeTask$$ExternalSyntheticLambda1@4421d86, thread=main, WeLink is in foreground, cost time: 0
04-14 14:46:48.530 16218 17592 I main-16218 [welink.store]: [WeCodeDataUtils] [getAllVisitApps] size: 3, cost: 22
04-14 14:46:48.530 16218 17592 I main-16218 [welink.base]: [RunnableWrapper] finish runnable: com.huawei.works.store.utils.WeTask$$ExternalSyntheticLambda0@20e4b68, thread=W#WeTask$$ExternalSyntheticLambda0_utils_store_works_huawei_com, WeLink is in foreground, cost time: 22
04-14 14:46:48.532 16218 16218 E main-16218 [welink.base]: [ExhibitCardView] [addButtonsFromData] start
04-14 14:46:48.532 16218 16218 W main-16218 [welink.base]: [ExhibitCardView] [addButtonsFromData] no button
04-14 14:46:48.533 16218 16218 I main-16218 [welink.base]: [RunnableWrapper] start runnable: com.huawei.works.store.utils.WeTask$$ExternalSyntheticLambda1@54d073f, thread=main, WeLink is in foreground
04-14 14:46:48.533 16218 16218 I main-16218 [welink.base]: [RunnableWrapper] finish runnable: com.huawei.works.store.utils.WeTask$$ExternalSyntheticLambda1@54d073f, thread=main, WeLink is in foreground, cost time: 0
04-14 14:46:48.535 16218 18272 I main-16218 [welink.base]: [RetrofitHttp] [method: doStartRequest] thread 16258 will send async request: uuid=ac765068-0875-4c81-ad28-8d94f9b5170a, traceId=we-06eff1c8-f2a0-4c4d-9c18-b9483b0a20e9, url=https://mcloud-uat.huawei.com/mcloud/mag/ProxyForText/cbg_ioc_service/queryWelinkCardInfo/1?curPage=1&pageSize=10
04-14 14:46:48.535  7444  7444 I bdoppoime: isPureMode: true
04-14 14:46:48.536 16218 18770 I AgentAndroid: [ScreenVisionSnapshotAnalyzer][capture_complete] activity=huawei.w3.MainActivity duration_ms=18 image=1080x2400
04-14 14:46:48.536 16218 18770 I AgentAndroid: [ScreenVisionSnapshotAnalyzer][capture_complete] activity=huawei.w3.MainActivity duration_ms=18 image=1080x2400
04-14 14:46:48.536 16218 17591 I main-16218 [welink.store]: [WeCodeDataUtils] [getAllVisitApps] size: 3, cost: 28
04-14 14:46:48.536 16218 18272 D main-16218 [welink.base]: [DeviceIdUtil] [method: getAndroidId] get android in
04-14 14:46:48.536 16218 18272 D main-16218 [welink.base]: [DeviceIdUtil] [method: getAndroidId] get android in
04-14 14:46:48.536 16218 17591 I main-16218 [welink.base]: [RunnableWrapper] finish runnable: com.huawei.works.store.utils.WeTask$$ExternalSyntheticLambda0@97bde8b, thread=W#WeTask$$ExternalSyntheticLambda0_utils_store_works_huawei_com, WeLink is in foreground, cost time: 28
04-14 14:46:48.537 16218 16218 I main-16218 [welink.base]: [RunnableWrapper] start runnable: com.huawei.works.store.utils.WeTask$$ExternalSyntheticLambda1@18f8b6a, thread=main, WeLink is in foreground
04-14 14:46:48.537 16218 16218 I main-16218 [welink.base]: [RunnableWrapper] finish runnable: com.huawei.works.store.utils.WeTask$$ExternalSyntheticLambda1@18f8b6a, thread=main, WeLink is in foreground, cost time: 0
04-14 14:46:48.540 16218 18127 I main-16218 [welink.store]: [WeCodeDataUtils] [getAllVisitApps] size: 3, cost: 32
04-14 14:46:48.540 16218 18127 I main-16218 [welink.base]: [RunnableWrapper] finish runnable: com.huawei.works.store.utils.WeTask$$ExternalSyntheticLambda0@57ffb81, thread=W#WeTask$$ExternalSyntheticLambda0_utils_store_works_huawei_com, WeLink is in foreground, cost time: 32
04-14 14:46:48.541 16218 16218 I main-16218 [welink.base]: [RunnableWrapper] start runnable: com.huawei.works.store.utils.WeTask$$ExternalSyntheticLambda1@3ded6e6, thread=main, WeLink is in foreground
04-14 14:46:48.541 16218 16218 I main-16218 [welink.base]: [RunnableWrapper] finish runnable: com.huawei.works.store.utils.WeTask$$ExternalSyntheticLambda1@3ded6e6, thread=main, WeLink is in foreground, cost time: 0
04-14 14:46:48.544 16218 18272 I main-16218 [welink.base]: [OkHttpInterceptorFactory] [getRequestBuilder] add ssoCookie, request=async request: uuid=ac765068-0875-4c81-ad28-8d94f9b5170a, traceId=we-06eff1c8-f2a0-4c4d-9c18-b9483b0a20e9, url=https://mcloud-uat.huawei.com/mcloud/mag/ProxyForText/cbg_ioc_service/queryWelinkCardInfo/1?curPage=1&pageSize=10 ,cookie=hwsso_login=V011lKS8UsnKq_apgEYdEe6LmLNCKqRulntKxq1IfHbgYVo3h_aMwKpdSGLZcJiBnfkhSokFCR_bxsdreZshoBuSoABjNswAWzGaUnXqk2qKAJPXkMcKLLftaM2_a0vga0iXTgx_aMh7RVlvtH6zxpIGC_bokmQGSv9hZRevFf_aVcYQwU_b_aTFwk5xG4BFOGfBzE1Z1HQBgcPd5H4YUeJXw_ax_b3EW_aRlqXodr9IeZUOprozkXkueDCCMROaZ2gY_aiRAPFnpLpTO4tj8AxwfovH7_aPMt3cTXFi1ga7qM0hHLHEtU6Bxz_bWUaemAZ1x_aLnASUeUUn2d_bX6vzUiWSJRcD8R3tiOL_bKzA_c_c; hwssot3=31661256453127; login_logFlag=in; login_sid=62-54-C9-39-EA-CB-35-F2-4E-B5-09-B5-C7-94-05-88-E7-20-5E-17-DE-DE-CA-85-76-E8-FE-5B-A0-F5-E7-F9-01-FA-1C-F3-CA-55-17-E5-71-88-77-CE-0A-58-41-73-BD-B0-89-4D-C4-54-80-37; login_uid=FB-44-49-00-C0-41-77-69-CC-26-30-B6-B4-48-AF-03; suid=FB-44-49-00-C0-41-77-69-CC-26-30-B6-B4-48-AF-03; x-wlk-Authorization=fe3e3199-d29f-1550-95ff-c5a116b6274e; hwssotinter3=31661256453127; SESSION=25c90624-2162-494a-978f-6d647f76e927; magot3=31661257416426; hwssotinter=55-53-21-18-6E-52-B3-29-82-DD-0D-DD-C4-2C-8E-F4; hwssot=55-53-21-18-6E-52-B3-29-82-DD-0D-DD-C4-2C-8E-F4
04-14 14:46:48.577 16218 18774 D PipelineManager: Start process bitmap
04-14 14:46:48.587 16218 18272 D main-16218 [welink.base]: [IPv6ConvertDns] ip address: mcloud-uat.huawei.com/122.9.169.247
04-14 14:46:48.587  3747  3770 D NetworkEvent: OplusNetworkEventCbProxy invoke.....onDnsEvent argslen:8
04-14 14:46:48.590   935  7380 E TetherController: property_get sys.radio.data.modem_share_flag return 0, 1!
04-14 14:46:48.590 16218 18549 I tflite  : Replacing 44 out of 46 node(s) with delegate (TfLiteXNNPackDelegate) node, yielding 3 partitions for the whole graph.
04-14 14:46:48.591 16218 18272 D TrafficStats: tagSocket(342) with statsTag=0xffffffff, statsUid=-1
04-14 14:46:48.597 16218 18278 D main-16218 [welink.base]: [OkHttpInterceptorFactory] [method: getResponse] send request: Request{method=GET, url=https://w3m-beta.huawei.com/mcloud/mag/ProxyForText/iocbff_alpha/iocbusiness/welink/welinkCardConfig/1, headers=[Content-Type:application/json, traceId:we-5cffff3f-ebdc-4633-8f6e-86e6698c2d49, lang:zh, uuid:250c04509497d03e, deviceId:250c04509497d03e, deviceName:OPPO_PEGM00_13, appName:WeLinkUat, buildCode:615, businessVersionCode:615, appVersion:20260401, osTarget:0, deviceType:0, networkType:wifi, User-Agent:WeLinkUat/20260401 (android; android33; PEGM00), Cookie:hwsso_login=V011lKS8UsnKq_apgEYdEe6LmLNCKqRulntKxq1IfHbgYVo3h_aMwKpdSGLZcJiBnfkhSokFCR_bxsdreZshoBuSoABjNswAWzGaUnXqk2qKAJPXkMcKLLftaM2_a0vga0iXTgx_aMh7RVlvtH6zxpIGC_bokmQGSv9hZRevFf_aVcYQwU_b_aTFwk5xG4BFOGfBzE1Z1HQBgcPd5H4YUeJXw_ax_b3EW_aRlqXodr9IeZUOprozkXkueDCCMROaZ2gY_aiRAPFnpLpTO4tj8AxwfovH7_aPMt3cTXFi1ga7qM0hHLHEtU6Bxz_bWUaemAZ1x_aLnASUeUUn2d_bX6vzUiWSJRcD8R3tiOL_bKzA_c_c; hwssot3=31661256453127; login_logFlag=in; login_sid=62-54-C9-39-EA-CB-35-F2-4E-B5-09-B5-C7-94-05-88-E7-20-5E-17-DE-DE-CA-85-76-E8-FE-5B-A0-F5-E7-F9-01-FA-1C-F3-CA-55-17-E5-71-88-77-CE-0A-58-41-73-BD-B0-89-4D-C4-54-80-37; login_uid=FB-44-49-00-C0-41-77-69-CC-26-30-B6-B4-48-AF-03; suid=FB-44-49-00-C0-41-77-69-CC-26-30-B6-B4-48-AF-03; x-wlk-Authorization=fe3e3199-d29f-1550-95ff-c5a116b6274e; hwssotinter3=31661256453127; SESSION=25c90624-2162-494a-978f-6d647f76e927; magot3=31661257406273; hwssotinter=55-53-21-18-6E-52-B3-29-BC-A0-22-A0-6C-E2-F2-BC; hwssot=55-53-21-18-6E-52-B3-29-BC-A0-22-A0-6C-E2-F2-BC], tags={class retrofit2.Invocation=com.huawei.works.cardview.mould.isales.service.ApiService.getExhibitData() [https://w3m-beta.huawei.com/mcloud/mag/ProxyForText/iocbff_alpha/iocbusiness/welink/welinkCardConfig/1], class com.huawei.it.w3m.core.http.OkHttpCallProxy=com.huawei.it.w3m.core.http.OkHttpCallProxy@6f3b22a, class java.lang.Object=we-5cffff3f-ebdc-4633-8f6e-86e6698c2d49}}
